Archive member included to satisfy reference by file (symbol)

app/libapp.a(main.c.obj)      (--whole-archive)
zephyr/libzephyr.a(heap.c.obj)
                              (--whole-archive)
zephyr/libzephyr.a(cbprintf_packaged.c.obj)
                              (--whole-archive)
zephyr/libzephyr.a(printk.c.obj)
                              (--whole-archive)
zephyr/libzephyr.a(sem.c.obj)
                              (--whole-archive)
zephyr/libzephyr.a(thread_entry.c.obj)
                              (--whole-archive)
zephyr/libzephyr.a(cbprintf_complete.c.obj)
                              (--whole-archive)
zephyr/libzephyr.a(assert.c.obj)
                              (--whole-archive)
zephyr/libzephyr.a(mpsc_pbuf.c.obj)
                              (--whole-archive)
zephyr/libzephyr.a(dec.c.obj)
                              (--whole-archive)
zephyr/libzephyr.a(hex.c.obj)
                              (--whole-archive)
zephyr/libzephyr.a(rb.c.obj)  (--whole-archive)
zephyr/libzephyr.a(timeutil.c.obj)
                              (--whole-archive)
zephyr/libzephyr.a(bitarray.c.obj)
                              (--whole-archive)
zephyr/libzephyr.a(onoff.c.obj)
                              (--whole-archive)
zephyr/libzephyr.a(notify.c.obj)
                              (--whole-archive)
zephyr/libzephyr.a(last_section_id.c.obj)
                              (--whole-archive)
zephyr/libzephyr.a(configs.c.obj)
                              (--whole-archive)
zephyr/libzephyr.a(ipc_service.c.obj)
                              (--whole-archive)
zephyr/libzephyr.a(ipc_rpmsg_static_vrings.c.obj)
                              (--whole-archive)
zephyr/libzephyr.a(ipc_rpmsg.c.obj)
                              (--whole-archive)
zephyr/libzephyr.a(ipc_static_vrings.c.obj)
                              (--whole-archive)
zephyr/libzephyr.a(log_core.c.obj)
                              (--whole-archive)
zephyr/libzephyr.a(log_mgmt.c.obj)
                              (--whole-archive)
zephyr/libzephyr.a(log_cache.c.obj)
                              (--whole-archive)
zephyr/libzephyr.a(log_msg.c.obj)
                              (--whole-archive)
zephyr/libzephyr.a(log_output.c.obj)
                              (--whole-archive)
zephyr/libzephyr.a(log_backend_uart.c.obj)
                              (--whole-archive)
zephyr/libzephyr.a(mem_attr.c.obj)
                              (--whole-archive)
zephyr/libzephyr.a(tracing_none.c.obj)
                              (--whole-archive)
zephyr/libzephyr.a(hrs.c.obj)
                              (--whole-archive)
zephyr/libzephyr.a(banner.c.obj)
                              (--whole-archive)
zephyr/libzephyr.a(hci_vs_sdc.c.obj)
                              (--whole-archive)
zephyr/libzephyr.a(host_extensions.c.obj)
                              (--whole-archive)
zephyr/libzephyr.a(flash_map_partition_manager.c.obj)
                              (--whole-archive)
zephyr/arch/common/libarch__common.a(sw_isr_common.c.obj)
                              (--whole-archive)
zephyr/arch/arch/arm/core/libarch__arm__core.a(fatal.c.obj)
                              (--whole-archive)
zephyr/arch/arch/arm/core/libarch__arm__core.a(nmi.c.obj)
                              (--whole-archive)
zephyr/arch/arch/arm/core/libarch__arm__core.a(nmi_on_reset.S.obj)
                              (--whole-archive)
zephyr/arch/arch/arm/core/libarch__arm__core.a(tls.c.obj)
                              (--whole-archive)
zephyr/arch/arch/arm/core/cortex_m/libarch__arm__core__cortex_m.a(exc_exit.c.obj)
                              (--whole-archive)
zephyr/arch/arch/arm/core/cortex_m/libarch__arm__core__cortex_m.a(fault.c.obj)
                              (--whole-archive)
zephyr/arch/arch/arm/core/cortex_m/libarch__arm__core__cortex_m.a(fault_s.S.obj)
                              (--whole-archive)
zephyr/arch/arch/arm/core/cortex_m/libarch__arm__core__cortex_m.a(fpu.c.obj)
                              (--whole-archive)
zephyr/arch/arch/arm/core/cortex_m/libarch__arm__core__cortex_m.a(reset.S.obj)
                              (--whole-archive)
zephyr/arch/arch/arm/core/cortex_m/libarch__arm__core__cortex_m.a(scb.c.obj)
                              (--whole-archive)
zephyr/arch/arch/arm/core/cortex_m/libarch__arm__core__cortex_m.a(thread_abort.c.obj)
                              (--whole-archive)
zephyr/arch/arch/arm/core/cortex_m/libarch__arm__core__cortex_m.a(vector_table.S.obj)
                              (--whole-archive)
zephyr/arch/arch/arm/core/cortex_m/libarch__arm__core__cortex_m.a(swap_helper.S.obj)
                              (--whole-archive)
zephyr/arch/arch/arm/core/cortex_m/libarch__arm__core__cortex_m.a(irq_manage.c.obj)
                              (--whole-archive)
zephyr/arch/arch/arm/core/cortex_m/libarch__arm__core__cortex_m.a(prep_c.c.obj)
                              (--whole-archive)
[...]
Memory Configuration

Name             Origin             Length             Attributes
FLASH            0x0000000000008000 0x00000000000f8000 xr
RAM              0x0000000020008000 0x0000000000068000 xw
IDT_LIST         0x00000000ffff7fff 0x0000000000008000 xw
*default*        0x0000000000000000 0xffffffffffffffff

Linker script and memory map

                0x00000000000158e8                vfprintf = __l_vfprintf
                0x0000000000000000                vfscanf = __l_vfscanf
LOAD zephyr/CMakeFiles/zephyr_pre0.dir/misc/empty_file.c.obj
LOAD zephyr/CMakeFiles/offsets.dir/./arch/arm/core/offsets/offsets.c.obj
LOAD tfm/api_ns/interface/lib/s_veneers.o
LOAD app/libapp.a
LOAD zephyr/libzephyr.a
LOAD zephyr/arch/common/libarch__common.a
LOAD zephyr/arch/arch/arm/core/libarch__arm__core.a
LOAD zephyr/arch/arch/arm/core/cortex_m/libarch__arm__core__cortex_m.a
LOAD zephyr/arch/arch/arm/core/cortex_m/cmse/libarch__arm__core__cortex_m__cmse.a
LOAD zephyr/arch/arch/arm/core/mpu/libarch__arm__core__mpu.a
LOAD zephyr/lib/libc/picolibc/liblib__libc__picolibc.a
LOAD zephyr/lib/libc/common/liblib__libc__common.a
LOAD zephyr/lib/net_buf/liblib__net_buf.a
LOAD zephyr/soc/soc/nrf5340/libsoc__nordic.a
LOAD zephyr/subsys/random/libsubsys__random.a
LOAD zephyr/subsys/bluetooth/common/libsubsys__bluetooth__common.a
LOAD zephyr/subsys/bluetooth/host/libsubsys__bluetooth__host.a
LOAD zephyr/drivers/adc/libdrivers__adc.a
LOAD zephyr/drivers/bluetooth/libdrivers__bluetooth.a
LOAD zephyr/drivers/clock_control/libdrivers__clock_control.a
LOAD zephyr/drivers/console/libdrivers__console.a
LOAD zephyr/drivers/entropy/libdrivers__entropy.a
LOAD zephyr/drivers/gpio/libdrivers__gpio.a
LOAD zephyr/drivers/mbox/libdrivers__mbox.a
LOAD zephyr/drivers/pinctrl/libdrivers__pinctrl.a
LOAD zephyr/drivers/serial/libdrivers__serial.a
LOAD zephyr/drivers/timer/libdrivers__timer.a
LOAD modules/nrf/subsys/nrf_security/src/zephyr/libmbedtls_zephyr.a
LOAD modules/nrf/modules/trusted-firmware-m/lib..__nrf__modules__trusted-firmware-m.a
LOAD modules/nrf/modules/trusted-firmware-m/libtfm_api_nrf.a
LOAD modules/trusted-firmware-m/libtfm_api.a
LOAD modules/hal_nordic/modules/hal_nordic/nrfx/libmodules__hal_nordic__nrfx.a
LOAD modules/libmetal/libmetal/lib/libmetal.a
LOAD modules/open-amp/open-amp/lib/libopen_amp.a
LOAD zephyr/kernel/libkernel.a
LOAD zephyr/arch/common/libisr_tables.a
LOAD modules/nrf/subsys/nrf_security/src/libmbedcrypto.a
LOAD modules/nrf/subsys/nrf_security/src/libmbedcrypto_base.a
LOAD modules/nrf/subsys/nrf_security/src/libnrf_security_utils.a
LOAD zephyr/kernel/libkernel.a
LOAD C:/ncs/SDKs/v3.0.1/nrfxlib/crypto/nrf_oberon/lib/cortex-m33/soft-float/liboberon_mbedtls_3.0.16.a
LOAD C:/ncs/SDKs/v3.0.1/nrfxlib/crypto/nrf_oberon/lib/cortex-m33/soft-float/liboberon_3.0.16.a
LOAD c:\ncs\toolchains\0b393f9e1b\opt\zephyr-sdk\arm-zephyr-eabi\bin\../lib/gcc/../../picolibc/arm-zephyr-eabi/lib/thumb/v8-m.main/nofp\libc.a
LOAD c:/ncs/toolchains/0b393f9e1b/opt/zephyr-sdk/arm-zephyr-eabi/bin/../lib/gcc/arm-zephyr-eabi/12.2.0/thumb/v8-m.main/nofp\libgcc.a
                0x0000000000000020                _region_min_align = 0x20

.rel.plt        0x0000000000008000        0x0
 *(SORT_BY_ALIGNMENT(.rel.plt))
                [!provide]                        PROVIDE (__rel_iplt_start = .)
 *(SORT_BY_ALIGNMENT(.rel.iplt))
 .rel.iplt      0x0000000000008000        0x0 app/libapp.a(main.c.obj)
                [!provide]                        PROVIDE (__rel_iplt_end = .)

.rela.plt       0x0000000000000000        0x0
 *(SORT_BY_ALIGNMENT(.rela.plt))
                [!provide]                        PROVIDE (__rela_iplt_start = .)
 *(SORT_BY_ALIGNMENT(.rela.iplt))
                [!provide]                        PROVIDE (__rela_iplt_end = .)

.rel.dyn
 *(SORT_BY_ALIGNMENT(.rel.*))

.rela.dyn
 *(SORT_BY_ALIGNMENT(.rela.*))

/DISCARD/
 *(SORT_BY_ALIGNMENT(.plt))

/DISCARD/
 *(SORT_BY_ALIGNMENT(.iplt))
                0x0000000000008000                __rom_region_start = 0x8000

rom_start       0x0000000000008000      0x154
                0x0000000000008000                __rom_start_address = .
 FILL mask 0x00
                0x0000000000008000                . = (. + (0x0 - (. - __rom_start_address)))
                0x0000000000008000                . = ALIGN (0x4)
                0x0000000000008000                . = ALIGN (0x80)
                0x0000000000008000                . = ALIGN (0x200)
                0x0000000000008000                _vector_start = .
 *(SORT_BY_ALIGNMENT(.exc_vector_table))
 *(SORT_BY_ALIGNMENT(.exc_vector_table.*))
 .exc_vector_table._vector_table_section
                0x0000000000008000       0x40 zephyr/arch/arch/arm/core/cortex_m/libarch__arm__core__cortex_m.a(vector_table.S.obj)
                0x0000000000008000                _vector_table
 *(SORT_BY_ALIGNMENT(.vectors))
                0x0000000000008154                _vector_end = .
                0x0000000000008040                . = ALIGN (0x4)
 *(SORT_BY_ALIGNMENT(.gnu.linkonce.irq_vector_table*))
 .gnu.linkonce.irq_vector_table
                0x0000000000008040      0x114 zephyr/arch/common/libisr_tables.a(isr_tables.c.obj)
                0x0000000000008040                _irq_vector_table
                0x0000000000008154                _vector_end = .

text            0x0000000000008154    0x125a4
                0x0000000000008154                __text_region_start = .
 *(SORT_BY_ALIGNMENT(.text))
 .text          0x0000000000008154       0x30 c:/ncs/toolchains/0b393f9e1b/opt/zephyr-sdk/arm-zephyr-eabi/bin/../lib/gcc/arm-zephyr-eabi/12.2.0/thumb/v8-m.main/nofp\libgcc.a(_aeabi_uldivmod.o)
                0x0000000000008154                __aeabi_uldivmod
 .text          0x0000000000008184        0x4 c:/ncs/toolchains/0b393f9e1b/opt/zephyr-sdk/arm-zephyr-eabi/bin/../lib/gcc/arm-zephyr-eabi/12.2.0/thumb/v8-m.main/nofp\libgcc.a(_dvmd_tls.o)
                0x0000000000008184                __aeabi_idiv0
                0x0000000000008184                __aeabi_ldiv0
 .text          0x0000000000008188       0x14 c:\ncs\toolchains\0b393f9e1b\opt\zephyr-sdk\arm-zephyr-eabi\bin\../lib/gcc/../../picolibc/arm-zephyr-eabi/lib/thumb/v8-m.main/nofp\libc.a(strcmp.S.o)
                0x0000000000008188                strcmp
 .text          0x000000000000819c       0x10 c:\ncs\toolchains\0b393f9e1b\opt\zephyr-sdk\arm-zephyr-eabi\bin\../lib/gcc/../../picolibc/arm-zephyr-eabi/lib/thumb/v8-m.main/nofp\libc.a(strcpy.S.o)
                0x000000000000819c                strcpy
 .text          0x00000000000081ac       0x10 c:\ncs\toolchains\0b393f9e1b\opt\zephyr-sdk\arm-zephyr-eabi\bin\../lib/gcc/../../picolibc/arm-zephyr-eabi/lib/thumb/v8-m.main/nofp\libc.a(strlen.S.o)
                0x00000000000081ac                strlen
 .text          0x00000000000081bc      0x29c c:/ncs/toolchains/0b393f9e1b/opt/zephyr-sdk/arm-zephyr-eabi/bin/../lib/gcc/arm-zephyr-eabi/12.2.0/thumb/v8-m.main/nofp\libgcc.a(_udivmoddi4.o)
                0x00000000000081bc                __udivmoddi4
 *(SORT_BY_ALIGNMENT(.text.*))
 .text.disconnected
                0x0000000000008458       0x14 app/libapp.a(main.c.obj)
 .text.connected.part.0
                0x000000000000846c       0x14 app/libapp.a(main.c.obj)
 .text.connected
                0x0000000000008480       0x1c app/libapp.a(main.c.obj)
 .text.main     0x000000000000849c      0x154 app/libapp.a(main.c.obj)
                0x000000000000849c                main
 .text.cbvprintf_package
                0x00000000000085f0      0x3a4 zephyr/libzephyr.a(cbprintf_packaged.c.obj)
                0x00000000000085f0                cbvprintf_package
 .text.cbprintf_package_convert
                0x0000000000008994      0x3cc zephyr/libzephyr.a(cbprintf_packaged.c.obj)
                0x0000000000008994                cbprintf_package_convert
 .text.__printk_hook_install
                0x0000000000008d60        0xc zephyr/libzephyr.a(printk.c.obj)
                0x0000000000008d60                __printk_hook_install
 .text.z_thread_entry
                0x0000000000008d6c       0x34 zephyr/libzephyr.a(thread_entry.c.obj)
                0x0000000000008d6c                z_thread_entry
 .text.process_event
                0x0000000000008da0      0x21c zephyr/libzephyr.a(onoff.c.obj)
 .text.ipc_service_open_instance
                0x0000000000008fbc       0x40 zephyr/libzephyr.a(ipc_service.c.obj)
                0x0000000000008fbc                ipc_service_open_instance
 .text.ipc_service_close_instance
                0x0000000000008ffc       0x40 zephyr/libzephyr.a(ipc_service.c.obj)
                0x0000000000008ffc                ipc_service_close_instance
 .text.ipc_service_register_endpoint
                0x000000000000903c       0x44 zephyr/libzephyr.a(ipc_service.c.obj)
                0x000000000000903c                ipc_service_register_endpoint
 .text.ipc_service_deregister_endpoint
                0x0000000000009080       0x58 zephyr/libzephyr.a(ipc_service.c.obj)
                0x0000000000009080                ipc_service_deregister_endpoint
 .text.ipc_service_send
                0x00000000000090d8       0x5c zephyr/libzephyr.a(ipc_service.c.obj)
                0x00000000000090d8                ipc_service_send
 .text.shared_memory_prepare
                0x0000000000009134       0x14 zephyr/libzephyr.a(ipc_rpmsg_static_vrings.c.obj)
 .text.advertise_ept
                0x0000000000009148       0x44 zephyr/libzephyr.a(ipc_rpmsg_static_vrings.c.obj)
 .text.get_ept  0x000000000000918c       0x28 zephyr/libzephyr.a(ipc_rpmsg_static_vrings.c.obj)
 .text.open     0x00000000000091b4      0x1b0 zephyr/libzephyr.a(ipc_rpmsg_static_vrings.c.obj)
 .text.bound_cb
                0x0000000000009364       0x30 zephyr/libzephyr.a(ipc_rpmsg_static_vrings.c.obj)
 .text.send     0x0000000000009394       0x4c zephyr/libzephyr.a(ipc_rpmsg_static_vrings.c.obj)
 .text.register_ept
                0x00000000000093e0       0xec zephyr/libzephyr.a(ipc_rpmsg_static_vrings.c.obj)
 .text.deregister_ept
                0x00000000000094cc       0x44 zephyr/libzephyr.a(ipc_rpmsg_static_vrings.c.obj)
 .text.ns_bind_cb
                0x0000000000009510       0x6c zephyr/libzephyr.a(ipc_rpmsg.c.obj)
 .text.ipc_rpmsg_register_ept
                0x000000000000957c       0x3c zephyr/libzephyr.a(ipc_rpmsg.c.obj)
                0x000000000000957c                ipc_rpmsg_register_ept
 .text.ipc_rpmsg_init
                0x00000000000095b8       0x70 zephyr/libzephyr.a(ipc_rpmsg.c.obj)
                0x00000000000095b8                ipc_rpmsg_init
 .text.ipc_static_vrings_init
                0x0000000000009628       0xbc zephyr/libzephyr.a(ipc_static_vrings.c.obj)
                0x0000000000009628                ipc_static_vrings_init
 .text.activate_foreach_backend
                0x00000000000096e4       0x64 zephyr/libzephyr.a(log_core.c.obj)
 .text.enable_logger
                0x0000000000009748       0x5c zephyr/libzephyr.a(log_core.c.obj)
 .text.log_process_thread_timer_expiry_fn
                0x00000000000097a4        0xc zephyr/libzephyr.a(log_core.c.obj)
 .text.z_log_init
                0x00000000000097b0       0x90 zephyr/libzephyr.a(log_core.c.obj)
 .text.log_format_func_t_get
                0x0000000000009840        0xc zephyr/libzephyr.a(log_core.c.obj)
                0x0000000000009840                log_format_func_t_get
 .text.log_set_timestamp_func
                0x000000000000984c       0x20 zephyr/libzephyr.a(log_core.c.obj)
                0x000000000000984c                log_set_timestamp_func
 .text.z_log_notify_backend_enabled
                0x000000000000986c       0x1c zephyr/libzephyr.a(log_core.c.obj)
                0x000000000000986c                z_log_notify_backend_enabled
 .text.z_log_dropped
                0x0000000000009888       0x3c zephyr/libzephyr.a(log_core.c.obj)
                0x0000000000009888                z_log_dropped
 .text.z_log_dropped_read_and_clear
                0x00000000000098c4       0x18 zephyr/libzephyr.a(log_core.c.obj)
                0x00000000000098c4                z_log_dropped_read_and_clear
 .text.dropped_notify
                0x00000000000098dc       0x30 zephyr/libzephyr.a(log_core.c.obj)
                0x00000000000098dc                dropped_notify
 .text.z_log_msg_init
                0x000000000000990c       0x20 zephyr/libzephyr.a(log_core.c.obj)
                0x000000000000990c                z_log_msg_init
 .text.log_core_init
                0x000000000000992c       0x34 zephyr/libzephyr.a(log_core.c.obj)
                0x000000000000992c                log_core_init
 .text.z_log_msg_alloc
                0x0000000000009960       0x10 zephyr/libzephyr.a(log_core.c.obj)
                0x0000000000009960                z_log_msg_alloc
 .text.z_log_msg_local_claim
                0x0000000000009970        0xc zephyr/libzephyr.a(log_core.c.obj)
                0x0000000000009970                z_log_msg_local_claim
 .text.z_log_msg_free
                0x000000000000997c       0x10 zephyr/libzephyr.a(log_core.c.obj)
                0x000000000000997c                z_log_msg_free
 .text.z_log_msg_pending
                0x000000000000998c        0xc zephyr/libzephyr.a(log_core.c.obj)
                0x000000000000998c                z_log_msg_pending
 .text.z_impl_log_process
                0x0000000000009998       0xb4 zephyr/libzephyr.a(log_core.c.obj)
                0x0000000000009998                z_impl_log_process
 .text.z_impl_log_panic
                0x0000000000009a4c       0x44 zephyr/libzephyr.a(log_core.c.obj)
                0x0000000000009a4c                z_impl_log_panic
 .text.log_process_thread_func
                0x0000000000009a90       0xa4 zephyr/libzephyr.a(log_core.c.obj)
 .text.z_log_msg_post_finalize
                0x0000000000009b34       0x78 zephyr/libzephyr.a(log_core.c.obj)
 .text.z_log_msg_commit
                0x0000000000009bac       0x24 zephyr/libzephyr.a(log_core.c.obj)
                0x0000000000009bac                z_log_msg_commit
 .text.log_source_name_get
                0x0000000000009bd0       0x1c zephyr/libzephyr.a(log_mgmt.c.obj)
                0x0000000000009bd0                log_source_name_get
 .text.log_backend_enable
                0x0000000000009bec       0x28 zephyr/libzephyr.a(log_mgmt.c.obj)
                0x0000000000009bec                log_backend_enable
 .text.z_impl_z_log_msg_static_create
                0x0000000000009c14      0x108 zephyr/libzephyr.a(log_msg.c.obj)
                0x0000000000009c14                z_impl_z_log_msg_static_create
 .text.z_log_msg_runtime_vcreate
                0x0000000000009d1c       0xa0 zephyr/libzephyr.a(log_msg.c.obj)
                0x0000000000009d1c                z_log_msg_runtime_vcreate
 .text.log_msg_get_source_id
                0x0000000000009dbc       0x18 zephyr/libzephyr.a(log_msg.c.obj)
                0x0000000000009dbc                log_msg_get_source_id
 .text.print_formatted
                0x0000000000009dd4       0x24 zephyr/libzephyr.a(log_output.c.obj)
 .text.newline_print
                0x0000000000009df8       0x1c zephyr/libzephyr.a(log_output.c.obj)
 .text.log_output_process
                0x0000000000009e14      0x2d4 zephyr/libzephyr.a(log_output.c.obj)
                0x0000000000009e14                log_output_process
 .text.log_output_dropped_process
                0x000000000000a0e8       0x58 zephyr/libzephyr.a(log_output.c.obj)
                0x000000000000a0e8                log_output_dropped_process
 .text.log_output_timestamp_freq_set
                0x000000000000a140       0x2c zephyr/libzephyr.a(log_output.c.obj)
                0x000000000000a140                log_output_timestamp_freq_set
 .text.char_out
                0x000000000000a16c       0x24 zephyr/libzephyr.a(log_backend_uart.c.obj)
 .text.mem_attr_get_regions
                0x000000000000a190        0xc zephyr/libzephyr.a(mem_attr.c.obj)
                0x000000000000a190                mem_attr_get_regions
 .text.hrs_init
                0x000000000000a19c       0x10 zephyr/libzephyr.a(hrs.c.obj)
 .text.read_blsc
                0x000000000000a1ac       0x1c zephyr/libzephyr.a(hrs.c.obj)
 .text.hrmc_ccc_cfg_changed
                0x000000000000a1c8       0x6c zephyr/libzephyr.a(hrs.c.obj)
 .text.ctrl_point_write
                0x000000000000a234       0x54 zephyr/libzephyr.a(hrs.c.obj)
 .text.bt_hrs_notify
                0x000000000000a288       0x40 zephyr/libzephyr.a(hrs.c.obj)
                0x000000000000a288                bt_hrs_notify
 .text.boot_banner
                0x000000000000a2c8       0x1c zephyr/libzephyr.a(banner.c.obj)
                0x000000000000a2c8                boot_banner
 .text.z_arm_fatal_error
                0x000000000000a2e4       0xb8 zephyr/arch/arch/arm/core/libarch__arm__core.a(fatal.c.obj)
                0x000000000000a2e4                z_arm_fatal_error
 .text.z_SysNmiOnReset
                0x000000000000a39c        0x8 zephyr/arch/arch/arm/core/libarch__arm__core.a(nmi_on_reset.S.obj)
                0x000000000000a39c                z_SysNmiOnReset
 .text.arch_tls_stack_setup
                0x000000000000a3a4       0x40 zephyr/arch/arch/arm/core/libarch__arm__core.a(tls.c.obj)
                0x000000000000a3a4                arch_tls_stack_setup
 .text._HandlerModeExit
                0x000000000000a3e4       0x28 zephyr/arch/arch/arm/core/cortex_m/libarch__arm__core__cortex_m.a(exc_exit.c.obj)
                0x000000000000a3e4                z_arm_int_exit
                0x000000000000a3e4                z_arm_exc_exit
 .text.mem_manage_fault.constprop.0
                0x000000000000a40c       0xd0 zephyr/arch/arch/arm/core/cortex_m/libarch__arm__core__cortex_m.a(fault.c.obj)
 .text.usage_fault.constprop.0
                0x000000000000a4dc       0xbc zephyr/arch/arch/arm/core/cortex_m/libarch__arm__core__cortex_m.a(fault.c.obj)
 .text.bus_fault.constprop.0
                0x000000000000a598       0xd0 zephyr/arch/arch/arm/core/cortex_m/libarch__arm__core__cortex_m.a(fault.c.obj)
 .text.z_arm_fault
                0x000000000000a668      0x1e0 zephyr/arch/arch/arm/core/cortex_m/libarch__arm__core__cortex_m.a(fault.c.obj)
                0x000000000000a668                z_arm_fault
 .text.z_arm_fault_init
                0x000000000000a848       0x20 zephyr/arch/arch/arm/core/cortex_m/libarch__arm__core__cortex_m.a(fault.c.obj)
                0x000000000000a848                z_arm_fault_init
 .text.__fault  0x000000000000a868       0x14 zephyr/arch/arch/arm/core/cortex_m/libarch__arm__core__cortex_m.a(fault_s.S.obj)
                0x000000000000a868                z_arm_usage_fault
                0x000000000000a868                z_arm_mpu_fault
                0x000000000000a868                z_arm_exc_spurious
                0x000000000000a868                z_arm_debug_monitor
                0x000000000000a868                z_arm_hard_fault
                0x000000000000a868                z_arm_bus_fault
 .text._reset_section
                0x000000000000a87c       0x60 zephyr/arch/arch/arm/core/cortex_m/libarch__arm__core__cortex_m.a(reset.S.obj)
                0x000000000000a87c                __start
                0x000000000000a87c                z_arm_reset
 .text.z_arm_clear_arm_mpu_config
                0x000000000000a8dc       0x24 zephyr/arch/arch/arm/core/cortex_m/libarch__arm__core__cortex_m.a(scb.c.obj)
                0x000000000000a8dc                z_arm_clear_arm_mpu_config
 .text.z_arm_init_arch_hw_at_boot
                0x000000000000a900       0x4c zephyr/arch/arch/arm/core/cortex_m/libarch__arm__core__cortex_m.a(scb.c.obj)
                0x000000000000a900                z_arm_init_arch_hw_at_boot
 .text.z_impl_k_thread_abort
                0x000000000000a94c       0x2c zephyr/arch/arch/arm/core/cortex_m/libarch__arm__core__cortex_m.a(thread_abort.c.obj)
                0x000000000000a94c                z_impl_k_thread_abort
 .text.z_arm_pendsv
                0x000000000000a978       0x70 zephyr/arch/arch/arm/core/cortex_m/libarch__arm__core__cortex_m.a(swap_helper.S.obj)
                0x000000000000a978                z_arm_pendsv
 .text.z_arm_svc
                0x000000000000a9e8       0x24 zephyr/arch/arch/arm/core/cortex_m/libarch__arm__core__cortex_m.a(swap_helper.S.obj)
                0x000000000000a9e8                z_arm_svc
 .text.arch_irq_enable
                0x000000000000aa0c       0x1c zephyr/arch/arch/arm/core/cortex_m/libarch__arm__core__cortex_m.a(irq_manage.c.obj)
                0x000000000000aa0c                arch_irq_enable
 .text.arch_irq_disable
                0x000000000000aa28       0x28 zephyr/arch/arch/arm/core/cortex_m/libarch__arm__core__cortex_m.a(irq_manage.c.obj)
                0x000000000000aa28                arch_irq_disable
 .text.arch_irq_is_enabled
                0x000000000000aa50       0x1c zephyr/arch/arch/arm/core/cortex_m/libarch__arm__core__cortex_m.a(irq_manage.c.obj)
                0x000000000000aa50                arch_irq_is_enabled
 .text.z_arm_irq_priority_set
                0x000000000000aa6c       0x2c zephyr/arch/arch/arm/core/cortex_m/libarch__arm__core__cortex_m.a(irq_manage.c.obj)
                0x000000000000aa6c                z_arm_irq_priority_set
 .text.z_prep_c
                0x000000000000aa98       0x38 zephyr/arch/arch/arm/core/cortex_m/libarch__arm__core__cortex_m.a(prep_c.c.obj)
                0x000000000000aa98                z_prep_c
 .text.arch_new_thread
                0x000000000000aad0       0x40 zephyr/arch/arch/arm/core/cortex_m/libarch__arm__core__cortex_m.a(thread.c.obj)
                0x000000000000aad0                arch_new_thread
 .text.arch_switch_to_main_thread
                0x000000000000ab10       0x40 zephyr/arch/arch/arm/core/cortex_m/libarch__arm__core__cortex_m.a(thread.c.obj)
                0x000000000000ab10                arch_switch_to_main_thread
 .text.z_arm_cpu_idle_init
                0x000000000000ab50        0xc zephyr/arch/arch/arm/core/cortex_m/libarch__arm__core__cortex_m.a(cpu_idle.c.obj)
                0x000000000000ab50                z_arm_cpu_idle_init
 .text.z_arm_interrupt_init
                0x000000000000ab5c       0x18 zephyr/arch/arch/arm/core/cortex_m/libarch__arm__core__cortex_m.a(irq_init.c.obj)
                0x000000000000ab5c                z_arm_interrupt_init
 .text._isr_wrapper
                0x000000000000ab74       0x24 zephyr/arch/arch/arm/core/cortex_m/libarch__arm__core__cortex_m.a(isr_wrapper.c.obj)
                0x000000000000ab74                _isr_wrapper
 .text.z_arm_configure_static_mpu_regions
                0x000000000000ab98       0x38 zephyr/arch/arch/arm/core/mpu/libarch__arm__core__mpu.a(arm_core_mpu.c.obj)
                0x000000000000ab98                z_arm_configure_static_mpu_regions
 .text.region_init
                0x000000000000abd0       0x34 zephyr/arch/arch/arm/core/mpu/libarch__arm__core__mpu.a(arm_mpu.c.obj)
 .text.region_allocate_and_init
                0x000000000000ac04       0x38 zephyr/arch/arch/arm/core/mpu/libarch__arm__core__mpu.a(arm_mpu.c.obj)
 .text.mpu_configure_regions_and_partition.constprop.0
                0x000000000000ac3c      0x164 zephyr/arch/arch/arm/core/mpu/libarch__arm__core__mpu.a(arm_mpu.c.obj)
 .text.arm_core_mpu_enable
                0x000000000000ada0       0x18 zephyr/arch/arch/arm/core/mpu/libarch__arm__core__mpu.a(arm_mpu.c.obj)
                0x000000000000ada0                arm_core_mpu_enable
 .text.arm_core_mpu_disable
                0x000000000000adb8       0x14 zephyr/arch/arch/arm/core/mpu/libarch__arm__core__mpu.a(arm_mpu.c.obj)
                0x000000000000adb8                arm_core_mpu_disable
 .text.arm_core_mpu_configure_static_mpu_regions
                0x000000000000adcc       0x14 zephyr/arch/arch/arm/core/mpu/libarch__arm__core__mpu.a(arm_mpu.c.obj)
                0x000000000000adcc                arm_core_mpu_configure_static_mpu_regions
 .text.arm_core_mpu_mark_areas_for_dynamic_regions
                0x000000000000ade0       0xb8 zephyr/arch/arch/arm/core/mpu/libarch__arm__core__mpu.a(arm_mpu.c.obj)
                0x000000000000ade0                arm_core_mpu_mark_areas_for_dynamic_regions
 .text.z_arm_mpu_init
                0x000000000000ae98      0x11c zephyr/arch/arch/arm/core/mpu/libarch__arm__core__mpu.a(arm_mpu.c.obj)
                0x000000000000ae98                z_arm_mpu_init
 .text.cbvprintf
                0x000000000000afb4       0x38 zephyr/lib/libc/picolibc/liblib__libc__picolibc.a(cbprintf.c.obj)
                0x000000000000afb4                cbvprintf
 .text._exit    0x000000000000afec       0x10 zephyr/lib/libc/picolibc/liblib__libc__picolibc.a(exit.c.obj)
                0x000000000000afec                _exit
 .text.z_impl_zephyr_fputc
                0x000000000000affc       0x10 zephyr/lib/libc/picolibc/liblib__libc__picolibc.a(stdio.c.obj)
                0x000000000000affc                z_impl_zephyr_fputc
 .text.__stdout_hook_install
                0x000000000000b00c       0x18 zephyr/lib/libc/picolibc/liblib__libc__picolibc.a(stdio.c.obj)
                0x000000000000b00c                __stdout_hook_install
 .text.malloc_prepare
                0x000000000000b024       0x24 zephyr/lib/libc/common/liblib__libc__common.a(malloc.c.obj)
 .text.net_buf_destroy
                0x000000000000b048       0x38 zephyr/lib/net_buf/liblib__net_buf.a(buf.c.obj)
 .text.net_buf_pool_get
                0x000000000000b080       0x10 zephyr/lib/net_buf/liblib__net_buf.a(buf.c.obj)
                0x000000000000b080                net_buf_pool_get
 .text.net_buf_id
                0x000000000000b090       0x20 zephyr/lib/net_buf/liblib__net_buf.a(buf.c.obj)
                0x000000000000b090                net_buf_id
 .text.fixed_data_alloc
                0x000000000000b0b0       0x24 zephyr/lib/net_buf/liblib__net_buf.a(buf.c.obj)
 .text.net_buf_alloc_len
                0x000000000000b0d4       0xfc zephyr/lib/net_buf/liblib__net_buf.a(buf.c.obj)
                0x000000000000b0d4                net_buf_alloc_len
 .text.net_buf_unref
                0x000000000000b1d0       0x38 zephyr/lib/net_buf/liblib__net_buf.a(buf.c.obj)
                0x000000000000b1d0                net_buf_unref
 .text.rtc_pretick_init
                0x000000000000b208       0x60 zephyr/soc/soc/nrf5340/libsoc__nordic.a(soc.c.obj)
 .text.z_arm_on_enter_cpu_idle
                0x000000000000b268       0x68 zephyr/soc/soc/nrf5340/libsoc__nordic.a(soc.c.obj)
                0x000000000000b268                z_arm_on_enter_cpu_idle
 .text.arch_busy_wait
                0x000000000000b2d0       0x24 zephyr/soc/soc/nrf5340/libsoc__nordic.a(soc.c.obj)
                0x000000000000b2d0                arch_busy_wait
 .text.onoff_stop
                0x000000000000b2f4       0x14 zephyr/soc/soc/nrf5340/libsoc__nordic.a(nrf53_cpunet_mgmt.c.obj)
 .text.nrf53_cpunet_mgmt_init
                0x000000000000b308       0x10 zephyr/soc/soc/nrf5340/libsoc__nordic.a(nrf53_cpunet_mgmt.c.obj)
 .text.onoff_start
                0x000000000000b318       0x70 zephyr/soc/soc/nrf5340/libsoc__nordic.a(nrf53_cpunet_mgmt.c.obj)
 .text.nrf53_cpunet_enable
                0x000000000000b388       0x34 zephyr/soc/soc/nrf5340/libsoc__nordic.a(nrf53_cpunet_mgmt.c.obj)
                0x000000000000b388                nrf53_cpunet_enable
 .text.xoshiro128_initialize
                0x000000000000b3bc       0x18 zephyr/subsys/random/libsubsys__random.a(random_xoshiro128.c.obj)
 .text.bt_hex   0x000000000000b3d4       0x44 zephyr/subsys/bluetooth/common/libsubsys__bluetooth__common.a(bt_str.c.obj)
                0x000000000000b3d4                bt_hex
 .text.bt_addr_le_str
                0x000000000000b418       0x7c zephyr/subsys/bluetooth/common/libsubsys__bluetooth__common.a(bt_str.c.obj)
                0x000000000000b418                bt_addr_le_str
 .text.long_wq_init
                0x000000000000b494       0x38 zephyr/subsys/bluetooth/host/libsubsys__bluetooth__host.a(long_wq.c.obj)
 .text.bt_long_wq_schedule
                0x000000000000b4cc        0xc zephyr/subsys/bluetooth/host/libsubsys__bluetooth__host.a(long_wq.c.obj)
                0x000000000000b4cc                bt_long_wq_schedule
 .text.uuid_to_uuid128
                0x000000000000b4d8       0x78 zephyr/subsys/bluetooth/host/libsubsys__bluetooth__host.a(uuid.c.obj)
 .text.buf_rx_freed_notify
                0x000000000000b550       0x20 zephyr/subsys/bluetooth/host/libsubsys__bluetooth__host.a(buf.c.obj)
 .text.bt_buf_get_rx
                0x000000000000b570       0x2c zephyr/subsys/bluetooth/host/libsubsys__bluetooth__host.a(buf.c.obj)
                0x000000000000b570                bt_buf_get_rx
 .text.bt_buf_get_evt
                0x000000000000b59c       0x40 zephyr/subsys/bluetooth/host/libsubsys__bluetooth__host.a(buf.c.obj)
                0x000000000000b59c                bt_buf_get_evt
 .text.hci_data_buf_overflow
                0x000000000000b5dc       0x18 zephyr/subsys/bluetooth/host/libsubsys__bluetooth__host.a(hci_core.c.obj)
 .text.hci_disconn_complete_prio
                0x000000000000b5f4       0x4c zephyr/subsys/bluetooth/host/libsubsys__bluetooth__host.a(hci_core.c.obj)
 .text.hci_disconn_complete
                0x000000000000b640       0x44 zephyr/subsys/bluetooth/host/libsubsys__bluetooth__host.a(hci_core.c.obj)
 .text.le_phy_update_complete
                0x000000000000b684       0x34 zephyr/subsys/bluetooth/host/libsubsys__bluetooth__host.a(hci_core.c.obj)
 .text.hci_hardware_error
                0x000000000000b6b8       0x24 zephyr/subsys/bluetooth/host/libsubsys__bluetooth__host.a(hci_core.c.obj)
 .text.rx_queue_put
                0x000000000000b6dc       0x3c zephyr/subsys/bluetooth/host/libsubsys__bluetooth__host.a(hci_core.c.obj)
 .text.find_pending_connect.part.0
                0x000000000000b718       0x2c zephyr/subsys/bluetooth/host/libsubsys__bluetooth__host.a(hci_core.c.obj)
 .text.le_conn_param_neg_reply.part.0
                0x000000000000b744       0x14 zephyr/subsys/bluetooth/host/libsubsys__bluetooth__host.a(hci_core.c.obj)
 .text.handle_event.part.0
                0x000000000000b758       0x48 zephyr/subsys/bluetooth/host/libsubsys__bluetooth__host.a(hci_core.c.obj)
 .text.le_remote_feat_complete
                0x000000000000b7a0       0x54 zephyr/subsys/bluetooth/host/libsubsys__bluetooth__host.a(hci_core.c.obj)
 .text.enh_conn_complete_error_handle
                0x000000000000b7f4       0x80 zephyr/subsys/bluetooth/host/libsubsys__bluetooth__host.a(hci_core.c.obj)
 .text.handle_event_common
                0x000000000000b874       0x50 zephyr/subsys/bluetooth/host/libsubsys__bluetooth__host.a(hci_core.c.obj)
 .text.rx_work_handler
                0x000000000000b8c4      0x134 zephyr/subsys/bluetooth/host/libsubsys__bluetooth__host.a(hci_core.c.obj)
 .text.hci_le_meta_event
                0x000000000000b9f8       0x20 zephyr/subsys/bluetooth/host/libsubsys__bluetooth__host.a(hci_core.c.obj)
 .text.hci_vendor_event
                0x000000000000ba18       0x68 zephyr/subsys/bluetooth/host/libsubsys__bluetooth__host.a(hci_core.c.obj)
 .text.hci_cmd_done.part.0
                0x000000000000ba80      0x138 zephyr/subsys/bluetooth/host/libsubsys__bluetooth__host.a(hci_core.c.obj)
 .text.hci_num_completed_packets
                0x000000000000bbb8       0xec zephyr/subsys/bluetooth/host/libsubsys__bluetooth__host.a(hci_core.c.obj)
 .text.le_conn_update_complete
                0x000000000000bca4      0x118 zephyr/subsys/bluetooth/host/libsubsys__bluetooth__host.a(hci_core.c.obj)
 .text.hci_reset_complete
                0x000000000000bdbc       0x1c zephyr/subsys/bluetooth/host/libsubsys__bluetooth__host.a(hci_core.c.obj)
 .text.bt_hci_cmd_state_set_init
                0x000000000000bdd8       0x24 zephyr/subsys/bluetooth/host/libsubsys__bluetooth__host.a(hci_core.c.obj)
                0x000000000000bdd8                bt_hci_cmd_state_set_init
 .text.bt_hci_cmd_create
                0x000000000000bdfc       0x78 zephyr/subsys/bluetooth/host/libsubsys__bluetooth__host.a(hci_core.c.obj)
                0x000000000000bdfc                bt_hci_cmd_create
 .text.bt_hci_get_ver_str
                0x000000000000be74       0x3c zephyr/subsys/bluetooth/host/libsubsys__bluetooth__host.a(hci_core.c.obj)
                0x000000000000be74                bt_hci_get_ver_str
 .text.bt_send  0x000000000000beb0       0x14 zephyr/subsys/bluetooth/host/libsubsys__bluetooth__host.a(hci_core.c.obj)
                0x000000000000beb0                bt_send
 .text.hci_event_prio
                0x000000000000bec4       0xa0 zephyr/subsys/bluetooth/host/libsubsys__bluetooth__host.a(hci_core.c.obj)
                0x000000000000bec4                hci_event_prio
 .text.bt_hci_recv
                0x000000000000bf64       0x5c zephyr/subsys/bluetooth/host/libsubsys__bluetooth__host.a(hci_core.c.obj)
                0x000000000000bf64                bt_hci_recv
 .text.bt_finalize_init
                0x000000000000bfc0      0x134 zephyr/subsys/bluetooth/host/libsubsys__bluetooth__host.a(hci_core.c.obj)
                0x000000000000bfc0                bt_finalize_init
 .text.bt_get_name
                0x000000000000c0f4        0x8 zephyr/subsys/bluetooth/host/libsubsys__bluetooth__host.a(hci_core.c.obj)
                0x000000000000c0f4                bt_get_name
 .text.bt_tx_irq_raise
                0x000000000000c0fc        0xc zephyr/subsys/bluetooth/host/libsubsys__bluetooth__host.a(hci_core.c.obj)
                0x000000000000c0fc                bt_tx_irq_raise
 .text.bt_hci_cmd_send
                0x000000000000c108       0x5c zephyr/subsys/bluetooth/host/libsubsys__bluetooth__host.a(hci_core.c.obj)
                0x000000000000c108                bt_hci_cmd_send
 .text.bt_send_one_host_num_completed_packets
                0x000000000000c164       0xa0 zephyr/subsys/bluetooth/host/libsubsys__bluetooth__host.a(hci_core.c.obj)
                0x000000000000c164                bt_send_one_host_num_completed_packets
 .text.bt_hci_host_num_completed_packets
                0x000000000000c204       0x98 zephyr/subsys/bluetooth/host/libsubsys__bluetooth__host.a(hci_core.c.obj)
                0x000000000000c204                bt_hci_host_num_completed_packets
 .text.le_conn_param_req
                0x000000000000c29c       0xc0 zephyr/subsys/bluetooth/host/libsubsys__bluetooth__host.a(hci_core.c.obj)
 .text.process_pending_cmd
                0x000000000000c35c       0xd8 zephyr/subsys/bluetooth/host/libsubsys__bluetooth__host.a(hci_core.c.obj)
 .text.bt_hci_cmd_send_sync
                0x000000000000c434      0x1b0 zephyr/subsys/bluetooth/host/libsubsys__bluetooth__host.a(hci_core.c.obj)
                0x000000000000c434                bt_hci_cmd_send_sync
 .text.bt_init  0x000000000000c5e4      0x4cc zephyr/subsys/bluetooth/host/libsubsys__bluetooth__host.a(hci_core.c.obj)
 .text.init_work
                0x000000000000cab0       0x18 zephyr/subsys/bluetooth/host/libsubsys__bluetooth__host.a(hci_core.c.obj)
 .text.bt_enable
                0x000000000000cac8       0xd0 zephyr/subsys/bluetooth/host/libsubsys__bluetooth__host.a(hci_core.c.obj)
                0x000000000000cac8                bt_enable
 .text.bt_hci_le_rand
                0x000000000000cb98       0x58 zephyr/subsys/bluetooth/host/libsubsys__bluetooth__host.a(hci_core.c.obj)
                0x000000000000cb98                bt_hci_le_rand
 .text.bt_hci_le_enh_conn_complete
                0x000000000000cbf0      0x1ac zephyr/subsys/bluetooth/host/libsubsys__bluetooth__host.a(hci_core.c.obj)
                0x000000000000cbf0                bt_hci_le_enh_conn_complete
 .text.le_legacy_conn_complete
                0x000000000000cd9c       0x7c zephyr/subsys/bluetooth/host/libsubsys__bluetooth__host.a(hci_core.c.obj)
 .text.hci_cmd_status
                0x000000000000ce18       0x34 zephyr/subsys/bluetooth/host/libsubsys__bluetooth__host.a(hci_core.c.obj)
 .text.hci_cmd_complete
                0x000000000000ce4c       0x78 zephyr/subsys/bluetooth/host/libsubsys__bluetooth__host.a(hci_core.c.obj)
 .text.id_find  0x000000000000cec4       0x30 zephyr/subsys/bluetooth/host/libsubsys__bluetooth__host.a(id.c.obj)
 .text.set_random_address
                0x000000000000cef4       0x74 zephyr/subsys/bluetooth/host/libsubsys__bluetooth__host.a(id.c.obj)
 .text.id_create.constprop.0
                0x000000000000cf68       0x74 zephyr/subsys/bluetooth/host/libsubsys__bluetooth__host.a(id.c.obj)
 .text.bt_id_create
                0x000000000000cfdc       0x98 zephyr/subsys/bluetooth/host/libsubsys__bluetooth__host.a(id.c.obj)
                0x000000000000cfdc                bt_id_create
 .text.bt_id_read_public_addr
                0x000000000000d074       0x88 zephyr/subsys/bluetooth/host/libsubsys__bluetooth__host.a(id.c.obj)
                0x000000000000d074                bt_id_read_public_addr
 .text.bt_setup_public_id_addr
                0x000000000000d0fc       0x20 zephyr/subsys/bluetooth/host/libsubsys__bluetooth__host.a(id.c.obj)
                0x000000000000d0fc                bt_setup_public_id_addr
 .text.bt_setup_random_id_addr
                0x000000000000d11c       0xd8 zephyr/subsys/bluetooth/host/libsubsys__bluetooth__host.a(id.c.obj)
                0x000000000000d11c                bt_setup_random_id_addr
 .text.bt_id_set_adv_own_addr
                0x000000000000d1f4       0xe0 zephyr/subsys/bluetooth/host/libsubsys__bluetooth__host.a(id.c.obj)
                0x000000000000d1f4                bt_id_set_adv_own_addr
 .text.bt_id_init
                0x000000000000d2d4       0x54 zephyr/subsys/bluetooth/host/libsubsys__bluetooth__host.a(id.c.obj)
                0x000000000000d2d4                bt_id_init
 .text.hci_set_ad
                0x000000000000d328       0xd0 zephyr/subsys/bluetooth/host/libsubsys__bluetooth__host.a(adv.c.obj)
 .text.adv_is_directed
                0x000000000000d3f8       0x18 zephyr/subsys/bluetooth/host/libsubsys__bluetooth__host.a(adv.c.obj)
 .text.le_adv_start_add_conn
                0x000000000000d410       0x60 zephyr/subsys/bluetooth/host/libsubsys__bluetooth__host.a(adv.c.obj)
 .text.valid_adv_param
                0x000000000000d470       0x84 zephyr/subsys/bluetooth/host/libsubsys__bluetooth__host.a(adv.c.obj)
 .text.bt_le_adv_lookup_legacy
                0x000000000000d4f4        0x8 zephyr/subsys/bluetooth/host/libsubsys__bluetooth__host.a(adv.c.obj)
                0x000000000000d4f4                bt_le_adv_lookup_legacy
 .text.bt_le_adv_start_legacy
                0x000000000000d4fc      0x278 zephyr/subsys/bluetooth/host/libsubsys__bluetooth__host.a(adv.c.obj)
                0x000000000000d4fc                bt_le_adv_start_legacy
 .text.bt_le_adv_start
                0x000000000000d774       0x64 zephyr/subsys/bluetooth/host/libsubsys__bluetooth__host.a(adv.c.obj)
                0x000000000000d774                bt_le_adv_start
 .text.bt_le_adv_stop
                0x000000000000d7d8       0x78 zephyr/subsys/bluetooth/host/libsubsys__bluetooth__host.a(adv.c.obj)
                0x000000000000d7d8                bt_le_adv_stop
 .text.adv_timeout
                0x000000000000d850       0x24 zephyr/subsys/bluetooth/host/libsubsys__bluetooth__host.a(adv.c.obj)
 .text.bt_le_adv_resume
                0x000000000000d874       0xe0 zephyr/subsys/bluetooth/host/libsubsys__bluetooth__host.a(adv.c.obj)
                0x000000000000d874                bt_le_adv_resume
 .text.bt_crypto_init
                0x000000000000d954       0x24 zephyr/subsys/bluetooth/host/libsubsys__bluetooth__host.a(crypto_psa.c.obj)
                0x000000000000d954                bt_crypto_init
 .text.bt_rand  0x000000000000d978       0x24 zephyr/subsys/bluetooth/host/libsubsys__bluetooth__host.a(crypto_psa.c.obj)
                0x000000000000d978                bt_rand
 .text.notify_connected
                0x000000000000d99c       0x40 zephyr/subsys/bluetooth/host/libsubsys__bluetooth__host.a(conn.c.obj)
 .text.frag_destroy
                0x000000000000d9dc       0x20 zephyr/subsys/bluetooth/host/libsubsys__bluetooth__host.a(conn.c.obj)
                0x000000000000d9dc                frag_destroy
 .text.conn_tx_destroy
                0x000000000000d9fc       0x2c zephyr/subsys/bluetooth/host/libsubsys__bluetooth__host.a(conn.c.obj)
 .text.get_data_frag
                0x000000000000da28       0x38 zephyr/subsys/bluetooth/host/libsubsys__bluetooth__host.a(conn.c.obj)
 .text.recycled_work_handler
                0x000000000000da60       0x54 zephyr/subsys/bluetooth/host/libsubsys__bluetooth__host.a(conn.c.obj)
 .text.tx_notify_process
                0x000000000000dab4       0x60 zephyr/subsys/bluetooth/host/libsubsys__bluetooth__host.a(conn.c.obj)
 .text.perform_auto_initiated_procedures.part.0
                0x000000000000db14       0x88 zephyr/subsys/bluetooth/host/libsubsys__bluetooth__host.a(conn.c.obj)
 .text.bt_conn_get_pkts
                0x000000000000db9c       0x18 zephyr/subsys/bluetooth/host/libsubsys__bluetooth__host.a(conn.c.obj)
                0x000000000000db9c                bt_conn_get_pkts
 .text.bt_conn_tx_notify
                0x000000000000dbb4       0x44 zephyr/subsys/bluetooth/host/libsubsys__bluetooth__host.a(conn.c.obj)
                0x000000000000dbb4                bt_conn_tx_notify
 .text.bt_conn_new
                0x000000000000dbf8       0x5c zephyr/subsys/bluetooth/host/libsubsys__bluetooth__host.a(conn.c.obj)
                0x000000000000dbf8                bt_conn_new
 .text.bt_conn_recv
                0x000000000000dc54      0x114 zephyr/subsys/bluetooth/host/libsubsys__bluetooth__host.a(conn.c.obj)
                0x000000000000dc54                bt_conn_recv
 .text.bt_conn_data_ready
                0x000000000000dd68       0x4c zephyr/subsys/bluetooth/host/libsubsys__bluetooth__host.a(conn.c.obj)
                0x000000000000dd68                bt_conn_data_ready
 .text.get_conn_ready
                0x000000000000ddb4       0xf8 zephyr/subsys/bluetooth/host/libsubsys__bluetooth__host.a(conn.c.obj)
                0x000000000000ddb4                get_conn_ready
 .text.bt_conn_unref
                0x000000000000deac       0x4c zephyr/subsys/bluetooth/host/libsubsys__bluetooth__host.a(conn.c.obj)
                0x000000000000deac                bt_conn_unref
 .text.bt_conn_set_state
                0x000000000000def8      0x1c4 zephyr/subsys/bluetooth/host/libsubsys__bluetooth__host.a(conn.c.obj)
                0x000000000000def8                bt_conn_set_state
 .text.bt_conn_lookup_handle
                0x000000000000e0bc       0x40 zephyr/subsys/bluetooth/host/libsubsys__bluetooth__host.a(conn.c.obj)
                0x000000000000e0bc                bt_conn_lookup_handle
 .text.bt_conn_foreach
                0x000000000000e0fc       0x30 zephyr/subsys/bluetooth/host/libsubsys__bluetooth__host.a(conn.c.obj)
                0x000000000000e0fc                bt_conn_foreach
 .text.auto_initiated_procedures
                0x000000000000e12c       0x10 zephyr/subsys/bluetooth/host/libsubsys__bluetooth__host.a(conn.c.obj)
 .text.bt_conn_index
                0x000000000000e13c       0x18 zephyr/subsys/bluetooth/host/libsubsys__bluetooth__host.a(conn.c.obj)
                0x000000000000e13c                bt_conn_index
 .text.bt_conn_create_pdu_timeout
                0x000000000000e154       0x6c zephyr/subsys/bluetooth/host/libsubsys__bluetooth__host.a(conn.c.obj)
                0x000000000000e154                bt_conn_create_pdu_timeout
 .text.bt_conn_connected
                0x000000000000e1c0       0x20 zephyr/subsys/bluetooth/host/libsubsys__bluetooth__host.a(conn.c.obj)
                0x000000000000e1c0                bt_conn_connected
 .text.bt_conn_tx_processor
                0x000000000000e1e0      0x234 zephyr/subsys/bluetooth/host/libsubsys__bluetooth__host.a(conn.c.obj)
                0x000000000000e1e0                bt_conn_tx_processor
 .text.notify_le_param_updated
                0x000000000000e414       0x8c zephyr/subsys/bluetooth/host/libsubsys__bluetooth__host.a(conn.c.obj)
                0x000000000000e414                notify_le_param_updated
 .text.le_param_req
                0x000000000000e4a0       0x78 zephyr/subsys/bluetooth/host/libsubsys__bluetooth__host.a(conn.c.obj)
                0x000000000000e4a0                le_param_req
 .text.bt_conn_add_le
                0x000000000000e518       0x54 zephyr/subsys/bluetooth/host/libsubsys__bluetooth__host.a(conn.c.obj)
                0x000000000000e518                bt_conn_add_le
 .text.bt_conn_lookup_addr_le
                0x000000000000e56c       0x34 zephyr/subsys/bluetooth/host/libsubsys__bluetooth__host.a(conn.c.obj)
                0x000000000000e56c                bt_conn_lookup_addr_le
 .text.bt_conn_exists_le
                0x000000000000e5a0       0x70 zephyr/subsys/bluetooth/host/libsubsys__bluetooth__host.a(conn.c.obj)
                0x000000000000e5a0                bt_conn_exists_le
 .text.bt_conn_lookup_state_le
                0x000000000000e610       0x44 zephyr/subsys/bluetooth/host/libsubsys__bluetooth__host.a(conn.c.obj)
                0x000000000000e610                bt_conn_lookup_state_le
 .text.send_conn_le_param_update
                0x000000000000e654       0x68 zephyr/subsys/bluetooth/host/libsubsys__bluetooth__host.a(conn.c.obj)
 .text.deferred_work
                0x000000000000e6bc      0x100 zephyr/subsys/bluetooth/host/libsubsys__bluetooth__host.a(conn.c.obj)
 .text.bt_conn_lookup_index
                0x000000000000e7bc       0x10 zephyr/subsys/bluetooth/host/libsubsys__bluetooth__host.a(conn.c.obj)
                0x000000000000e7bc                bt_conn_lookup_index
 .text.bt_conn_init
                0x000000000000e7cc       0x44 zephyr/subsys/bluetooth/host/libsubsys__bluetooth__host.a(conn.c.obj)
                0x000000000000e7cc                bt_conn_init
 .text.l2cap_create_le_sig_pdu.part.0
                0x000000000000e810       0x1c zephyr/subsys/bluetooth/host/libsubsys__bluetooth__host.a(l2cap.c.obj)
 .text.l2cap_accept.part.0
                0x000000000000e82c       0x30 zephyr/subsys/bluetooth/host/libsubsys__bluetooth__host.a(l2cap.c.obj)
 .text.l2cap_accept
                0x000000000000e85c       0x1c zephyr/subsys/bluetooth/host/libsubsys__bluetooth__host.a(l2cap.c.obj)
 .text.bt_l2cap_connected
                0x000000000000e878       0x98 zephyr/subsys/bluetooth/host/libsubsys__bluetooth__host.a(l2cap.c.obj)
                0x000000000000e878                bt_l2cap_connected
 .text.bt_l2cap_create_pdu_timeout
                0x000000000000e910       0x30 zephyr/subsys/bluetooth/host/libsubsys__bluetooth__host.a(l2cap.c.obj)
                0x000000000000e910                bt_l2cap_create_pdu_timeout
 .text.bt_l2cap_send_pdu
                0x000000000000e940       0x5c zephyr/subsys/bluetooth/host/libsubsys__bluetooth__host.a(l2cap.c.obj)
                0x000000000000e940                bt_l2cap_send_pdu
 .text.l2cap_data_pull
                0x000000000000e99c       0xfc zephyr/subsys/bluetooth/host/libsubsys__bluetooth__host.a(l2cap.c.obj)
                0x000000000000e99c                l2cap_data_pull
 .text.l2cap_recv.part.0
                0x000000000000ea98       0x9c zephyr/subsys/bluetooth/host/libsubsys__bluetooth__host.a(l2cap.c.obj)
 .text.l2cap_recv
                0x000000000000eb34       0x24 zephyr/subsys/bluetooth/host/libsubsys__bluetooth__host.a(l2cap.c.obj)
 .text.bt_l2cap_recv
                0x000000000000eb58       0x58 zephyr/subsys/bluetooth/host/libsubsys__bluetooth__host.a(l2cap.c.obj)
                0x000000000000eb58                bt_l2cap_recv
 .text.bt_l2cap_update_conn_param
                0x000000000000ebb0       0x50 zephyr/subsys/bluetooth/host/libsubsys__bluetooth__host.a(l2cap.c.obj)
                0x000000000000ebb0                bt_l2cap_update_conn_param
 .text.att_op_get_type
                0x000000000000ec00       0x74 zephyr/subsys/bluetooth/host/libsubsys__bluetooth__host.a(att.c.obj)
 .text.bt_att_released
                0x000000000000ec74        0xc zephyr/subsys/bluetooth/host/libsubsys__bluetooth__host.a(att.c.obj)
 .text.bt_att_connected
                0x000000000000ec80       0x38 zephyr/subsys/bluetooth/host/libsubsys__bluetooth__host.a(att.c.obj)
 .text.read_group_cb
                0x000000000000ecb8       0xb8 zephyr/subsys/bluetooth/host/libsubsys__bluetooth__host.a(att.c.obj)
 .text.bt_att_accept
                0x000000000000ed70      0x120 zephyr/subsys/bluetooth/host/libsubsys__bluetooth__host.a(att.c.obj)
 .text.read_type_cb
                0x000000000000ee90       0xac zephyr/subsys/bluetooth/host/libsubsys__bluetooth__host.a(att.c.obj)
 .text.bt_att_chan_create_pdu
                0x000000000000ef3c       0xb8 zephyr/subsys/bluetooth/host/libsubsys__bluetooth__host.a(att.c.obj)
 .text.find_type_cb
                0x000000000000eff4      0x164 zephyr/subsys/bluetooth/host/libsubsys__bluetooth__host.a(att.c.obj)
 .text.chan_send
                0x000000000000f158       0xe0 zephyr/subsys/bluetooth/host/libsubsys__bluetooth__host.a(att.c.obj)
 .text.att_tx_destroy
                0x000000000000f238      0x10c zephyr/subsys/bluetooth/host/libsubsys__bluetooth__host.a(att.c.obj)
 .text.bt_att_recv
                0x000000000000f344       0xc8 zephyr/subsys/bluetooth/host/libsubsys__bluetooth__host.a(att.c.obj)
 .text.att_write_rsp.constprop.0
                0x000000000000f40c       0xc0 zephyr/subsys/bluetooth/host/libsubsys__bluetooth__host.a(att.c.obj)
 .text.att_get  0x000000000000f4cc       0x4c zephyr/subsys/bluetooth/host/libsubsys__bluetooth__host.a(att.c.obj)
 .text.bt_att_create_pdu
                0x000000000000f518       0x64 zephyr/subsys/bluetooth/host/libsubsys__bluetooth__host.a(att.c.obj)
                0x000000000000f518                bt_att_create_pdu
 .text.bt_att_create_rsp_pdu
                0x000000000000f57c       0x60 zephyr/subsys/bluetooth/host/libsubsys__bluetooth__host.a(att.c.obj)
                0x000000000000f57c                bt_att_create_rsp_pdu
 .text.att_read_group_req
                0x000000000000f5dc       0xf0 zephyr/subsys/bluetooth/host/libsubsys__bluetooth__host.a(att.c.obj)
 .text.att_read_mult_vl_req
                0x000000000000f6cc       0x9c zephyr/subsys/bluetooth/host/libsubsys__bluetooth__host.a(att.c.obj)
 .text.att_read_mult_req
                0x000000000000f768       0x9c zephyr/subsys/bluetooth/host/libsubsys__bluetooth__host.a(att.c.obj)
 .text.att_read_rsp
                0x000000000000f804       0x90 zephyr/subsys/bluetooth/host/libsubsys__bluetooth__host.a(att.c.obj)
 .text.att_read_type_req
                0x000000000000f894      0x114 zephyr/subsys/bluetooth/host/libsubsys__bluetooth__host.a(att.c.obj)
 .text.att_find_type_req
                0x000000000000f9a8       0xc0 zephyr/subsys/bluetooth/host/libsubsys__bluetooth__host.a(att.c.obj)
 .text.att_find_info_req
                0x000000000000fa68       0x6c zephyr/subsys/bluetooth/host/libsubsys__bluetooth__host.a(att.c.obj)
 .text.bt_att_req_alloc
                0x000000000000fad4       0x50 zephyr/subsys/bluetooth/host/libsubsys__bluetooth__host.a(att.c.obj)
                0x000000000000fad4                bt_att_req_alloc
 .text.bt_att_req_free
                0x000000000000fb24       0x20 zephyr/subsys/bluetooth/host/libsubsys__bluetooth__host.a(att.c.obj)
                0x000000000000fb24                bt_att_req_free
 .text.att_handle_rsp
                0x000000000000fb44       0x80 zephyr/subsys/bluetooth/host/libsubsys__bluetooth__host.a(att.c.obj)
 .text.bt_att_disconnected
                0x000000000000fbc4       0xc0 zephyr/subsys/bluetooth/host/libsubsys__bluetooth__host.a(att.c.obj)
 .text.att_timeout
                0x000000000000fc84       0xe4 zephyr/subsys/bluetooth/host/libsubsys__bluetooth__host.a(att.c.obj)
 .text.bt_att_set_tx_meta_data
                0x000000000000fd68       0x24 zephyr/subsys/bluetooth/host/libsubsys__bluetooth__host.a(att.c.obj)
                0x000000000000fd68                bt_att_set_tx_meta_data
 .text.db_hash_update
                0x000000000000fd8c       0x24 zephyr/subsys/bluetooth/host/libsubsys__bluetooth__host.a(gatt.c.obj)
 .text.find_cf_cfg
                0x000000000000fdb0       0x30 zephyr/subsys/bluetooth/host/libsubsys__bluetooth__host.a(gatt.c.obj)
 .text.find_sc_cfg
                0x000000000000fde0       0x24 zephyr/subsys/bluetooth/host/libsubsys__bluetooth__host.a(gatt.c.obj)
 .text.find_ccc_cfg
                0x000000000000fe04       0x28 zephyr/subsys/bluetooth/host/libsubsys__bluetooth__host.a(gatt.c.obj)
 .text.bt_gatt_attr_write_ccc
                0x000000000000fe2c       0xbc zephyr/subsys/bluetooth/host/libsubsys__bluetooth__host.a(gatt.c.obj)
                0x000000000000fe2c                bt_gatt_attr_write_ccc
 .text.clear_cf_cfg
                0x000000000000fee8       0x28 zephyr/subsys/bluetooth/host/libsubsys__bluetooth__host.a(gatt.c.obj)
 .text.sc_save  0x000000000000ff10       0x60 zephyr/subsys/bluetooth/host/libsubsys__bluetooth__host.a(gatt.c.obj)
 .text.bt_gatt_attr_read.part.0
                0x000000000000ff70       0x1c zephyr/subsys/bluetooth/host/libsubsys__bluetooth__host.a(gatt.c.obj)
 .text.read_ppcp
                0x000000000000ff8c       0x28 zephyr/subsys/bluetooth/host/libsubsys__bluetooth__host.a(gatt.c.obj)
 .text.disconnected_cb
                0x000000000000ffb4       0xa0 zephyr/subsys/bluetooth/host/libsubsys__bluetooth__host.a(gatt.c.obj)
 .text.cf_write
                0x0000000000010054       0x98 zephyr/subsys/bluetooth/host/libsubsys__bluetooth__host.a(gatt.c.obj)
 .text.sc_indicate_rsp
                0x00000000000100ec       0x4c zephyr/subsys/bluetooth/host/libsubsys__bluetooth__host.a(gatt.c.obj)
 .text.bt_gatt_init
                0x0000000000010138       0x78 zephyr/subsys/bluetooth/host/libsubsys__bluetooth__host.a(gatt.c.obj)
                0x0000000000010138                bt_gatt_init
 .text.bt_gatt_attr_get_handle
                0x00000000000101b0       0x60 zephyr/subsys/bluetooth/host/libsubsys__bluetooth__host.a(gatt.c.obj)
                0x00000000000101b0                bt_gatt_attr_get_handle
 .text.bt_gatt_foreach_attr_type
                0x0000000000010210       0xb4 zephyr/subsys/bluetooth/host/libsubsys__bluetooth__host.a(gatt.c.obj)
                0x0000000000010210                bt_gatt_foreach_attr_type
 .text.db_hash_gen
                0x00000000000102c4       0xc4 zephyr/subsys/bluetooth/host/libsubsys__bluetooth__host.a(gatt.c.obj)
 .text.db_hash_read
                0x0000000000010388       0x64 zephyr/subsys/bluetooth/host/libsubsys__bluetooth__host.a(gatt.c.obj)
 .text.db_hash_process
                0x00000000000103ec       0x14 zephyr/subsys/bluetooth/host/libsubsys__bluetooth__host.a(gatt.c.obj)
 .text.bt_gatt_attr_next
                0x0000000000010400       0x24 zephyr/subsys/bluetooth/host/libsubsys__bluetooth__host.a(gatt.c.obj)
                0x0000000000010400                bt_gatt_attr_next
 .text.bt_gatt_is_subscribed
                0x0000000000010424      0x17c zephyr/subsys/bluetooth/host/libsubsys__bluetooth__host.a(gatt.c.obj)
                0x0000000000010424                bt_gatt_is_subscribed
 .text.gatt_indicate
                0x00000000000105a0       0xcc zephyr/subsys/bluetooth/host/libsubsys__bluetooth__host.a(gatt.c.obj)
 .text.bt_gatt_indicate
                0x000000000001066c       0xf0 zephyr/subsys/bluetooth/host/libsubsys__bluetooth__host.a(gatt.c.obj)
                0x000000000001066c                bt_gatt_indicate
 .text.sc_process
                0x000000000001075c       0x60 zephyr/subsys/bluetooth/host/libsubsys__bluetooth__host.a(gatt.c.obj)
 .text.update_ccc
                0x00000000000107bc       0xf4 zephyr/subsys/bluetooth/host/libsubsys__bluetooth__host.a(gatt.c.obj)
 .text.gatt_notify
                0x00000000000108b0       0x98 zephyr/subsys/bluetooth/host/libsubsys__bluetooth__host.a(gatt.c.obj)
 .text.bt_gatt_notify_cb
                0x0000000000010948       0xe8 zephyr/subsys/bluetooth/host/libsubsys__bluetooth__host.a(gatt.c.obj)
                0x0000000000010948                bt_gatt_notify_cb
 .text.notify_cb
                0x0000000000010a30      0x110 zephyr/subsys/bluetooth/host/libsubsys__bluetooth__host.a(gatt.c.obj)
 .text.bt_gatt_connected
                0x0000000000010b40       0x20 zephyr/subsys/bluetooth/host/libsubsys__bluetooth__host.a(gatt.c.obj)
                0x0000000000010b40                bt_gatt_connected
 .text.bt_gatt_att_max_mtu_changed
                0x0000000000010b60       0x28 zephyr/subsys/bluetooth/host/libsubsys__bluetooth__host.a(gatt.c.obj)
                0x0000000000010b60                bt_gatt_att_max_mtu_changed
 .text.bt_gatt_disconnected
                0x0000000000010b88       0x48 zephyr/subsys/bluetooth/host/libsubsys__bluetooth__host.a(gatt.c.obj)
                0x0000000000010b88                bt_gatt_disconnected
 .text.bt_smp_accept.part.0
                0x0000000000010bd0       0x30 zephyr/subsys/bluetooth/host/libsubsys__bluetooth__host.a(smp_null.c.obj)
 .text.bt_smp_accept
                0x0000000000010c00       0x1c zephyr/subsys/bluetooth/host/libsubsys__bluetooth__host.a(smp_null.c.obj)
 .text.adc_context_start_sampling
                0x0000000000010c1c       0x1c zephyr/drivers/adc/libdrivers__adc.a(adc_nrfx_saadc.c.obj)
 .text.adc_nrfx_channel_setup
                0x0000000000010c38      0x158 zephyr/drivers/adc/libdrivers__adc.a(adc_nrfx_saadc.c.obj)
 .text.adc_nrfx_read
                0x0000000000010d90      0x1d8 zephyr/drivers/adc/libdrivers__adc.a(adc_nrfx_saadc.c.obj)
 .text.init_saadc
                0x0000000000010f68       0x4c zephyr/drivers/adc/libdrivers__adc.a(adc_nrfx_saadc.c.obj)
 .text.saadc_irq_handler
                0x0000000000010fb4      0x100 zephyr/drivers/adc/libdrivers__adc.a(adc_nrfx_saadc.c.obj)
 .text.bt_ipc_send
                0x00000000000110b4       0x7c zephyr/drivers/bluetooth/libdrivers__bluetooth.a(ipc.c.obj)
 .text.hci_ept_recv
                0x0000000000011130      0x1f0 zephyr/drivers/bluetooth/libdrivers__bluetooth.a(ipc.c.obj)
 .text.bt_ipc_open
                0x0000000000011320       0x7c zephyr/drivers/bluetooth/libdrivers__bluetooth.a(ipc.c.obj)
 .text.bt_ipc_close
                0x000000000001139c       0x50 zephyr/drivers/bluetooth/libdrivers__bluetooth.a(ipc.c.obj)
 .text.onoff_stop
                0x00000000000113ec       0x30 zephyr/drivers/clock_control/libdrivers__clock_control.a(clock_control_nrf.c.obj)
 .text.onoff_start
                0x000000000001141c       0x44 zephyr/drivers/clock_control/libdrivers__clock_control.a(clock_control_nrf.c.obj)
 .text.generic_hfclk_stop
                0x0000000000011460       0x34 zephyr/drivers/clock_control/libdrivers__clock_control.a(clock_control_nrf.c.obj)
 .text.clk_init
                0x0000000000011494       0x64 zephyr/drivers/clock_control/libdrivers__clock_control.a(clock_control_nrf.c.obj)
 .text.api_blocking_start
                0x00000000000114f8       0x3c zephyr/drivers/clock_control/libdrivers__clock_control.a(clock_control_nrf.c.obj)
 .text.clkstarted_handle.constprop.0
                0x0000000000011534       0x4c zephyr/drivers/clock_control/libdrivers__clock_control.a(clock_control_nrf.c.obj)
 .text.generic_hfclk_start
                0x0000000000011580       0x7c zephyr/drivers/clock_control/libdrivers__clock_control.a(clock_control_nrf.c.obj)
 .text.clock_event_handler
                0x00000000000115fc       0x34 zephyr/drivers/clock_control/libdrivers__clock_control.a(clock_control_nrf.c.obj)
 .text.z_nrf_clock_control_lf_on
                0x0000000000011630       0xf4 zephyr/drivers/clock_control/libdrivers__clock_control.a(clock_control_nrf.c.obj)
                0x0000000000011630                z_nrf_clock_control_lf_on
 .text.uart_console_init
                0x0000000000011724       0x28 zephyr/drivers/console/libdrivers__console.a(uart_console.c.obj)
 .text.console_out
                0x000000000001174c       0x28 zephyr/drivers/console/libdrivers__console.a(uart_console.c.obj)
 .text.gpio_nrfx_pin_interrupt_configure
                0x0000000000011774      0x100 zephyr/drivers/gpio/libdrivers__gpio.a(gpio_nrfx.c.obj)
 .text.gpio_nrfx_init
                0x0000000000011874       0x48 zephyr/drivers/gpio/libdrivers__gpio.a(gpio_nrfx.c.obj)
 .text.nrfx_gpio_handler
                0x00000000000118bc       0x4c zephyr/drivers/gpio/libdrivers__gpio.a(gpio_nrfx.c.obj)
 .text.gpio_nrfx_pin_configure
                0x0000000000011908      0x188 zephyr/drivers/gpio/libdrivers__gpio.a(gpio_nrfx.c.obj)
 .text.mbox_nrf_init
                0x0000000000011a90       0x9c zephyr/drivers/mbox/libdrivers__mbox.a(mbox_nrfx_ipc.c.obj)
 .text.mbox_nrf_set_enabled
                0x0000000000011b2c       0x94 zephyr/drivers/mbox/libdrivers__mbox.a(mbox_nrfx_ipc.c.obj)
 .text.mbox_nrf_send
                0x0000000000011bc0       0x44 zephyr/drivers/mbox/libdrivers__mbox.a(mbox_nrfx_ipc.c.obj)
 .text.mbox_dispatcher
                0x0000000000011c04       0x60 zephyr/drivers/mbox/libdrivers__mbox.a(mbox_nrfx_ipc.c.obj)
 .text.nrf_gpio_pin_port_decode
                0x0000000000011c64       0x24 zephyr/drivers/pinctrl/libdrivers__pinctrl.a(pinctrl_nrf.c.obj)
 .text.pinctrl_configure_pins
                0x0000000000011c88      0x1a0 zephyr/drivers/pinctrl/libdrivers__pinctrl.a(pinctrl_nrf.c.obj)
                0x0000000000011c88                pinctrl_configure_pins
 .text.uarte_nrfx_poll_out
                0x0000000000011e28       0xb4 zephyr/drivers/serial/libdrivers__serial.a(uart_nrfx_uarte.c.obj)
 .text.uarte_0_init
                0x0000000000011edc      0x120 zephyr/drivers/serial/libdrivers__serial.a(uart_nrfx_uarte.c.obj)
 .text.compare_int_lock
                0x0000000000011ffc       0x40 zephyr/drivers/timer/libdrivers__timer.a(nrf_rtc_timer.c.obj)
 .text.sys_clock_timeout_handler
                0x000000000001203c       0x48 zephyr/drivers/timer/libdrivers__timer.a(nrf_rtc_timer.c.obj)
 .text.compare_int_unlock
                0x0000000000012084       0x4c zephyr/drivers/timer/libdrivers__timer.a(nrf_rtc_timer.c.obj)
 .text.z_nrf_rtc_timer_read
                0x00000000000120d0       0x44 zephyr/drivers/timer/libdrivers__timer.a(nrf_rtc_timer.c.obj)
                0x00000000000120d0                z_nrf_rtc_timer_read
 .text.compare_set
                0x0000000000012114      0x124 zephyr/drivers/timer/libdrivers__timer.a(nrf_rtc_timer.c.obj)
 .text.sys_clock_driver_init
                0x0000000000012238       0x90 zephyr/drivers/timer/libdrivers__timer.a(nrf_rtc_timer.c.obj)
 .text.rtc_nrf_isr
                0x00000000000122c8       0xd0 zephyr/drivers/timer/libdrivers__timer.a(nrf_rtc_timer.c.obj)
                0x00000000000122c8                rtc_nrf_isr
 .text.sys_clock_set_timeout
                0x0000000000012398       0x5c zephyr/drivers/timer/libdrivers__timer.a(nrf_rtc_timer.c.obj)
                0x0000000000012398                sys_clock_set_timeout
 .text.sys_clock_elapsed
                0x00000000000123f4       0x14 zephyr/drivers/timer/libdrivers__timer.a(nrf_rtc_timer.c.obj)
                0x00000000000123f4                sys_clock_elapsed
 .text.mbedtls_platform_set_calloc_free
                0x0000000000012408       0x14 modules/nrf/subsys/nrf_security/src/zephyr/libmbedtls_zephyr.a(platform.c.obj)
                0x0000000000012408                mbedtls_platform_set_calloc_free
 .text._heap_init
                0x000000000001241c       0x10 modules/nrf/subsys/nrf_security/src/zephyr/libmbedtls_zephyr.a(mbedtls_heap.c.obj)
                0x000000000001241c                _heap_init
 .text.ns_fault_init
                0x000000000001242c       0x30 modules/nrf/modules/trusted-firmware-m/lib..__nrf__modules__trusted-firmware-m.a(fault.c.obj)
 .text.arm_fault
                0x000000000001245c      0x24c modules/nrf/modules/trusted-firmware-m/lib..__nrf__modules__trusted-firmware-m.a(fault.c.obj)
                0x000000000001245c                arm_fault
 .text.tfm_ns_fault_handler_callback
                0x00000000000126a8       0x48 modules/nrf/modules/trusted-firmware-m/lib..__nrf__modules__trusted-firmware-m.a(fault.c.obj)
                0x00000000000126a8                tfm_ns_fault_handler_callback
 .text.tfm_ns_interface_dispatch
                0x00000000000126f0       0x64 modules/trusted-firmware-m/libtfm_api.a(interface.c.obj)
                0x00000000000126f0                tfm_ns_interface_dispatch
 .text.tfm_platform_ioctl
                0x0000000000012754       0x4c modules/trusted-firmware-m/libtfm_api.a(tfm_platform_api.c.obj)
                0x0000000000012754                tfm_platform_ioctl
 .text.psa_import_key
                0x00000000000127a0       0x58 modules/trusted-firmware-m/libtfm_api.a(tfm_crypto_api.c.obj)
                0x00000000000127a0                psa_import_key
 .text.psa_mac_sign_setup
                0x00000000000127f8       0x4c modules/trusted-firmware-m/libtfm_api.a(tfm_crypto_api.c.obj)
                0x00000000000127f8                psa_mac_sign_setup
 .text.psa_mac_update
                0x0000000000012844       0x44 modules/trusted-firmware-m/libtfm_api.a(tfm_crypto_api.c.obj)
                0x0000000000012844                psa_mac_update
 .text.psa_mac_sign_finish
                0x0000000000012888       0x5c modules/trusted-firmware-m/libtfm_api.a(tfm_crypto_api.c.obj)
                0x0000000000012888                psa_mac_sign_finish
 .text.psa_generate_random
                0x00000000000128e4       0x48 modules/trusted-firmware-m/libtfm_api.a(tfm_crypto_api.c.obj)
                0x00000000000128e4                psa_generate_random
 .text.psa_call
                0x000000000001292c       0x34 modules/trusted-firmware-m/libtfm_api.a(tfm_tz_psa_ns_api.c.obj)
                0x000000000001292c                psa_call
 .text.nrfx_flag32_alloc
                0x0000000000012960       0x40 modules/hal_nordic/modules/hal_nordic/nrfx/libmodules__hal_nordic__nrfx.a(nrfx_flag32_allocator.c.obj)
                0x0000000000012960                nrfx_flag32_alloc
 .text.nrfx_flag32_free
                0x00000000000129a0       0x38 modules/hal_nordic/modules/hal_nordic/nrfx/libmodules__hal_nordic__nrfx.a(nrfx_flag32_allocator.c.obj)
                0x00000000000129a0                nrfx_flag32_free
 .text.nrfx_gppi_channels_enable
                0x00000000000129d8        0xc modules/hal_nordic/modules/hal_nordic/nrfx/libmodules__hal_nordic__nrfx.a(nrfx_gppi_dppi.c.obj)
                0x00000000000129d8                nrfx_gppi_channels_enable
 .text.nrfx_gppi_channel_alloc
                0x00000000000129e4        0xc modules/hal_nordic/modules/hal_nordic/nrfx/libmodules__hal_nordic__nrfx.a(nrfx_gppi_dppi.c.obj)
                0x00000000000129e4                nrfx_gppi_channel_alloc
 .text.clock_stop
                0x00000000000129f0       0xfc modules/hal_nordic/modules/hal_nordic/nrfx/libmodules__hal_nordic__nrfx.a(nrfx_clock.c.obj)
 .text.nrfx_clock_init
                0x0000000000012aec       0x20 modules/hal_nordic/modules/hal_nordic/nrfx/libmodules__hal_nordic__nrfx.a(nrfx_clock.c.obj)
                0x0000000000012aec                nrfx_clock_init
 .text.nrfx_clock_enable
                0x0000000000012b0c       0x30 modules/hal_nordic/modules/hal_nordic/nrfx/libmodules__hal_nordic__nrfx.a(nrfx_clock.c.obj)
                0x0000000000012b0c                nrfx_clock_enable
 .text.nrfx_clock_start
                0x0000000000012b3c       0xd8 modules/hal_nordic/modules/hal_nordic/nrfx/libmodules__hal_nordic__nrfx.a(nrfx_clock.c.obj)
                0x0000000000012b3c                nrfx_clock_start
 .text.nrfx_power_clock_irq_handler
                0x0000000000012c14       0x74 modules/hal_nordic/modules/hal_nordic/nrfx/libmodules__hal_nordic__nrfx.a(nrfx_clock.c.obj)
                0x0000000000012c14                nrfx_power_clock_irq_handler
 .text.nrfx_dppi_channel_alloc
                0x0000000000012c88       0x10 modules/hal_nordic/modules/hal_nordic/nrfx/libmodules__hal_nordic__nrfx.a(nrfx_dppi.c.obj)
                0x0000000000012c88                nrfx_dppi_channel_alloc
 .text.nrf_gpio_pin_port_decode
                0x0000000000012c98       0x24 modules/hal_nordic/modules/hal_nordic/nrfx/libmodules__hal_nordic__nrfx.a(nrfx_gpiote.c.obj)
 .text.get_pin_idx
                0x0000000000012cbc       0x14 modules/hal_nordic/modules/hal_nordic/nrfx/libmodules__hal_nordic__nrfx.a(nrfx_gpiote.c.obj)
 .text.call_handler.constprop.0
                0x0000000000012cd0       0x40 modules/hal_nordic/modules/hal_nordic/nrfx/libmodules__hal_nordic__nrfx.a(nrfx_gpiote.c.obj)
 .text.pin_te_get.constprop.0
                0x0000000000012d10       0x18 modules/hal_nordic/modules/hal_nordic/nrfx/libmodules__hal_nordic__nrfx.a(nrfx_gpiote.c.obj)
 .text.pin_is_output.constprop.0
                0x0000000000012d28       0x18 modules/hal_nordic/modules/hal_nordic/nrfx/libmodules__hal_nordic__nrfx.a(nrfx_gpiote.c.obj)
 .text.pin_in_use_by_te.constprop.0
                0x0000000000012d40       0x18 modules/hal_nordic/modules/hal_nordic/nrfx/libmodules__hal_nordic__nrfx.a(nrfx_gpiote.c.obj)
 .text.latch_pending_read_and_check
                0x0000000000012d58       0x3c modules/hal_nordic/modules/hal_nordic/nrfx/libmodules__hal_nordic__nrfx.a(nrfx_gpiote.c.obj)
 .text.release_handler.isra.0
                0x0000000000012d94       0x58 modules/hal_nordic/modules/hal_nordic/nrfx/libmodules__hal_nordic__nrfx.a(nrfx_gpiote.c.obj)
 .text.__nrfy_internal_gpiote_events_process.constprop.0
                0x0000000000012dec       0x5c modules/hal_nordic/modules/hal_nordic/nrfx/libmodules__hal_nordic__nrfx.a(nrfx_gpiote.c.obj)
 .text.pin_uninit
                0x0000000000012e48       0x84 modules/hal_nordic/modules/hal_nordic/nrfx/libmodules__hal_nordic__nrfx.a(nrfx_gpiote.c.obj)
 .text.nrfx_gpiote_input_configure
                0x0000000000012ecc      0x178 modules/hal_nordic/modules/hal_nordic/nrfx/libmodules__hal_nordic__nrfx.a(nrfx_gpiote.c.obj)
                0x0000000000012ecc                nrfx_gpiote_input_configure
 .text.nrfx_gpiote_output_configure
                0x0000000000013044      0x104 modules/hal_nordic/modules/hal_nordic/nrfx/libmodules__hal_nordic__nrfx.a(nrfx_gpiote.c.obj)
                0x0000000000013044                nrfx_gpiote_output_configure
 .text.nrfx_gpiote_global_callback_set
                0x0000000000013148        0xc modules/hal_nordic/modules/hal_nordic/nrfx/libmodules__hal_nordic__nrfx.a(nrfx_gpiote.c.obj)
                0x0000000000013148                nrfx_gpiote_global_callback_set
 .text.nrfx_gpiote_channel_get
                0x0000000000013154       0x34 modules/hal_nordic/modules/hal_nordic/nrfx/libmodules__hal_nordic__nrfx.a(nrfx_gpiote.c.obj)
                0x0000000000013154                nrfx_gpiote_channel_get
 .text.nrfx_gpiote_init
                0x0000000000013188       0x64 modules/hal_nordic/modules/hal_nordic/nrfx/libmodules__hal_nordic__nrfx.a(nrfx_gpiote.c.obj)
                0x0000000000013188                nrfx_gpiote_init
 .text.nrfx_gpiote_init_check
                0x00000000000131ec       0x14 modules/hal_nordic/modules/hal_nordic/nrfx/libmodules__hal_nordic__nrfx.a(nrfx_gpiote.c.obj)
                0x00000000000131ec                nrfx_gpiote_init_check
 .text.nrfx_gpiote_channel_free
                0x0000000000013200        0xc modules/hal_nordic/modules/hal_nordic/nrfx/libmodules__hal_nordic__nrfx.a(nrfx_gpiote.c.obj)
                0x0000000000013200                nrfx_gpiote_channel_free
 .text.nrfx_gpiote_channel_alloc
                0x000000000001320c        0xc modules/hal_nordic/modules/hal_nordic/nrfx/libmodules__hal_nordic__nrfx.a(nrfx_gpiote.c.obj)
                0x000000000001320c                nrfx_gpiote_channel_alloc
 .text.nrfx_gpiote_trigger_enable
                0x0000000000013218       0xac modules/hal_nordic/modules/hal_nordic/nrfx/libmodules__hal_nordic__nrfx.a(nrfx_gpiote.c.obj)
                0x0000000000013218                nrfx_gpiote_trigger_enable
 .text.nrfx_gpiote_1_irq_handler
                0x00000000000132c4      0x1b8 modules/hal_nordic/modules/hal_nordic/nrfx/libmodules__hal_nordic__nrfx.a(nrfx_gpiote.c.obj)
                0x00000000000132c4                nrfx_gpiote_1_irq_handler
 .text.nrfx_ipc_init
                0x000000000001347c       0x30 modules/hal_nordic/modules/hal_nordic/nrfx/libmodules__hal_nordic__nrfx.a(nrfx_ipc.c.obj)
                0x000000000001347c                nrfx_ipc_init
 .text.nrfx_ipc_config_load
                0x00000000000134ac       0x40 modules/hal_nordic/modules/hal_nordic/nrfx/libmodules__hal_nordic__nrfx.a(nrfx_ipc.c.obj)
                0x00000000000134ac                nrfx_ipc_config_load
 .text.nrfx_ipc_receive_event_enable
                0x00000000000134ec       0x10 modules/hal_nordic/modules/hal_nordic/nrfx/libmodules__hal_nordic__nrfx.a(nrfx_ipc.c.obj)
                0x00000000000134ec                nrfx_ipc_receive_event_enable
 .text.nrfx_ipc_receive_event_disable
                0x00000000000134fc       0x10 modules/hal_nordic/modules/hal_nordic/nrfx/libmodules__hal_nordic__nrfx.a(nrfx_ipc.c.obj)
                0x00000000000134fc                nrfx_ipc_receive_event_disable
 .text.nrfx_ipc_irq_handler
                0x000000000001350c       0x40 modules/hal_nordic/modules/hal_nordic/nrfx/libmodules__hal_nordic__nrfx.a(nrfx_ipc.c.obj)
                0x000000000001350c                nrfx_ipc_irq_handler
 .text.metal_generic_dev_open
                0x000000000001354c       0x40 modules/libmetal/libmetal/lib/libmetal.a(device.c.obj)
                0x000000000001354c                metal_generic_dev_open
 .text.metal_bus_unregister
                0x000000000001358c       0x3c modules/libmetal/libmetal/lib/libmetal.a(device.c.obj)
                0x000000000001358c                metal_bus_unregister
 .text.metal_bus_find
                0x00000000000135c8       0x3c modules/libmetal/libmetal/lib/libmetal.a(device.c.obj)
                0x00000000000135c8                metal_bus_find
 .text.metal_bus_register
                0x0000000000013604       0x5c modules/libmetal/libmetal/lib/libmetal.a(device.c.obj)
                0x0000000000013604                metal_bus_register
 .text.metal_init
                0x0000000000013660       0x4c modules/libmetal/libmetal/lib/libmetal.a(init.c.obj)
                0x0000000000013660                metal_init
 .text.metal_finish
                0x00000000000136ac       0x24 modules/libmetal/libmetal/lib/libmetal.a(init.c.obj)
                0x00000000000136ac                metal_finish
 .text.metal_sys_init
                0x00000000000136d0       0x10 modules/libmetal/libmetal/lib/libmetal.a(init.c.obj)
                0x00000000000136d0                metal_sys_init
 .text.metal_sys_finish
                0x00000000000136e0        0xc modules/libmetal/libmetal/lib/libmetal.a(init.c.obj)
                0x00000000000136e0                metal_sys_finish
 .text.metal_zephyr_log_handler
                0x00000000000136ec       0x3c modules/libmetal/libmetal/lib/libmetal.a(log.c.obj)
                0x00000000000136ec                metal_zephyr_log_handler
 .text.virtio_create_virtqueues
                0x0000000000013728       0xbc modules/open-amp/open-amp/lib/libopen_amp.a(virtio.c.obj)
                0x0000000000013728                virtio_create_virtqueues
 .text.virtqueue_free
                0x00000000000137e4       0x38 modules/open-amp/open-amp/lib/libopen_amp.a(virtqueue.c.obj)
                0x00000000000137e4                virtqueue_free
 .text.virtqueue_add_consumed_buffer
                0x000000000001381c       0x38 modules/open-amp/open-amp/lib/libopen_amp.a(virtqueue.c.obj)
                0x000000000001381c                virtqueue_add_consumed_buffer
 .text.rpmsg_send_offchannel_raw
                0x0000000000013854       0x2c modules/open-amp/open-amp/lib/libopen_amp.a(rpmsg.c.obj)
                0x0000000000013854                rpmsg_send_offchannel_raw
 .text.rpmsg_send_offchannel_nocopy
                0x0000000000013880       0x2c modules/open-amp/open-amp/lib/libopen_amp.a(rpmsg.c.obj)
                0x0000000000013880                rpmsg_send_offchannel_nocopy
 .text.rpmsg_create_ept
                0x00000000000138ac      0x114 modules/open-amp/open-amp/lib/libopen_amp.a(rpmsg.c.obj)
                0x00000000000138ac                rpmsg_create_ept
 .text.rpmsg_virtio_buf_held_dec_test
                0x00000000000139c0       0x38 modules/open-amp/open-amp/lib/libopen_amp.a(rpmsg_virtio.c.obj)
 .text.rpmsg_virtio_get_tx_buffer_size
                0x00000000000139f8       0x4c modules/open-amp/open-amp/lib/libopen_amp.a(rpmsg_virtio.c.obj)
                0x00000000000139f8                rpmsg_virtio_get_tx_buffer_size
 .text.rpmsg_virtio_get_rx_buffer_size
                0x0000000000013a44       0x4c modules/open-amp/open-amp/lib/libopen_amp.a(rpmsg_virtio.c.obj)
                0x0000000000013a44                rpmsg_virtio_get_rx_buffer_size
 .text.rpmsg_virtio_send_offchannel_raw
                0x0000000000013a90       0x5c modules/open-amp/open-amp/lib/libopen_amp.a(rpmsg_virtio.c.obj)
 .text.rpmsg_init_vdev_with_config
                0x0000000000013aec      0x2a0 modules/open-amp/open-amp/lib/libopen_amp.a(rpmsg_virtio.c.obj)
                0x0000000000013aec                rpmsg_init_vdev_with_config
 .text.rpmsg_init_vdev
                0x0000000000013d8c       0x2c modules/open-amp/open-amp/lib/libopen_amp.a(rpmsg_virtio.c.obj)
                0x0000000000013d8c                rpmsg_init_vdev
 .text.k_sys_fatal_error_handler
                0x0000000000013db8       0x20 zephyr/kernel/libkernel.a(fatal.c.obj)
                0x0000000000013db8                k_sys_fatal_error_handler
 .text.z_fatal_error
                0x0000000000013dd8       0xe8 zephyr/kernel/libkernel.a(fatal.c.obj)
                0x0000000000013dd8                z_fatal_error
 .text.z_sys_init_run_level
                0x0000000000013ec0       0x2c zephyr/kernel/libkernel.a(init.c.obj)
 .text.bg_thread_main
                0x0000000000013eec       0xc4 zephyr/kernel/libkernel.a(init.c.obj)
 .text.z_bss_zero
                0x0000000000013fb0       0x18 zephyr/kernel/libkernel.a(init.c.obj)
                0x0000000000013fb0                z_bss_zero
 .text.z_init_cpu
                0x0000000000013fc8       0x68 zephyr/kernel/libkernel.a(init.c.obj)
                0x0000000000013fc8                z_init_cpu
 .text.z_cstart
                0x0000000000014030       0xe4 zephyr/kernel/libkernel.a(init.c.obj)
                0x0000000000014030                z_cstart
 .text.statics_init
                0x0000000000014114       0x24 zephyr/kernel/libkernel.a(kheap.c.obj)
 .text.init_mem_slab_obj_core_list
                0x0000000000014138       0x24 zephyr/kernel/libkernel.a(mem_slab.c.obj)
 .text.k_mem_slab_alloc
                0x000000000001415c       0x5c zephyr/kernel/libkernel.a(mem_slab.c.obj)
                0x000000000001415c                k_mem_slab_alloc
 .text.z_impl_k_mutex_lock
                0x00000000000141b8       0xf0 zephyr/kernel/libkernel.a(mutex.c.obj)
                0x00000000000141b8                z_impl_k_mutex_lock
 .text.z_impl_k_mutex_unlock
                0x00000000000142a8       0xa0 zephyr/kernel/libkernel.a(mutex.c.obj)
                0x00000000000142a8                z_impl_k_mutex_unlock
 .text.z_impl_k_queue_get
                0x0000000000014348       0x64 zephyr/kernel/libkernel.a(queue.c.obj)
                0x0000000000014348                z_impl_k_queue_get
 .text.z_impl_k_sem_give
                0x00000000000143ac       0x68 zephyr/kernel/libkernel.a(sem.c.obj)
                0x00000000000143ac                z_impl_k_sem_give
 .text.z_impl_k_sem_take
                0x0000000000014414       0x4c zephyr/kernel/libkernel.a(sem.c.obj)
                0x0000000000014414                z_impl_k_sem_take
 .text.k_sys_work_q_init
                0x0000000000014460       0x34 zephyr/kernel/libkernel.a(system_work_q.c.obj)
 .text.work_queue_main
                0x0000000000014494      0x14c zephyr/kernel/libkernel.a(work.c.obj)
 .text.cancel_sync_locked
                0x00000000000145e0       0x3c zephyr/kernel/libkernel.a(work.c.obj)
 .text.submit_to_queue_locked
                0x000000000001461c       0xb4 zephyr/kernel/libkernel.a(work.c.obj)
 .text.work_flush_locked
                0x00000000000146d0       0x78 zephyr/kernel/libkernel.a(work.c.obj)
 .text.k_work_submit
                0x0000000000014748        0xc zephyr/kernel/libkernel.a(work.c.obj)
                0x0000000000014748                k_work_submit
 .text.k_work_queue_start
                0x0000000000014754       0x7c zephyr/kernel/libkernel.a(work.c.obj)
                0x0000000000014754                k_work_queue_start
 .text.k_work_queue_drain
                0x00000000000147d0       0x78 zephyr/kernel/libkernel.a(work.c.obj)
                0x00000000000147d0                k_work_queue_drain
 .text.k_work_schedule_for_queue
                0x0000000000014848       0x54 zephyr/kernel/libkernel.a(work.c.obj)
                0x0000000000014848                k_work_schedule_for_queue
 .text.k_work_schedule
                0x000000000001489c        0xc zephyr/kernel/libkernel.a(work.c.obj)
                0x000000000001489c                k_work_schedule
 .text.k_work_reschedule_for_queue
                0x00000000000148a8       0x5c zephyr/kernel/libkernel.a(work.c.obj)
                0x00000000000148a8                k_work_reschedule_for_queue
 .text.k_work_reschedule
                0x0000000000014904        0xc zephyr/kernel/libkernel.a(work.c.obj)
                0x0000000000014904                k_work_reschedule
 .text.z_setup_new_thread
                0x0000000000014910       0x7c zephyr/kernel/libkernel.a(thread.c.obj)
                0x0000000000014910                z_setup_new_thread
 .text.z_impl_k_thread_create
                0x000000000001498c       0x58 zephyr/kernel/libkernel.a(thread.c.obj)
                0x000000000001498c                z_impl_k_thread_create
 .text.z_swap_irqlock
                0x00000000000149e4       0x30 zephyr/kernel/libkernel.a(sched.c.obj)
 .text.ready_thread
                0x0000000000014a14       0x90 zephyr/kernel/libkernel.a(sched.c.obj)
 .text.unready_thread
                0x0000000000014aa4       0x54 zephyr/kernel/libkernel.a(sched.c.obj)
 .text.move_thread_to_end_of_prio_q
                0x0000000000014af8       0x90 zephyr/kernel/libkernel.a(sched.c.obj)
                0x0000000000014af8                move_thread_to_end_of_prio_q
 .text.z_pend_curr
                0x0000000000014b88       0x58 zephyr/kernel/libkernel.a(sched.c.obj)
                0x0000000000014b88                z_pend_curr
 .text.z_thread_prio_set
                0x0000000000014be0       0x9c zephyr/kernel/libkernel.a(sched.c.obj)
                0x0000000000014be0                z_thread_prio_set
 .text.z_reschedule
                0x0000000000014c7c       0x24 zephyr/kernel/libkernel.a(sched.c.obj)
                0x0000000000014c7c                z_reschedule
 .text.z_reschedule_irqlock
                0x0000000000014ca0       0x28 zephyr/kernel/libkernel.a(sched.c.obj)
                0x0000000000014ca0                z_reschedule_irqlock
 .text.k_sched_lock
                0x0000000000014cc8       0x28 zephyr/kernel/libkernel.a(sched.c.obj)
                0x0000000000014cc8                k_sched_lock
 .text.k_sched_unlock
                0x0000000000014cf0       0x68 zephyr/kernel/libkernel.a(sched.c.obj)
                0x0000000000014cf0                k_sched_unlock
 .text.z_sched_init
                0x0000000000014d58       0x10 zephyr/kernel/libkernel.a(sched.c.obj)
                0x0000000000014d58                z_sched_init
 .text.z_impl_k_yield
                0x0000000000014d68       0x88 zephyr/kernel/libkernel.a(sched.c.obj)
                0x0000000000014d68                z_impl_k_yield
 .text.z_tick_sleep
                0x0000000000014df0       0x80 zephyr/kernel/libkernel.a(sched.c.obj)
 .text.z_impl_k_wakeup
                0x0000000000014e70       0x4c zephyr/kernel/libkernel.a(sched.c.obj)
                0x0000000000014e70                z_impl_k_wakeup
 .text.z_impl_k_sched_current_thread_query
                0x0000000000014ebc        0xc zephyr/kernel/libkernel.a(sched.c.obj)
                0x0000000000014ebc                z_impl_k_sched_current_thread_query
 .text.z_thread_abort
                0x0000000000014ec8      0x114 zephyr/kernel/libkernel.a(sched.c.obj)
                0x0000000000014ec8                z_thread_abort
 .text.z_sched_wait
                0x0000000000014fdc       0x24 zephyr/kernel/libkernel.a(sched.c.obj)
                0x0000000000014fdc                z_sched_wait
 .text.slice_timeout
                0x0000000000015000       0x20 zephyr/kernel/libkernel.a(timeslicing.c.obj)
 .text.thread_is_sliceable
                0x0000000000015020       0x3c zephyr/kernel/libkernel.a(timeslicing.c.obj)
                0x0000000000015020                thread_is_sliceable
 .text.z_reset_time_slice
                0x000000000001505c       0x50 zephyr/kernel/libkernel.a(timeslicing.c.obj)
                0x000000000001505c                z_reset_time_slice
 .text.z_time_slice
                0x00000000000150ac       0x60 zephyr/kernel/libkernel.a(timeslicing.c.obj)
                0x00000000000150ac                z_time_slice
 .text.z_data_copy
                0x000000000001510c       0x38 zephyr/kernel/libkernel.a(xip.c.obj)
                0x000000000001510c                z_data_copy
 .text.first    0x0000000000015144       0x10 zephyr/kernel/libkernel.a(timeout.c.obj)
 .text.elapsed  0x0000000000015154       0x14 zephyr/kernel/libkernel.a(timeout.c.obj)
 .text.remove_timeout
                0x0000000000015168       0x38 zephyr/kernel/libkernel.a(timeout.c.obj)
 .text.z_add_timeout
                0x00000000000151a0       0xec zephyr/kernel/libkernel.a(timeout.c.obj)
                0x00000000000151a0                z_add_timeout
 .text.sys_clock_announce
                0x000000000001528c       0xbc zephyr/kernel/libkernel.a(timeout.c.obj)
                0x000000000001528c                sys_clock_announce
 .text.sys_clock_tick_get
                0x0000000000015348       0x30 zephyr/kernel/libkernel.a(timeout.c.obj)
                0x0000000000015348                sys_clock_tick_get
 .text.z_timer_expiration_handler
                0x0000000000015378       0xe0 zephyr/kernel/libkernel.a(timer.c.obj)
                0x0000000000015378                z_timer_expiration_handler
 .text.z_impl_k_timer_start
                0x0000000000015458       0x74 zephyr/kernel/libkernel.a(timer.c.obj)
                0x0000000000015458                z_impl_k_timer_start
 .text.z_impl_k_poll_signal_raise
                0x00000000000154cc       0x50 zephyr/kernel/libkernel.a(poll.c.obj)
                0x00000000000154cc                z_impl_k_poll_signal_raise
 .text.k_aligned_alloc
                0x000000000001551c       0x10 zephyr/kernel/libkernel.a(mempool.c.obj)
                0x000000000001551c                k_aligned_alloc
 .text.k_thread_system_pool_assign
                0x000000000001552c        0xc zephyr/kernel/libkernel.a(mempool.c.obj)
                0x000000000001552c                k_thread_system_pool_assign
 .text.z_thread_aligned_alloc
                0x0000000000015538       0x30 zephyr/kernel/libkernel.a(mempool.c.obj)
                0x0000000000015538                z_thread_aligned_alloc
 .text.verify_header
                0x0000000000015568       0x40 modules/nrf/subsys/nrf_security/src/libmbedcrypto.a(memory_buffer_alloc.c.obj)
 .text.verify_chain
                0x00000000000155a8       0x3c modules/nrf/subsys/nrf_security/src/libmbedcrypto.a(memory_buffer_alloc.c.obj)
 .text.buffer_alloc_calloc
                0x00000000000155e4       0xec modules/nrf/subsys/nrf_security/src/libmbedcrypto.a(memory_buffer_alloc.c.obj)
 .text.buffer_alloc_free
                0x00000000000156d0       0xfc modules/nrf/subsys/nrf_security/src/libmbedcrypto.a(memory_buffer_alloc.c.obj)
 .text.mbedtls_memory_buffer_alloc_init
                0x00000000000157cc       0x68 modules/nrf/subsys/nrf_security/src/libmbedcrypto.a(memory_buffer_alloc.c.obj)
                0x00000000000157cc                mbedtls_memory_buffer_alloc_init
 .text.exit     0x0000000000015834       0x1c c:\ncs\toolchains\0b393f9e1b\opt\zephyr-sdk\arm-zephyr-eabi\bin\../lib/gcc/../../picolibc/arm-zephyr-eabi/lib/thumb/v8-m.main/nofp\libc.a(libc_stdlib_pico-exit.c.o)
                0x0000000000015834                exit
 .text.puts     0x0000000000015850       0x40 c:\ncs\toolchains\0b393f9e1b\opt\zephyr-sdk\arm-zephyr-eabi\bin\../lib/gcc/../../picolibc/arm-zephyr-eabi/lib/thumb/v8-m.main/nofp\libc.a(libc_tinystdio_puts.c.o)
                0x0000000000015850                puts
 .text.snprintf
                0x0000000000015890       0x58 c:\ncs\toolchains\0b393f9e1b\opt\zephyr-sdk\arm-zephyr-eabi\bin\../lib/gcc/../../picolibc/arm-zephyr-eabi/lib/thumb/v8-m.main/nofp\libc.a(libc_tinystdio_snprintf.c.o)
                0x0000000000015890                snprintf
 .text.__l_vfprintf
                0x00000000000158e8      0x4b4 c:\ncs\toolchains\0b393f9e1b\opt\zephyr-sdk\arm-zephyr-eabi\bin\../lib/gcc/../../picolibc/arm-zephyr-eabi/lib/thumb/v8-m.main/nofp\libc.a(libc_tinystdio_vflprintf.c.o)
                0x00000000000158e8                __l_vfprintf
 .text.__libc_fini_array
                0x0000000000015d9c       0x2c c:\ncs\toolchains\0b393f9e1b\opt\zephyr-sdk\arm-zephyr-eabi\bin\../lib/gcc/../../picolibc/arm-zephyr-eabi/lib/thumb/v8-m.main/nofp\libc.a(libc_misc_fini.c.o)
                0x0000000000015d9c                __libc_fini_array
 .text._OffsetAbsSyms
                0x0000000000015dc8        0x2 zephyr/CMakeFiles/offsets.dir/./arch/arm/core/offsets/offsets.c.obj
                0x0000000000015dc8                _OffsetAbsSyms
 .text.chunk_field
                0x0000000000015dca       0x16 zephyr/libzephyr.a(heap.c.obj)
 .text.chunk_set
                0x0000000000015de0       0x16 zephyr/libzephyr.a(heap.c.obj)
 .text.chunk_size
                0x0000000000015df6        0xc zephyr/libzephyr.a(heap.c.obj)
 .text.set_chunk_used
                0x0000000000015e02       0x30 zephyr/libzephyr.a(heap.c.obj)
 .text.set_chunk_size
                0x0000000000015e32        0x8 zephyr/libzephyr.a(heap.c.obj)
 .text.mem_to_chunkid
                0x0000000000015e3a       0x14 zephyr/libzephyr.a(heap.c.obj)
 .text.bucket_idx.isra.0
                0x0000000000015e4e       0x1c zephyr/libzephyr.a(heap.c.obj)
 .text.free_list_remove_bidx
                0x0000000000015e6a       0x5c zephyr/libzephyr.a(heap.c.obj)
 .text.free_list_remove
                0x0000000000015ec6       0x2e zephyr/libzephyr.a(heap.c.obj)
 .text.alloc_chunk
                0x0000000000015ef4       0x74 zephyr/libzephyr.a(heap.c.obj)
 .text.split_chunks
                0x0000000000015f68       0x4e zephyr/libzephyr.a(heap.c.obj)
 .text.merge_chunks
                0x0000000000015fb6       0x3c zephyr/libzephyr.a(heap.c.obj)
 .text.free_list_add
                0x0000000000015ff2       0x84 zephyr/libzephyr.a(heap.c.obj)
 .text.free_chunk
                0x0000000000016076       0x84 zephyr/libzephyr.a(heap.c.obj)
 .text.sys_heap_free
                0x00000000000160fa       0x24 zephyr/libzephyr.a(heap.c.obj)
                0x00000000000160fa                sys_heap_free
 .text.sys_heap_alloc
                0x000000000001611e       0x6e zephyr/libzephyr.a(heap.c.obj)
                0x000000000001611e                sys_heap_alloc
 .text.sys_heap_aligned_alloc
                0x000000000001618c       0xe8 zephyr/libzephyr.a(heap.c.obj)
                0x000000000001618c                sys_heap_aligned_alloc
 .text.sys_heap_init
                0x0000000000016274       0xb0 zephyr/libzephyr.a(heap.c.obj)
                0x0000000000016274                sys_heap_init
 .text.cbpprintf_external
                0x0000000000016324       0x62 zephyr/libzephyr.a(cbprintf_packaged.c.obj)
                0x0000000000016324                cbpprintf_external
 .text.is_ptr   0x0000000000016386       0x4a zephyr/libzephyr.a(cbprintf_packaged.c.obj)
                0x0000000000016386                is_ptr
 .text.arch_printk_char_out
                0x00000000000163d0        0x4 zephyr/libzephyr.a(printk.c.obj)
                0x00000000000163d0                arch_printk_char_out
 .text.vprintk  0x00000000000163d4        0x4 zephyr/libzephyr.a(printk.c.obj)
                0x00000000000163d4                vprintk
 .text.printk   0x00000000000163d8       0x1a zephyr/libzephyr.a(printk.c.obj)
                0x00000000000163d8                printk
 .text.assert_print
                0x00000000000163f2       0x1a zephyr/libzephyr.a(assert.c.obj)
                0x00000000000163f2                assert_print
 .text.free_space
                0x000000000001640c       0x26 zephyr/libzephyr.a(mpsc_pbuf.c.obj)
 .text.get_usage
                0x0000000000016432       0x22 zephyr/libzephyr.a(mpsc_pbuf.c.obj)
 .text.idx_inc  0x0000000000016454       0x1c zephyr/libzephyr.a(mpsc_pbuf.c.obj)
 .text.rd_idx_inc
                0x0000000000016470       0x18 zephyr/libzephyr.a(mpsc_pbuf.c.obj)
 .text.add_skip_item
                0x0000000000016488       0x3e zephyr/libzephyr.a(mpsc_pbuf.c.obj)
 .text.drop_item_locked
                0x00000000000164c6       0xee zephyr/libzephyr.a(mpsc_pbuf.c.obj)
 .text.post_drop_action
                0x00000000000165b4       0x36 zephyr/libzephyr.a(mpsc_pbuf.c.obj)
 .text.max_utilization_update
                0x00000000000165ea       0x1a zephyr/libzephyr.a(mpsc_pbuf.c.obj)
 .text.mpsc_pbuf_init
                0x0000000000016604       0x42 zephyr/libzephyr.a(mpsc_pbuf.c.obj)
                0x0000000000016604                mpsc_pbuf_init
 .text.mpsc_pbuf_alloc
                0x0000000000016646       0xfe zephyr/libzephyr.a(mpsc_pbuf.c.obj)
                0x0000000000016646                mpsc_pbuf_alloc
 .text.mpsc_pbuf_commit