Archive member included to satisfy reference by file (symbol)

app/libapp.a(main.c.obj)      (--whole-archive)
zephyr/libzephyr.a(heap.c.obj)
                              (--whole-archive)
zephyr/libzephyr.a(cbprintf_packaged.c.obj)
                              (--whole-archive)
zephyr/libzephyr.a(printk.c.obj)
                              (--whole-archive)
zephyr/libzephyr.a(sem.c.obj)
                              (--whole-archive)
zephyr/libzephyr.a(thread_entry.c.obj)
                              (--whole-archive)
zephyr/libzephyr.a(cbprintf_complete.c.obj)
                              (--whole-archive)
zephyr/libzephyr.a(assert.c.obj)
                              (--whole-archive)
zephyr/libzephyr.a(mpsc_pbuf.c.obj)
                              (--whole-archive)
zephyr/libzephyr.a(dec.c.obj)
                              (--whole-archive)
zephyr/libzephyr.a(hex.c.obj)
                              (--whole-archive)
zephyr/libzephyr.a(rb.c.obj)  (--whole-archive)
zephyr/libzephyr.a(timeutil.c.obj)
                              (--whole-archive)
zephyr/libzephyr.a(bitarray.c.obj)
                              (--whole-archive)
zephyr/libzephyr.a(onoff.c.obj)
                              (--whole-archive)
zephyr/libzephyr.a(notify.c.obj)
                              (--whole-archive)
zephyr/libzephyr.a(last_section_id.c.obj)
                              (--whole-archive)
zephyr/libzephyr.a(configs.c.obj)
                              (--whole-archive)
zephyr/libzephyr.a(ipc_service.c.obj)
                              (--whole-archive)
zephyr/libzephyr.a(ipc_rpmsg_static_vrings.c.obj)
                              (--whole-archive)
zephyr/libzephyr.a(ipc_rpmsg.c.obj)
                              (--whole-archive)
zephyr/libzephyr.a(ipc_static_vrings.c.obj)
                              (--whole-archive)
zephyr/libzephyr.a(log_core.c.obj)
                              (--whole-archive)
zephyr/libzephyr.a(log_mgmt.c.obj)
                              (--whole-archive)
zephyr/libzephyr.a(log_cache.c.obj)
                              (--whole-archive)
zephyr/libzephyr.a(log_msg.c.obj)
                              (--whole-archive)
zephyr/libzephyr.a(log_output.c.obj)
                              (--whole-archive)
zephyr/libzephyr.a(log_backend_uart.c.obj)
                              (--whole-archive)
zephyr/libzephyr.a(mem_attr.c.obj)
                              (--whole-archive)
zephyr/libzephyr.a(tracing_none.c.obj)
                              (--whole-archive)
zephyr/libzephyr.a(banner.c.obj)
                              (--whole-archive)
zephyr/libzephyr.a(hci_vs_sdc.c.obj)
                              (--whole-archive)
zephyr/libzephyr.a(lbs.c.obj)
                              (--whole-archive)
zephyr/libzephyr.a(host_extensions.c.obj)
                              (--whole-archive)
zephyr/libzephyr.a(flash_map_partition_manager.c.obj)
                              (--whole-archive)
zephyr/arch/common/libarch__common.a(sw_isr_common.c.obj)
                              (--whole-archive)
zephyr/arch/arch/arm/core/libarch__arm__core.a(fatal.c.obj)
                              (--whole-archive)
zephyr/arch/arch/arm/core/libarch__arm__core.a(nmi.c.obj)
                              (--whole-archive)
zephyr/arch/arch/arm/core/libarch__arm__core.a(nmi_on_reset.S.obj)
                              (--whole-archive)
zephyr/arch/arch/arm/core/libarch__arm__core.a(tls.c.obj)
                              (--whole-archive)
zephyr/arch/arch/arm/core/cortex_m/libarch__arm__core__cortex_m.a(exc_exit.c.obj)
                              (--whole-archive)
zephyr/arch/arch/arm/core/cortex_m/libarch__arm__core__cortex_m.a(fault.c.obj)
                              (--whole-archive)
zephyr/arch/arch/arm/core/cortex_m/libarch__arm__core__cortex_m.a(fault_s.S.obj)
                              (--whole-archive)
zephyr/arch/arch/arm/core/cortex_m/libarch__arm__core__cortex_m.a(fpu.c.obj)
                              (--whole-archive)
zephyr/arch/arch/arm/core/cortex_m/libarch__arm__core__cortex_m.a(reset.S.obj)
                              (--whole-archive)
zephyr/arch/arch/arm/core/cortex_m/libarch__arm__core__cortex_m.a(scb.c.obj)
                              (--whole-archive)
zephyr/arch/arch/arm/core/cortex_m/libarch__arm__core__cortex_m.a(thread_abort.c.obj)
                              (--whole-archive)
zephyr/arch/arch/arm/core/cortex_m/libarch__arm__core__cortex_m.a(vector_table.S.obj)
                              (--whole-archive)
zephyr/arch/arch/arm/core/cortex_m/libarch__arm__core__cortex_m.a(swap_helper.S.obj)
                              (--whole-archive)
zephyr/arch/arch/arm/core/cortex_m/libarch__arm__core__cortex_m.a(irq_manage.c.obj)
                              (--whole-archive)
zephyr/arch/arch/arm/core/cortex_m/libarch__arm__core__cortex_m.a(prep_c.c.obj)
                              (--whole-archive)
[...]
Memory Configuration

Name             Origin             Length             Attributes
FLASH            0x0000000000008000 0x00000000000f8000 xr
RAM              0x0000000020008000 0x0000000000068000 xw
IDT_LIST         0x00000000ffff7fff 0x0000000000008000 xw
*default*        0x0000000000000000 0xffffffffffffffff

Linker script and memory map

                0x00000000000159b4                vfprintf = __l_vfprintf
                0x0000000000000000                vfscanf = __l_vfscanf
LOAD zephyr/CMakeFiles/zephyr_final.dir/misc/empty_file.c.obj
LOAD zephyr/CMakeFiles/zephyr_final.dir/isr_tables.c.obj
LOAD zephyr/CMakeFiles/offsets.dir/./arch/arm/core/offsets/offsets.c.obj
LOAD tfm/api_ns/interface/lib/s_veneers.o
LOAD app/libapp.a
LOAD zephyr/libzephyr.a
LOAD zephyr/arch/common/libarch__common.a
LOAD zephyr/arch/arch/arm/core/libarch__arm__core.a
LOAD zephyr/arch/arch/arm/core/cortex_m/libarch__arm__core__cortex_m.a
LOAD zephyr/arch/arch/arm/core/cortex_m/cmse/libarch__arm__core__cortex_m__cmse.a
LOAD zephyr/arch/arch/arm/core/mpu/libarch__arm__core__mpu.a
LOAD zephyr/lib/libc/picolibc/liblib__libc__picolibc.a
LOAD zephyr/lib/libc/common/liblib__libc__common.a
LOAD zephyr/lib/net_buf/liblib__net_buf.a
LOAD zephyr/soc/soc/nrf5340/libsoc__nordic.a
LOAD zephyr/subsys/random/libsubsys__random.a
LOAD zephyr/subsys/bluetooth/common/libsubsys__bluetooth__common.a
LOAD zephyr/subsys/bluetooth/host/libsubsys__bluetooth__host.a
LOAD zephyr/drivers/bluetooth/libdrivers__bluetooth.a
LOAD zephyr/drivers/clock_control/libdrivers__clock_control.a
LOAD zephyr/drivers/console/libdrivers__console.a
LOAD zephyr/drivers/entropy/libdrivers__entropy.a
LOAD zephyr/drivers/gpio/libdrivers__gpio.a
LOAD zephyr/drivers/mbox/libdrivers__mbox.a
LOAD zephyr/drivers/pinctrl/libdrivers__pinctrl.a
LOAD zephyr/drivers/pwm/libdrivers__pwm.a
LOAD zephyr/drivers/serial/libdrivers__serial.a
LOAD zephyr/drivers/timer/libdrivers__timer.a
LOAD modules/nrf/lib/dk_buttons_and_leds/lib..__nrf__lib__dk_buttons_and_leds.a
LOAD modules/nrf/subsys/nrf_security/src/zephyr/libmbedtls_zephyr.a
LOAD modules/nrf/modules/trusted-firmware-m/lib..__nrf__modules__trusted-firmware-m.a
LOAD modules/nrf/modules/trusted-firmware-m/libtfm_api_nrf.a
LOAD modules/trusted-firmware-m/libtfm_api.a
LOAD modules/hal_nordic/modules/hal_nordic/nrfx/libmodules__hal_nordic__nrfx.a
LOAD modules/libmetal/libmetal/lib/libmetal.a
LOAD modules/open-amp/open-amp/lib/libopen_amp.a
LOAD zephyr/kernel/libkernel.a
LOAD zephyr/arch/common/libisr_tables.a
LOAD modules/nrf/subsys/nrf_security/src/libmbedcrypto.a
LOAD modules/nrf/subsys/nrf_security/src/libmbedcrypto_base.a
LOAD modules/nrf/subsys/nrf_security/src/libnrf_security_utils.a
LOAD zephyr/kernel/libkernel.a
LOAD C:/ncs/SDKs/v3.0.1/nrfxlib/crypto/nrf_oberon/lib/cortex-m33/soft-float/liboberon_mbedtls_3.0.16.a
LOAD C:/ncs/SDKs/v3.0.1/nrfxlib/crypto/nrf_oberon/lib/cortex-m33/soft-float/liboberon_3.0.16.a
LOAD c:\ncs\toolchains\0b393f9e1b\opt\zephyr-sdk\arm-zephyr-eabi\bin\../lib/gcc/../../picolibc/arm-zephyr-eabi/lib/thumb/v8-m.main/nofp\libc.a
LOAD c:/ncs/toolchains/0b393f9e1b/opt/zephyr-sdk/arm-zephyr-eabi/bin/../lib/gcc/arm-zephyr-eabi/12.2.0/thumb/v8-m.main/nofp\libgcc.a
                0x0000000000000020                _region_min_align = 0x20

.rel.plt        0x0000000000008000        0x0
 *(SORT_BY_ALIGNMENT(.rel.plt))
                [!provide]                        PROVIDE (__rel_iplt_start = .)
 *(SORT_BY_ALIGNMENT(.rel.iplt))
 .rel.iplt      0x0000000000008000        0x0 zephyr/CMakeFiles/zephyr_final.dir/isr_tables.c.obj
                [!provide]                        PROVIDE (__rel_iplt_end = .)

.rela.plt       0x0000000000000000        0x0
 *(SORT_BY_ALIGNMENT(.rela.plt))
                [!provide]                        PROVIDE (__rela_iplt_start = .)
 *(SORT_BY_ALIGNMENT(.rela.iplt))
                [!provide]                        PROVIDE (__rela_iplt_end = .)

.rel.dyn
 *(SORT_BY_ALIGNMENT(.rel.*))

.rela.dyn
 *(SORT_BY_ALIGNMENT(.rela.*))

/DISCARD/
 *(SORT_BY_ALIGNMENT(.plt))

/DISCARD/
 *(SORT_BY_ALIGNMENT(.iplt))
                0x0000000000008000                __rom_region_start = 0x8000

rom_start       0x0000000000008000      0x154
                0x0000000000008000                __rom_start_address = .
 FILL mask 0x00
                0x0000000000008000                . = (. + (0x0 - (. - __rom_start_address)))
                0x0000000000008000                . = ALIGN (0x4)
                0x0000000000008000                . = ALIGN (0x80)
                0x0000000000008000                . = ALIGN (0x200)
                0x0000000000008000                _vector_start = .
 *(SORT_BY_ALIGNMENT(.exc_vector_table))
 *(SORT_BY_ALIGNMENT(.exc_vector_table.*))
 .exc_vector_table._vector_table_section
                0x0000000000008000       0x40 zephyr/arch/arch/arm/core/cortex_m/libarch__arm__core__cortex_m.a(vector_table.S.obj)
                0x0000000000008000                _vector_table
 *(SORT_BY_ALIGNMENT(.vectors))
                0x0000000000008154                _vector_end = .
                0x0000000000008040                . = ALIGN (0x4)
 *(SORT_BY_ALIGNMENT(.gnu.linkonce.irq_vector_table*))
 .gnu.linkonce.irq_vector_table
                0x0000000000008040      0x114 zephyr/CMakeFiles/zephyr_final.dir/isr_tables.c.obj
                0x0000000000008040                _irq_vector_table
                0x0000000000008154                _vector_end = .

text            0x0000000000008158    0x12720
                0x0000000000008158                __text_region_start = .
 *(SORT_BY_ALIGNMENT(.text))
 .text          0x0000000000008158       0x30 c:/ncs/toolchains/0b393f9e1b/opt/zephyr-sdk/arm-zephyr-eabi/bin/../lib/gcc/arm-zephyr-eabi/12.2.0/thumb/v8-m.main/nofp\libgcc.a(_aeabi_uldivmod.o)
                0x0000000000008158                __aeabi_uldivmod
 .text          0x0000000000008188        0x4 c:/ncs/toolchains/0b393f9e1b/opt/zephyr-sdk/arm-zephyr-eabi/bin/../lib/gcc/arm-zephyr-eabi/12.2.0/thumb/v8-m.main/nofp\libgcc.a(_dvmd_tls.o)
                0x0000000000008188                __aeabi_idiv0
                0x0000000000008188                __aeabi_ldiv0
 .text          0x000000000000818c       0x14 c:\ncs\toolchains\0b393f9e1b\opt\zephyr-sdk\arm-zephyr-eabi\bin\../lib/gcc/../../picolibc/arm-zephyr-eabi/lib/thumb/v8-m.main/nofp\libc.a(strcmp.S.o)
                0x000000000000818c                strcmp
 .text          0x00000000000081a0       0x10 c:\ncs\toolchains\0b393f9e1b\opt\zephyr-sdk\arm-zephyr-eabi\bin\../lib/gcc/../../picolibc/arm-zephyr-eabi/lib/thumb/v8-m.main/nofp\libc.a(strcpy.S.o)
                0x00000000000081a0                strcpy
 .text          0x00000000000081b0       0x10 c:\ncs\toolchains\0b393f9e1b\opt\zephyr-sdk\arm-zephyr-eabi\bin\../lib/gcc/../../picolibc/arm-zephyr-eabi/lib/thumb/v8-m.main/nofp\libc.a(strlen.S.o)
                0x00000000000081b0                strlen
 .text          0x00000000000081c0      0x29c c:/ncs/toolchains/0b393f9e1b/opt/zephyr-sdk/arm-zephyr-eabi/bin/../lib/gcc/arm-zephyr-eabi/12.2.0/thumb/v8-m.main/nofp\libgcc.a(_udivmoddi4.o)
                0x00000000000081c0                __udivmoddi4
 *(SORT_BY_ALIGNMENT(.text.*))
 *fill*         0x000000000000845c        0x4 
 .text.pwm_set.constprop.0
                0x0000000000008460       0xa4 app/libapp.a(main.c.obj)
 .text.on_disconnected
                0x0000000000008504       0x14 app/libapp.a(main.c.obj)
                0x0000000000008504                on_disconnected
 .text.on_connected.part.0
                0x0000000000008518       0x14 app/libapp.a(main.c.obj)
 .text.on_connected
                0x000000000000852c       0x1c app/libapp.a(main.c.obj)
                0x000000000000852c                on_connected
 .text.led2_write_handler
                0x0000000000008548       0x88 app/libapp.a(main.c.obj)
 .text.led1_write_handler
                0x00000000000085d0       0x88 app/libapp.a(main.c.obj)
 .text.main     0x0000000000008658       0xdc app/libapp.a(main.c.obj)
                0x0000000000008658                main
 .text.cbvprintf_package
                0x0000000000008734      0x3a4 zephyr/libzephyr.a(cbprintf_packaged.c.obj)
                0x0000000000008734                cbvprintf_package
 .text.cbprintf_package_convert
                0x0000000000008ad8      0x3cc zephyr/libzephyr.a(cbprintf_packaged.c.obj)
                0x0000000000008ad8                cbprintf_package_convert
 .text.__printk_hook_install
                0x0000000000008ea4        0xc zephyr/libzephyr.a(printk.c.obj)
                0x0000000000008ea4                __printk_hook_install
 .text.z_thread_entry
                0x0000000000008eb0       0x34 zephyr/libzephyr.a(thread_entry.c.obj)
                0x0000000000008eb0                z_thread_entry
 .text.process_event
                0x0000000000008ee4      0x21c zephyr/libzephyr.a(onoff.c.obj)
 .text.ipc_service_open_instance
                0x0000000000009100       0x40 zephyr/libzephyr.a(ipc_service.c.obj)
                0x0000000000009100                ipc_service_open_instance
 .text.ipc_service_close_instance
                0x0000000000009140       0x40 zephyr/libzephyr.a(ipc_service.c.obj)
                0x0000000000009140                ipc_service_close_instance
 .text.ipc_service_register_endpoint
                0x0000000000009180       0x44 zephyr/libzephyr.a(ipc_service.c.obj)
                0x0000000000009180                ipc_service_register_endpoint
 .text.ipc_service_deregister_endpoint
                0x00000000000091c4       0x58 zephyr/libzephyr.a(ipc_service.c.obj)
                0x00000000000091c4                ipc_service_deregister_endpoint
 .text.ipc_service_send
                0x000000000000921c       0x5c zephyr/libzephyr.a(ipc_service.c.obj)
                0x000000000000921c                ipc_service_send
 .text.shared_memory_prepare
                0x0000000000009278       0x14 zephyr/libzephyr.a(ipc_rpmsg_static_vrings.c.obj)
 .text.advertise_ept
                0x000000000000928c       0x44 zephyr/libzephyr.a(ipc_rpmsg_static_vrings.c.obj)
 .text.get_ept  0x00000000000092d0       0x28 zephyr/libzephyr.a(ipc_rpmsg_static_vrings.c.obj)
 .text.open     0x00000000000092f8      0x1b0 zephyr/libzephyr.a(ipc_rpmsg_static_vrings.c.obj)
 .text.bound_cb
                0x00000000000094a8       0x30 zephyr/libzephyr.a(ipc_rpmsg_static_vrings.c.obj)
 .text.send     0x00000000000094d8       0x4c zephyr/libzephyr.a(ipc_rpmsg_static_vrings.c.obj)
 .text.register_ept
                0x0000000000009524       0xec zephyr/libzephyr.a(ipc_rpmsg_static_vrings.c.obj)
 .text.deregister_ept
                0x0000000000009610       0x44 zephyr/libzephyr.a(ipc_rpmsg_static_vrings.c.obj)
 .text.ns_bind_cb
                0x0000000000009654       0x6c zephyr/libzephyr.a(ipc_rpmsg.c.obj)
 .text.ipc_rpmsg_register_ept
                0x00000000000096c0       0x3c zephyr/libzephyr.a(ipc_rpmsg.c.obj)
                0x00000000000096c0                ipc_rpmsg_register_ept
 .text.ipc_rpmsg_init
                0x00000000000096fc       0x70 zephyr/libzephyr.a(ipc_rpmsg.c.obj)
                0x00000000000096fc                ipc_rpmsg_init
 .text.ipc_static_vrings_init
                0x000000000000976c       0xbc zephyr/libzephyr.a(ipc_static_vrings.c.obj)
                0x000000000000976c                ipc_static_vrings_init
 .text.activate_foreach_backend
                0x0000000000009828       0x64 zephyr/libzephyr.a(log_core.c.obj)
 .text.enable_logger
                0x000000000000988c       0x5c zephyr/libzephyr.a(log_core.c.obj)
 .text.log_process_thread_timer_expiry_fn
                0x00000000000098e8        0xc zephyr/libzephyr.a(log_core.c.obj)
 .text.z_log_init
                0x00000000000098f4       0x90 zephyr/libzephyr.a(log_core.c.obj)
 .text.log_format_func_t_get
                0x0000000000009984        0xc zephyr/libzephyr.a(log_core.c.obj)
                0x0000000000009984                log_format_func_t_get
 .text.log_set_timestamp_func
                0x0000000000009990       0x20 zephyr/libzephyr.a(log_core.c.obj)
                0x0000000000009990                log_set_timestamp_func
 .text.z_log_notify_backend_enabled
                0x00000000000099b0       0x1c zephyr/libzephyr.a(log_core.c.obj)
                0x00000000000099b0                z_log_notify_backend_enabled
 .text.z_log_dropped
                0x00000000000099cc       0x3c zephyr/libzephyr.a(log_core.c.obj)
                0x00000000000099cc                z_log_dropped
 .text.z_log_dropped_read_and_clear
                0x0000000000009a08       0x18 zephyr/libzephyr.a(log_core.c.obj)
                0x0000000000009a08                z_log_dropped_read_and_clear
 .text.dropped_notify
                0x0000000000009a20       0x30 zephyr/libzephyr.a(log_core.c.obj)
                0x0000000000009a20                dropped_notify
 .text.z_log_msg_init
                0x0000000000009a50       0x20 zephyr/libzephyr.a(log_core.c.obj)
                0x0000000000009a50                z_log_msg_init
 .text.log_core_init
                0x0000000000009a70       0x34 zephyr/libzephyr.a(log_core.c.obj)
                0x0000000000009a70                log_core_init
 .text.z_log_msg_alloc
                0x0000000000009aa4       0x10 zephyr/libzephyr.a(log_core.c.obj)
                0x0000000000009aa4                z_log_msg_alloc
 .text.z_log_msg_local_claim
                0x0000000000009ab4        0xc zephyr/libzephyr.a(log_core.c.obj)
                0x0000000000009ab4                z_log_msg_local_claim
 .text.z_log_msg_free
                0x0000000000009ac0       0x10 zephyr/libzephyr.a(log_core.c.obj)
                0x0000000000009ac0                z_log_msg_free
 .text.z_log_msg_pending
                0x0000000000009ad0        0xc zephyr/libzephyr.a(log_core.c.obj)
                0x0000000000009ad0                z_log_msg_pending
 .text.z_impl_log_process
                0x0000000000009adc       0xb4 zephyr/libzephyr.a(log_core.c.obj)
                0x0000000000009adc                z_impl_log_process
 .text.z_impl_log_panic
                0x0000000000009b90       0x44 zephyr/libzephyr.a(log_core.c.obj)
                0x0000000000009b90                z_impl_log_panic
 .text.log_process_thread_func
                0x0000000000009bd4       0xa4 zephyr/libzephyr.a(log_core.c.obj)
 .text.z_log_msg_post_finalize
                0x0000000000009c78       0x78 zephyr/libzephyr.a(log_core.c.obj)
 .text.z_log_msg_commit
                0x0000000000009cf0       0x24 zephyr/libzephyr.a(log_core.c.obj)
                0x0000000000009cf0                z_log_msg_commit
 .text.log_source_name_get
                0x0000000000009d14       0x1c zephyr/libzephyr.a(log_mgmt.c.obj)
                0x0000000000009d14                log_source_name_get
 .text.log_backend_enable
                0x0000000000009d30       0x28 zephyr/libzephyr.a(log_mgmt.c.obj)
                0x0000000000009d30                log_backend_enable
 .text.z_impl_z_log_msg_static_create
                0x0000000000009d58      0x108 zephyr/libzephyr.a(log_msg.c.obj)
                0x0000000000009d58                z_impl_z_log_msg_static_create
 .text.z_log_msg_runtime_vcreate
                0x0000000000009e60       0xa0 zephyr/libzephyr.a(log_msg.c.obj)
                0x0000000000009e60                z_log_msg_runtime_vcreate
 .text.log_msg_get_source_id
                0x0000000000009f00       0x18 zephyr/libzephyr.a(log_msg.c.obj)
                0x0000000000009f00                log_msg_get_source_id
 .text.print_formatted
                0x0000000000009f18       0x24 zephyr/libzephyr.a(log_output.c.obj)
 .text.newline_print
                0x0000000000009f3c       0x1c zephyr/libzephyr.a(log_output.c.obj)
 .text.log_output_process
                0x0000000000009f58      0x2d4 zephyr/libzephyr.a(log_output.c.obj)
                0x0000000000009f58                log_output_process
 .text.log_output_dropped_process
                0x000000000000a22c       0x58 zephyr/libzephyr.a(log_output.c.obj)
                0x000000000000a22c                log_output_dropped_process
 .text.log_output_timestamp_freq_set
                0x000000000000a284       0x2c zephyr/libzephyr.a(log_output.c.obj)
                0x000000000000a284                log_output_timestamp_freq_set
 .text.char_out
                0x000000000000a2b0       0x24 zephyr/libzephyr.a(log_backend_uart.c.obj)
 .text.mem_attr_get_regions
                0x000000000000a2d4        0xc zephyr/libzephyr.a(mem_attr.c.obj)
                0x000000000000a2d4                mem_attr_get_regions
 .text.boot_banner
                0x000000000000a2e0       0x1c zephyr/libzephyr.a(banner.c.obj)
                0x000000000000a2e0                boot_banner
 .text.lbslc_ccc_cfg_changed
                0x000000000000a2fc       0x10 zephyr/libzephyr.a(lbs.c.obj)
 .text.write_led
                0x000000000000a30c       0x3c zephyr/libzephyr.a(lbs.c.obj)
 .text.read_button
                0x000000000000a348       0x44 zephyr/libzephyr.a(lbs.c.obj)
 .text.z_arm_fatal_error
                0x000000000000a38c       0xb8 zephyr/arch/arch/arm/core/libarch__arm__core.a(fatal.c.obj)
                0x000000000000a38c                z_arm_fatal_error
 .text.z_SysNmiOnReset
                0x000000000000a444        0x8 zephyr/arch/arch/arm/core/libarch__arm__core.a(nmi_on_reset.S.obj)
                0x000000000000a444                z_SysNmiOnReset
 .text.arch_tls_stack_setup
                0x000000000000a44c       0x40 zephyr/arch/arch/arm/core/libarch__arm__core.a(tls.c.obj)
                0x000000000000a44c                arch_tls_stack_setup
 .text._HandlerModeExit
                0x000000000000a48c       0x28 zephyr/arch/arch/arm/core/cortex_m/libarch__arm__core__cortex_m.a(exc_exit.c.obj)
                0x000000000000a48c                z_arm_int_exit
                0x000000000000a48c                z_arm_exc_exit
 .text.mem_manage_fault.constprop.0
                0x000000000000a4b4       0xd0 zephyr/arch/arch/arm/core/cortex_m/libarch__arm__core__cortex_m.a(fault.c.obj)
 .text.usage_fault.constprop.0
                0x000000000000a584       0xbc zephyr/arch/arch/arm/core/cortex_m/libarch__arm__core__cortex_m.a(fault.c.obj)
 .text.bus_fault.constprop.0
                0x000000000000a640       0xd0 zephyr/arch/arch/arm/core/cortex_m/libarch__arm__core__cortex_m.a(fault.c.obj)
 .text.z_arm_fault
                0x000000000000a710      0x1e0 zephyr/arch/arch/arm/core/cortex_m/libarch__arm__core__cortex_m.a(fault.c.obj)
                0x000000000000a710                z_arm_fault
 .text.z_arm_fault_init
                0x000000000000a8f0       0x20 zephyr/arch/arch/arm/core/cortex_m/libarch__arm__core__cortex_m.a(fault.c.obj)
                0x000000000000a8f0                z_arm_fault_init
 .text.__fault  0x000000000000a910       0x14 zephyr/arch/arch/arm/core/cortex_m/libarch__arm__core__cortex_m.a(fault_s.S.obj)
                0x000000000000a910                z_arm_usage_fault
                0x000000000000a910                z_arm_mpu_fault
                0x000000000000a910                z_arm_exc_spurious
                0x000000000000a910                z_arm_debug_monitor
                0x000000000000a910                z_arm_hard_fault
                0x000000000000a910                z_arm_bus_fault
 .text._reset_section
                0x000000000000a924       0x60 zephyr/arch/arch/arm/core/cortex_m/libarch__arm__core__cortex_m.a(reset.S.obj)
                0x000000000000a924                __start
                0x000000000000a924                z_arm_reset
 .text.z_arm_clear_arm_mpu_config
                0x000000000000a984       0x24 zephyr/arch/arch/arm/core/cortex_m/libarch__arm__core__cortex_m.a(scb.c.obj)
                0x000000000000a984                z_arm_clear_arm_mpu_config
 .text.z_arm_init_arch_hw_at_boot
                0x000000000000a9a8       0x4c zephyr/arch/arch/arm/core/cortex_m/libarch__arm__core__cortex_m.a(scb.c.obj)
                0x000000000000a9a8                z_arm_init_arch_hw_at_boot
 .text.z_impl_k_thread_abort
                0x000000000000a9f4       0x2c zephyr/arch/arch/arm/core/cortex_m/libarch__arm__core__cortex_m.a(thread_abort.c.obj)
                0x000000000000a9f4                z_impl_k_thread_abort
 .text.z_arm_pendsv
                0x000000000000aa20       0x70 zephyr/arch/arch/arm/core/cortex_m/libarch__arm__core__cortex_m.a(swap_helper.S.obj)
                0x000000000000aa20                z_arm_pendsv
 .text.z_arm_svc
                0x000000000000aa90       0x24 zephyr/arch/arch/arm/core/cortex_m/libarch__arm__core__cortex_m.a(swap_helper.S.obj)
                0x000000000000aa90                z_arm_svc
 .text.arch_irq_enable
                0x000000000000aab4       0x1c zephyr/arch/arch/arm/core/cortex_m/libarch__arm__core__cortex_m.a(irq_manage.c.obj)
                0x000000000000aab4                arch_irq_enable
 .text.arch_irq_disable
                0x000000000000aad0       0x28 zephyr/arch/arch/arm/core/cortex_m/libarch__arm__core__cortex_m.a(irq_manage.c.obj)
                0x000000000000aad0                arch_irq_disable
 .text.arch_irq_is_enabled
                0x000000000000aaf8       0x1c zephyr/arch/arch/arm/core/cortex_m/libarch__arm__core__cortex_m.a(irq_manage.c.obj)
                0x000000000000aaf8                arch_irq_is_enabled
 .text.z_arm_irq_priority_set
                0x000000000000ab14       0x2c zephyr/arch/arch/arm/core/cortex_m/libarch__arm__core__cortex_m.a(irq_manage.c.obj)
                0x000000000000ab14                z_arm_irq_priority_set
 .text.z_prep_c
                0x000000000000ab40       0x38 zephyr/arch/arch/arm/core/cortex_m/libarch__arm__core__cortex_m.a(prep_c.c.obj)
                0x000000000000ab40                z_prep_c
 .text.arch_new_thread
                0x000000000000ab78       0x40 zephyr/arch/arch/arm/core/cortex_m/libarch__arm__core__cortex_m.a(thread.c.obj)
                0x000000000000ab78                arch_new_thread
 .text.arch_switch_to_main_thread
                0x000000000000abb8       0x40 zephyr/arch/arch/arm/core/cortex_m/libarch__arm__core__cortex_m.a(thread.c.obj)
                0x000000000000abb8                arch_switch_to_main_thread
 .text.z_arm_cpu_idle_init
                0x000000000000abf8        0xc zephyr/arch/arch/arm/core/cortex_m/libarch__arm__core__cortex_m.a(cpu_idle.c.obj)
                0x000000000000abf8                z_arm_cpu_idle_init
 .text.z_arm_interrupt_init
                0x000000000000ac04       0x18 zephyr/arch/arch/arm/core/cortex_m/libarch__arm__core__cortex_m.a(irq_init.c.obj)
                0x000000000000ac04                z_arm_interrupt_init
 .text._isr_wrapper
                0x000000000000ac1c       0x24 zephyr/arch/arch/arm/core/cortex_m/libarch__arm__core__cortex_m.a(isr_wrapper.c.obj)
                0x000000000000ac1c                _isr_wrapper
 .text.z_arm_configure_static_mpu_regions
                0x000000000000ac40       0x38 zephyr/arch/arch/arm/core/mpu/libarch__arm__core__mpu.a(arm_core_mpu.c.obj)
                0x000000000000ac40                z_arm_configure_static_mpu_regions
 .text.region_init
                0x000000000000ac78       0x34 zephyr/arch/arch/arm/core/mpu/libarch__arm__core__mpu.a(arm_mpu.c.obj)
 .text.region_allocate_and_init
                0x000000000000acac       0x38 zephyr/arch/arch/arm/core/mpu/libarch__arm__core__mpu.a(arm_mpu.c.obj)
 .text.mpu_configure_regions_and_partition.constprop.0
                0x000000000000ace4      0x164 zephyr/arch/arch/arm/core/mpu/libarch__arm__core__mpu.a(arm_mpu.c.obj)
 .text.arm_core_mpu_enable
                0x000000000000ae48       0x18 zephyr/arch/arch/arm/core/mpu/libarch__arm__core__mpu.a(arm_mpu.c.obj)
                0x000000000000ae48                arm_core_mpu_enable
 .text.arm_core_mpu_disable
                0x000000000000ae60       0x14 zephyr/arch/arch/arm/core/mpu/libarch__arm__core__mpu.a(arm_mpu.c.obj)
                0x000000000000ae60                arm_core_mpu_disable
 .text.arm_core_mpu_configure_static_mpu_regions
                0x000000000000ae74       0x14 zephyr/arch/arch/arm/core/mpu/libarch__arm__core__mpu.a(arm_mpu.c.obj)
                0x000000000000ae74                arm_core_mpu_configure_static_mpu_regions
 .text.arm_core_mpu_mark_areas_for_dynamic_regions
                0x000000000000ae88       0xb8 zephyr/arch/arch/arm/core/mpu/libarch__arm__core__mpu.a(arm_mpu.c.obj)
                0x000000000000ae88                arm_core_mpu_mark_areas_for_dynamic_regions
 .text.z_arm_mpu_init
                0x000000000000af40      0x11c zephyr/arch/arch/arm/core/mpu/libarch__arm__core__mpu.a(arm_mpu.c.obj)
                0x000000000000af40                z_arm_mpu_init
 .text.cbvprintf
                0x000000000000b05c       0x38 zephyr/lib/libc/picolibc/liblib__libc__picolibc.a(cbprintf.c.obj)
                0x000000000000b05c                cbvprintf
 .text._exit    0x000000000000b094       0x10 zephyr/lib/libc/picolibc/liblib__libc__picolibc.a(exit.c.obj)
                0x000000000000b094                _exit
 .text.z_impl_zephyr_fputc
                0x000000000000b0a4       0x10 zephyr/lib/libc/picolibc/liblib__libc__picolibc.a(stdio.c.obj)
                0x000000000000b0a4                z_impl_zephyr_fputc
 .text.__stdout_hook_install
                0x000000000000b0b4       0x18 zephyr/lib/libc/picolibc/liblib__libc__picolibc.a(stdio.c.obj)
                0x000000000000b0b4                __stdout_hook_install
 .text.malloc_prepare
                0x000000000000b0cc       0x24 zephyr/lib/libc/common/liblib__libc__common.a(malloc.c.obj)
 .text.net_buf_destroy
                0x000000000000b0f0       0x38 zephyr/lib/net_buf/liblib__net_buf.a(buf.c.obj)
 .text.net_buf_pool_get
                0x000000000000b128       0x10 zephyr/lib/net_buf/liblib__net_buf.a(buf.c.obj)
                0x000000000000b128                net_buf_pool_get
 .text.net_buf_id
                0x000000000000b138       0x20 zephyr/lib/net_buf/liblib__net_buf.a(buf.c.obj)
                0x000000000000b138                net_buf_id
 .text.fixed_data_alloc
                0x000000000000b158       0x24 zephyr/lib/net_buf/liblib__net_buf.a(buf.c.obj)
 .text.net_buf_alloc_len
                0x000000000000b17c       0xfc zephyr/lib/net_buf/liblib__net_buf.a(buf.c.obj)
                0x000000000000b17c                net_buf_alloc_len
 .text.net_buf_unref
                0x000000000000b278       0x38 zephyr/lib/net_buf/liblib__net_buf.a(buf.c.obj)
                0x000000000000b278                net_buf_unref
 .text.rtc_pretick_init
                0x000000000000b2b0       0x60 zephyr/soc/soc/nrf5340/libsoc__nordic.a(soc.c.obj)
 .text.z_arm_on_enter_cpu_idle
                0x000000000000b310       0x68 zephyr/soc/soc/nrf5340/libsoc__nordic.a(soc.c.obj)
                0x000000000000b310                z_arm_on_enter_cpu_idle
 .text.arch_busy_wait
                0x000000000000b378       0x24 zephyr/soc/soc/nrf5340/libsoc__nordic.a(soc.c.obj)
                0x000000000000b378                arch_busy_wait
 .text.onoff_stop
                0x000000000000b39c       0x14 zephyr/soc/soc/nrf5340/libsoc__nordic.a(nrf53_cpunet_mgmt.c.obj)
 .text.nrf53_cpunet_mgmt_init
                0x000000000000b3b0       0x10 zephyr/soc/soc/nrf5340/libsoc__nordic.a(nrf53_cpunet_mgmt.c.obj)
 .text.onoff_start
                0x000000000000b3c0       0x70 zephyr/soc/soc/nrf5340/libsoc__nordic.a(nrf53_cpunet_mgmt.c.obj)
 .text.nrf53_cpunet_enable
                0x000000000000b430       0x34 zephyr/soc/soc/nrf5340/libsoc__nordic.a(nrf53_cpunet_mgmt.c.obj)
                0x000000000000b430                nrf53_cpunet_enable
 .text.xoshiro128_initialize
                0x000000000000b464       0x18 zephyr/subsys/random/libsubsys__random.a(random_xoshiro128.c.obj)
 .text.bt_hex   0x000000000000b47c       0x44 zephyr/subsys/bluetooth/common/libsubsys__bluetooth__common.a(bt_str.c.obj)
                0x000000000000b47c                bt_hex
 .text.bt_addr_le_str
                0x000000000000b4c0       0x7c zephyr/subsys/bluetooth/common/libsubsys__bluetooth__common.a(bt_str.c.obj)
                0x000000000000b4c0                bt_addr_le_str
 .text.long_wq_init
                0x000000000000b53c       0x38 zephyr/subsys/bluetooth/host/libsubsys__bluetooth__host.a(long_wq.c.obj)
 .text.bt_long_wq_schedule
                0x000000000000b574        0xc zephyr/subsys/bluetooth/host/libsubsys__bluetooth__host.a(long_wq.c.obj)
                0x000000000000b574                bt_long_wq_schedule
 .text.uuid_to_uuid128
                0x000000000000b580       0x78 zephyr/subsys/bluetooth/host/libsubsys__bluetooth__host.a(uuid.c.obj)
 .text.buf_rx_freed_notify
                0x000000000000b5f8       0x20 zephyr/subsys/bluetooth/host/libsubsys__bluetooth__host.a(buf.c.obj)
 .text.bt_buf_get_rx
                0x000000000000b618       0x2c zephyr/subsys/bluetooth/host/libsubsys__bluetooth__host.a(buf.c.obj)
                0x000000000000b618                bt_buf_get_rx
 .text.bt_buf_get_evt
                0x000000000000b644       0x40 zephyr/subsys/bluetooth/host/libsubsys__bluetooth__host.a(buf.c.obj)
                0x000000000000b644                bt_buf_get_evt
 .text.hci_data_buf_overflow
                0x000000000000b684       0x18 zephyr/subsys/bluetooth/host/libsubsys__bluetooth__host.a(hci_core.c.obj)
 .text.hci_disconn_complete_prio
                0x000000000000b69c       0x4c zephyr/subsys/bluetooth/host/libsubsys__bluetooth__host.a(hci_core.c.obj)
 .text.hci_disconn_complete
                0x000000000000b6e8       0x44 zephyr/subsys/bluetooth/host/libsubsys__bluetooth__host.a(hci_core.c.obj)
 .text.le_phy_update_complete
                0x000000000000b72c       0x34 zephyr/subsys/bluetooth/host/libsubsys__bluetooth__host.a(hci_core.c.obj)
 .text.hci_hardware_error
                0x000000000000b760       0x24 zephyr/subsys/bluetooth/host/libsubsys__bluetooth__host.a(hci_core.c.obj)
 .text.rx_queue_put
                0x000000000000b784       0x3c zephyr/subsys/bluetooth/host/libsubsys__bluetooth__host.a(hci_core.c.obj)
 .text.find_pending_connect.part.0
                0x000000000000b7c0       0x2c zephyr/subsys/bluetooth/host/libsubsys__bluetooth__host.a(hci_core.c.obj)
 .text.le_conn_param_neg_reply.part.0
                0x000000000000b7ec       0x14 zephyr/subsys/bluetooth/host/libsubsys__bluetooth__host.a(hci_core.c.obj)
 .text.handle_event.part.0
                0x000000000000b800       0x48 zephyr/subsys/bluetooth/host/libsubsys__bluetooth__host.a(hci_core.c.obj)
 .text.le_remote_feat_complete
                0x000000000000b848       0x54 zephyr/subsys/bluetooth/host/libsubsys__bluetooth__host.a(hci_core.c.obj)
 .text.enh_conn_complete_error_handle
                0x000000000000b89c       0x80 zephyr/subsys/bluetooth/host/libsubsys__bluetooth__host.a(hci_core.c.obj)
 .text.handle_event_common
                0x000000000000b91c       0x50 zephyr/subsys/bluetooth/host/libsubsys__bluetooth__host.a(hci_core.c.obj)
 .text.rx_work_handler
                0x000000000000b96c      0x134 zephyr/subsys/bluetooth/host/libsubsys__bluetooth__host.a(hci_core.c.obj)
 .text.hci_le_meta_event
                0x000000000000baa0       0x20 zephyr/subsys/bluetooth/host/libsubsys__bluetooth__host.a(hci_core.c.obj)
 .text.hci_vendor_event
                0x000000000000bac0       0x68 zephyr/subsys/bluetooth/host/libsubsys__bluetooth__host.a(hci_core.c.obj)
 .text.hci_cmd_done.part.0
                0x000000000000bb28      0x138 zephyr/subsys/bluetooth/host/libsubsys__bluetooth__host.a(hci_core.c.obj)
 .text.hci_num_completed_packets
                0x000000000000bc60       0xec zephyr/subsys/bluetooth/host/libsubsys__bluetooth__host.a(hci_core.c.obj)
 .text.le_conn_update_complete
                0x000000000000bd4c      0x118 zephyr/subsys/bluetooth/host/libsubsys__bluetooth__host.a(hci_core.c.obj)
 .text.hci_reset_complete
                0x000000000000be64       0x1c zephyr/subsys/bluetooth/host/libsubsys__bluetooth__host.a(hci_core.c.obj)
 .text.bt_hci_cmd_state_set_init
                0x000000000000be80       0x24 zephyr/subsys/bluetooth/host/libsubsys__bluetooth__host.a(hci_core.c.obj)
                0x000000000000be80                bt_hci_cmd_state_set_init
 .text.bt_hci_cmd_create
                0x000000000000bea4       0x78 zephyr/subsys/bluetooth/host/libsubsys__bluetooth__host.a(hci_core.c.obj)
                0x000000000000bea4                bt_hci_cmd_create
 .text.bt_hci_get_ver_str
                0x000000000000bf1c       0x3c zephyr/subsys/bluetooth/host/libsubsys__bluetooth__host.a(hci_core.c.obj)
                0x000000000000bf1c                bt_hci_get_ver_str
 .text.bt_send  0x000000000000bf58       0x14 zephyr/subsys/bluetooth/host/libsubsys__bluetooth__host.a(hci_core.c.obj)
                0x000000000000bf58                bt_send
 .text.hci_event_prio
                0x000000000000bf6c       0xa0 zephyr/subsys/bluetooth/host/libsubsys__bluetooth__host.a(hci_core.c.obj)
                0x000000000000bf6c                hci_event_prio
 .text.bt_hci_recv
                0x000000000000c00c       0x5c zephyr/subsys/bluetooth/host/libsubsys__bluetooth__host.a(hci_core.c.obj)
                0x000000000000c00c                bt_hci_recv
 .text.bt_finalize_init
                0x000000000000c068      0x134 zephyr/subsys/bluetooth/host/libsubsys__bluetooth__host.a(hci_core.c.obj)
                0x000000000000c068                bt_finalize_init
 .text.bt_get_name
                0x000000000000c19c        0x8 zephyr/subsys/bluetooth/host/libsubsys__bluetooth__host.a(hci_core.c.obj)
                0x000000000000c19c                bt_get_name
 .text.bt_tx_irq_raise
                0x000000000000c1a4        0xc zephyr/subsys/bluetooth/host/libsubsys__bluetooth__host.a(hci_core.c.obj)
                0x000000000000c1a4                bt_tx_irq_raise
 .text.bt_hci_cmd_send
                0x000000000000c1b0       0x5c zephyr/subsys/bluetooth/host/libsubsys__bluetooth__host.a(hci_core.c.obj)
                0x000000000000c1b0                bt_hci_cmd_send
 .text.bt_send_one_host_num_completed_packets
                0x000000000000c20c       0xa0 zephyr/subsys/bluetooth/host/libsubsys__bluetooth__host.a(hci_core.c.obj)
                0x000000000000c20c                bt_send_one_host_num_completed_packets
 .text.bt_hci_host_num_completed_packets
                0x000000000000c2ac       0x98 zephyr/subsys/bluetooth/host/libsubsys__bluetooth__host.a(hci_core.c.obj)
                0x000000000000c2ac                bt_hci_host_num_completed_packets
 .text.le_conn_param_req
                0x000000000000c344       0xc0 zephyr/subsys/bluetooth/host/libsubsys__bluetooth__host.a(hci_core.c.obj)
 .text.process_pending_cmd
                0x000000000000c404       0xd8 zephyr/subsys/bluetooth/host/libsubsys__bluetooth__host.a(hci_core.c.obj)
 .text.bt_hci_cmd_send_sync
                0x000000000000c4dc      0x1b0 zephyr/subsys/bluetooth/host/libsubsys__bluetooth__host.a(hci_core.c.obj)
                0x000000000000c4dc                bt_hci_cmd_send_sync
 .text.bt_init  0x000000000000c68c      0x4cc zephyr/subsys/bluetooth/host/libsubsys__bluetooth__host.a(hci_core.c.obj)
 .text.init_work
                0x000000000000cb58       0x18 zephyr/subsys/bluetooth/host/libsubsys__bluetooth__host.a(hci_core.c.obj)
 .text.bt_enable
                0x000000000000cb70       0xd0 zephyr/subsys/bluetooth/host/libsubsys__bluetooth__host.a(hci_core.c.obj)
                0x000000000000cb70                bt_enable
 .text.bt_hci_le_rand
                0x000000000000cc40       0x58 zephyr/subsys/bluetooth/host/libsubsys__bluetooth__host.a(hci_core.c.obj)
                0x000000000000cc40                bt_hci_le_rand
 .text.bt_hci_le_enh_conn_complete
                0x000000000000cc98      0x1ac zephyr/subsys/bluetooth/host/libsubsys__bluetooth__host.a(hci_core.c.obj)
                0x000000000000cc98                bt_hci_le_enh_conn_complete
 .text.le_legacy_conn_complete
                0x000000000000ce44       0x7c zephyr/subsys/bluetooth/host/libsubsys__bluetooth__host.a(hci_core.c.obj)
 .text.hci_cmd_status
                0x000000000000cec0       0x34 zephyr/subsys/bluetooth/host/libsubsys__bluetooth__host.a(hci_core.c.obj)
 .text.hci_cmd_complete
                0x000000000000cef4       0x78 zephyr/subsys/bluetooth/host/libsubsys__bluetooth__host.a(hci_core.c.obj)
 .text.id_find  0x000000000000cf6c       0x30 zephyr/subsys/bluetooth/host/libsubsys__bluetooth__host.a(id.c.obj)
 .text.set_random_address
                0x000000000000cf9c       0x74 zephyr/subsys/bluetooth/host/libsubsys__bluetooth__host.a(id.c.obj)
 .text.id_create.constprop.0
                0x000000000000d010       0x74 zephyr/subsys/bluetooth/host/libsubsys__bluetooth__host.a(id.c.obj)
 .text.bt_id_create
                0x000000000000d084       0x98 zephyr/subsys/bluetooth/host/libsubsys__bluetooth__host.a(id.c.obj)
                0x000000000000d084                bt_id_create
 .text.bt_id_read_public_addr
                0x000000000000d11c       0x88 zephyr/subsys/bluetooth/host/libsubsys__bluetooth__host.a(id.c.obj)
                0x000000000000d11c                bt_id_read_public_addr
 .text.bt_setup_public_id_addr
                0x000000000000d1a4       0x20 zephyr/subsys/bluetooth/host/libsubsys__bluetooth__host.a(id.c.obj)
                0x000000000000d1a4                bt_setup_public_id_addr
 .text.bt_setup_random_id_addr
                0x000000000000d1c4       0xd8 zephyr/subsys/bluetooth/host/libsubsys__bluetooth__host.a(id.c.obj)
                0x000000000000d1c4                bt_setup_random_id_addr
 .text.bt_id_set_adv_own_addr
                0x000000000000d29c       0xe0 zephyr/subsys/bluetooth/host/libsubsys__bluetooth__host.a(id.c.obj)
                0x000000000000d29c                bt_id_set_adv_own_addr
 .text.bt_id_init
                0x000000000000d37c       0x54 zephyr/subsys/bluetooth/host/libsubsys__bluetooth__host.a(id.c.obj)
                0x000000000000d37c                bt_id_init
 .text.hci_set_ad
                0x000000000000d3d0       0xd0 zephyr/subsys/bluetooth/host/libsubsys__bluetooth__host.a(adv.c.obj)
 .text.adv_is_directed
                0x000000000000d4a0       0x18 zephyr/subsys/bluetooth/host/libsubsys__bluetooth__host.a(adv.c.obj)
 .text.le_adv_start_add_conn
                0x000000000000d4b8       0x60 zephyr/subsys/bluetooth/host/libsubsys__bluetooth__host.a(adv.c.obj)
 .text.valid_adv_param
                0x000000000000d518       0x84 zephyr/subsys/bluetooth/host/libsubsys__bluetooth__host.a(adv.c.obj)
 .text.bt_le_adv_lookup_legacy
                0x000000000000d59c        0x8 zephyr/subsys/bluetooth/host/libsubsys__bluetooth__host.a(adv.c.obj)
                0x000000000000d59c                bt_le_adv_lookup_legacy
 .text.bt_le_adv_start_legacy
                0x000000000000d5a4      0x278 zephyr/subsys/bluetooth/host/libsubsys__bluetooth__host.a(adv.c.obj)
                0x000000000000d5a4                bt_le_adv_start_legacy
 .text.bt_le_adv_start
                0x000000000000d81c       0x64 zephyr/subsys/bluetooth/host/libsubsys__bluetooth__host.a(adv.c.obj)
                0x000000000000d81c                bt_le_adv_start
 .text.bt_le_adv_stop
                0x000000000000d880       0x78 zephyr/subsys/bluetooth/host/libsubsys__bluetooth__host.a(adv.c.obj)
                0x000000000000d880                bt_le_adv_stop
 .text.adv_timeout
                0x000000000000d8f8       0x24 zephyr/subsys/bluetooth/host/libsubsys__bluetooth__host.a(adv.c.obj)
 .text.bt_le_adv_resume
                0x000000000000d91c       0xe0 zephyr/subsys/bluetooth/host/libsubsys__bluetooth__host.a(adv.c.obj)
                0x000000000000d91c                bt_le_adv_resume
 .text.bt_crypto_init
                0x000000000000d9fc       0x24 zephyr/subsys/bluetooth/host/libsubsys__bluetooth__host.a(crypto_psa.c.obj)
                0x000000000000d9fc                bt_crypto_init
 .text.bt_rand  0x000000000000da20       0x24 zephyr/subsys/bluetooth/host/libsubsys__bluetooth__host.a(crypto_psa.c.obj)
                0x000000000000da20                bt_rand
 .text.notify_connected
                0x000000000000da44       0x40 zephyr/subsys/bluetooth/host/libsubsys__bluetooth__host.a(conn.c.obj)
 .text.frag_destroy
                0x000000000000da84       0x20 zephyr/subsys/bluetooth/host/libsubsys__bluetooth__host.a(conn.c.obj)
                0x000000000000da84                frag_destroy
 .text.conn_tx_destroy
                0x000000000000daa4       0x2c zephyr/subsys/bluetooth/host/libsubsys__bluetooth__host.a(conn.c.obj)
 .text.get_data_frag
                0x000000000000dad0       0x38 zephyr/subsys/bluetooth/host/libsubsys__bluetooth__host.a(conn.c.obj)
 .text.recycled_work_handler
                0x000000000000db08       0x54 zephyr/subsys/bluetooth/host/libsubsys__bluetooth__host.a(conn.c.obj)
 .text.tx_notify_process
                0x000000000000db5c       0x60 zephyr/subsys/bluetooth/host/libsubsys__bluetooth__host.a(conn.c.obj)
 .text.perform_auto_initiated_procedures.part.0
                0x000000000000dbbc       0x88 zephyr/subsys/bluetooth/host/libsubsys__bluetooth__host.a(conn.c.obj)
 .text.bt_conn_get_pkts
                0x000000000000dc44       0x18 zephyr/subsys/bluetooth/host/libsubsys__bluetooth__host.a(conn.c.obj)
                0x000000000000dc44                bt_conn_get_pkts
 .text.bt_conn_tx_notify
                0x000000000000dc5c       0x44 zephyr/subsys/bluetooth/host/libsubsys__bluetooth__host.a(conn.c.obj)
                0x000000000000dc5c                bt_conn_tx_notify
 .text.bt_conn_new
                0x000000000000dca0       0x5c zephyr/subsys/bluetooth/host/libsubsys__bluetooth__host.a(conn.c.obj)
                0x000000000000dca0                bt_conn_new
 .text.bt_conn_recv
                0x000000000000dcfc      0x114 zephyr/subsys/bluetooth/host/libsubsys__bluetooth__host.a(conn.c.obj)
                0x000000000000dcfc                bt_conn_recv
 .text.bt_conn_data_ready
                0x000000000000de10       0x4c zephyr/subsys/bluetooth/host/libsubsys__bluetooth__host.a(conn.c.obj)
                0x000000000000de10                bt_conn_data_ready
 .text.get_conn_ready
                0x000000000000de5c       0xf8 zephyr/subsys/bluetooth/host/libsubsys__bluetooth__host.a(conn.c.obj)
                0x000000000000de5c                get_conn_ready
 .text.bt_conn_unref
                0x000000000000df54       0x4c zephyr/subsys/bluetooth/host/libsubsys__bluetooth__host.a(conn.c.obj)
                0x000000000000df54                bt_conn_unref
 .text.bt_conn_set_state
                0x000000000000dfa0      0x1c4 zephyr/subsys/bluetooth/host/libsubsys__bluetooth__host.a(conn.c.obj)
                0x000000000000dfa0                bt_conn_set_state
 .text.bt_conn_lookup_handle
                0x000000000000e164       0x40 zephyr/subsys/bluetooth/host/libsubsys__bluetooth__host.a(conn.c.obj)
                0x000000000000e164                bt_conn_lookup_handle
 .text.bt_conn_foreach
                0x000000000000e1a4       0x30 zephyr/subsys/bluetooth/host/libsubsys__bluetooth__host.a(conn.c.obj)
                0x000000000000e1a4                bt_conn_foreach
 .text.auto_initiated_procedures
                0x000000000000e1d4       0x10 zephyr/subsys/bluetooth/host/libsubsys__bluetooth__host.a(conn.c.obj)
 .text.bt_conn_index
                0x000000000000e1e4       0x18 zephyr/subsys/bluetooth/host/libsubsys__bluetooth__host.a(conn.c.obj)
                0x000000000000e1e4                bt_conn_index
 .text.bt_conn_create_pdu_timeout
                0x000000000000e1fc       0x6c zephyr/subsys/bluetooth/host/libsubsys__bluetooth__host.a(conn.c.obj)
                0x000000000000e1fc                bt_conn_create_pdu_timeout
 .text.bt_conn_connected
                0x000000000000e268       0x20 zephyr/subsys/bluetooth/host/libsubsys__bluetooth__host.a(conn.c.obj)
                0x000000000000e268                bt_conn_connected
 .text.bt_conn_tx_processor
                0x000000000000e288      0x234 zephyr/subsys/bluetooth/host/libsubsys__bluetooth__host.a(conn.c.obj)
                0x000000000000e288                bt_conn_tx_processor
 .text.notify_le_param_updated
                0x000000000000e4bc       0x8c zephyr/subsys/bluetooth/host/libsubsys__bluetooth__host.a(conn.c.obj)
                0x000000000000e4bc                notify_le_param_updated
 .text.le_param_req
                0x000000000000e548       0x78 zephyr/subsys/bluetooth/host/libsubsys__bluetooth__host.a(conn.c.obj)
                0x000000000000e548                le_param_req
 .text.bt_conn_cb_register
                0x000000000000e5c0       0x30 zephyr/subsys/bluetooth/host/libsubsys__bluetooth__host.a(conn.c.obj)
                0x000000000000e5c0                bt_conn_cb_register
 .text.bt_conn_add_le
                0x000000000000e5f0       0x54 zephyr/subsys/bluetooth/host/libsubsys__bluetooth__host.a(conn.c.obj)
                0x000000000000e5f0                bt_conn_add_le
 .text.bt_conn_lookup_addr_le
                0x000000000000e644       0x34 zephyr/subsys/bluetooth/host/libsubsys__bluetooth__host.a(conn.c.obj)
                0x000000000000e644                bt_conn_lookup_addr_le
 .text.bt_conn_exists_le
                0x000000000000e678       0x70 zephyr/subsys/bluetooth/host/libsubsys__bluetooth__host.a(conn.c.obj)
                0x000000000000e678                bt_conn_exists_le
 .text.bt_conn_lookup_state_le
                0x000000000000e6e8       0x44 zephyr/subsys/bluetooth/host/libsubsys__bluetooth__host.a(conn.c.obj)
                0x000000000000e6e8                bt_conn_lookup_state_le
 .text.send_conn_le_param_update
                0x000000000000e72c       0x68 zephyr/subsys/bluetooth/host/libsubsys__bluetooth__host.a(conn.c.obj)
 .text.deferred_work
                0x000000000000e794      0x100 zephyr/subsys/bluetooth/host/libsubsys__bluetooth__host.a(conn.c.obj)
 .text.bt_conn_lookup_index
                0x000000000000e894       0x10 zephyr/subsys/bluetooth/host/libsubsys__bluetooth__host.a(conn.c.obj)
                0x000000000000e894                bt_conn_lookup_index
 .text.bt_conn_init
                0x000000000000e8a4       0x44 zephyr/subsys/bluetooth/host/libsubsys__bluetooth__host.a(conn.c.obj)
                0x000000000000e8a4                bt_conn_init
 .text.l2cap_create_le_sig_pdu.part.0
                0x000000000000e8e8       0x1c zephyr/subsys/bluetooth/host/libsubsys__bluetooth__host.a(l2cap.c.obj)
 .text.l2cap_accept.part.0
                0x000000000000e904       0x30 zephyr/subsys/bluetooth/host/libsubsys__bluetooth__host.a(l2cap.c.obj)
 .text.l2cap_accept
                0x000000000000e934       0x1c zephyr/subsys/bluetooth/host/libsubsys__bluetooth__host.a(l2cap.c.obj)
 .text.bt_l2cap_connected
                0x000000000000e950       0x98 zephyr/subsys/bluetooth/host/libsubsys__bluetooth__host.a(l2cap.c.obj)
                0x000000000000e950                bt_l2cap_connected
 .text.bt_l2cap_create_pdu_timeout
                0x000000000000e9e8       0x30 zephyr/subsys/bluetooth/host/libsubsys__bluetooth__host.a(l2cap.c.obj)
                0x000000000000e9e8                bt_l2cap_create_pdu_timeout
 .text.bt_l2cap_send_pdu
                0x000000000000ea18       0x5c zephyr/subsys/bluetooth/host/libsubsys__bluetooth__host.a(l2cap.c.obj)
                0x000000000000ea18                bt_l2cap_send_pdu
 .text.l2cap_data_pull
                0x000000000000ea74       0xfc zephyr/subsys/bluetooth/host/libsubsys__bluetooth__host.a(l2cap.c.obj)
                0x000000000000ea74                l2cap_data_pull
 .text.l2cap_recv.part.0
                0x000000000000eb70       0x9c zephyr/subsys/bluetooth/host/libsubsys__bluetooth__host.a(l2cap.c.obj)
 .text.l2cap_recv
                0x000000000000ec0c       0x24 zephyr/subsys/bluetooth/host/libsubsys__bluetooth__host.a(l2cap.c.obj)
 .text.bt_l2cap_recv
                0x000000000000ec30       0x58 zephyr/subsys/bluetooth/host/libsubsys__bluetooth__host.a(l2cap.c.obj)
                0x000000000000ec30                bt_l2cap_recv
 .text.bt_l2cap_update_conn_param
                0x000000000000ec88       0x50 zephyr/subsys/bluetooth/host/libsubsys__bluetooth__host.a(l2cap.c.obj)
                0x000000000000ec88                bt_l2cap_update_conn_param
 .text.att_op_get_type
                0x000000000000ecd8       0x74 zephyr/subsys/bluetooth/host/libsubsys__bluetooth__host.a(att.c.obj)
 .text.bt_att_released
                0x000000000000ed4c        0xc zephyr/subsys/bluetooth/host/libsubsys__bluetooth__host.a(att.c.obj)
 .text.bt_att_connected
                0x000000000000ed58       0x38 zephyr/subsys/bluetooth/host/libsubsys__bluetooth__host.a(att.c.obj)
 .text.read_group_cb
                0x000000000000ed90       0xb8 zephyr/subsys/bluetooth/host/libsubsys__bluetooth__host.a(att.c.obj)
 .text.bt_att_accept
                0x000000000000ee48      0x120 zephyr/subsys/bluetooth/host/libsubsys__bluetooth__host.a(att.c.obj)
 .text.read_type_cb
                0x000000000000ef68       0xac zephyr/subsys/bluetooth/host/libsubsys__bluetooth__host.a(att.c.obj)
 .text.bt_att_chan_create_pdu
                0x000000000000f014       0xb8 zephyr/subsys/bluetooth/host/libsubsys__bluetooth__host.a(att.c.obj)
 .text.find_type_cb
                0x000000000000f0cc      0x164 zephyr/subsys/bluetooth/host/libsubsys__bluetooth__host.a(att.c.obj)
 .text.chan_send
                0x000000000000f230       0xe0 zephyr/subsys/bluetooth/host/libsubsys__bluetooth__host.a(att.c.obj)
 .text.att_tx_destroy
                0x000000000000f310      0x10c zephyr/subsys/bluetooth/host/libsubsys__bluetooth__host.a(att.c.obj)
 .text.bt_att_recv
                0x000000000000f41c       0xc8 zephyr/subsys/bluetooth/host/libsubsys__bluetooth__host.a(att.c.obj)
 .text.att_write_rsp.constprop.0
                0x000000000000f4e4       0xc0 zephyr/subsys/bluetooth/host/libsubsys__bluetooth__host.a(att.c.obj)
 .text.att_get  0x000000000000f5a4       0x4c zephyr/subsys/bluetooth/host/libsubsys__bluetooth__host.a(att.c.obj)
 .text.bt_att_create_pdu
                0x000000000000f5f0       0x64 zephyr/subsys/bluetooth/host/libsubsys__bluetooth__host.a(att.c.obj)
                0x000000000000f5f0                bt_att_create_pdu
 .text.bt_att_create_rsp_pdu
                0x000000000000f654       0x60 zephyr/subsys/bluetooth/host/libsubsys__bluetooth__host.a(att.c.obj)
                0x000000000000f654                bt_att_create_rsp_pdu
 .text.att_read_group_req
                0x000000000000f6b4       0xf0 zephyr/subsys/bluetooth/host/libsubsys__bluetooth__host.a(att.c.obj)
 .text.att_read_mult_vl_req
                0x000000000000f7a4       0x9c zephyr/subsys/bluetooth/host/libsubsys__bluetooth__host.a(att.c.obj)
 .text.att_read_mult_req
                0x000000000000f840       0x9c zephyr/subsys/bluetooth/host/libsubsys__bluetooth__host.a(att.c.obj)
 .text.att_read_rsp
                0x000000000000f8dc       0x90 zephyr/subsys/bluetooth/host/libsubsys__bluetooth__host.a(att.c.obj)
 .text.att_read_type_req
                0x000000000000f96c      0x114 zephyr/subsys/bluetooth/host/libsubsys__bluetooth__host.a(att.c.obj)
 .text.att_find_type_req
                0x000000000000fa80       0xc0 zephyr/subsys/bluetooth/host/libsubsys__bluetooth__host.a(att.c.obj)
 .text.att_find_info_req
                0x000000000000fb40       0x6c zephyr/subsys/bluetooth/host/libsubsys__bluetooth__host.a(att.c.obj)
 .text.bt_att_req_alloc
                0x000000000000fbac       0x50 zephyr/subsys/bluetooth/host/libsubsys__bluetooth__host.a(att.c.obj)
                0x000000000000fbac                bt_att_req_alloc
 .text.bt_att_req_free
                0x000000000000fbfc       0x20 zephyr/subsys/bluetooth/host/libsubsys__bluetooth__host.a(att.c.obj)
                0x000000000000fbfc                bt_att_req_free
 .text.att_handle_rsp
                0x000000000000fc1c       0x80 zephyr/subsys/bluetooth/host/libsubsys__bluetooth__host.a(att.c.obj)
 .text.bt_att_disconnected
                0x000000000000fc9c       0xc0 zephyr/subsys/bluetooth/host/libsubsys__bluetooth__host.a(att.c.obj)
 .text.att_timeout
                0x000000000000fd5c       0xe4 zephyr/subsys/bluetooth/host/libsubsys__bluetooth__host.a(att.c.obj)
 .text.bt_att_set_tx_meta_data
                0x000000000000fe40       0x24 zephyr/subsys/bluetooth/host/libsubsys__bluetooth__host.a(att.c.obj)
                0x000000000000fe40                bt_att_set_tx_meta_data
 .text.db_hash_update
                0x000000000000fe64       0x24 zephyr/subsys/bluetooth/host/libsubsys__bluetooth__host.a(gatt.c.obj)
 .text.find_cf_cfg
                0x000000000000fe88       0x30 zephyr/subsys/bluetooth/host/libsubsys__bluetooth__host.a(gatt.c.obj)
 .text.find_sc_cfg
                0x000000000000feb8       0x24 zephyr/subsys/bluetooth/host/libsubsys__bluetooth__host.a(gatt.c.obj)
 .text.find_ccc_cfg
                0x000000000000fedc       0x28 zephyr/subsys/bluetooth/host/libsubsys__bluetooth__host.a(gatt.c.obj)
 .text.bt_gatt_attr_write_ccc
                0x000000000000ff04       0xbc zephyr/subsys/bluetooth/host/libsubsys__bluetooth__host.a(gatt.c.obj)
                0x000000000000ff04                bt_gatt_attr_write_ccc
 .text.clear_cf_cfg
                0x000000000000ffc0       0x28 zephyr/subsys/bluetooth/host/libsubsys__bluetooth__host.a(gatt.c.obj)
 .text.sc_save  0x000000000000ffe8       0x60 zephyr/subsys/bluetooth/host/libsubsys__bluetooth__host.a(gatt.c.obj)
 .text.bt_gatt_attr_read.part.0
                0x0000000000010048       0x1c zephyr/subsys/bluetooth/host/libsubsys__bluetooth__host.a(gatt.c.obj)
 .text.read_ppcp
                0x0000000000010064       0x28 zephyr/subsys/bluetooth/host/libsubsys__bluetooth__host.a(gatt.c.obj)
 .text.disconnected_cb
                0x000000000001008c       0xa0 zephyr/subsys/bluetooth/host/libsubsys__bluetooth__host.a(gatt.c.obj)
 .text.cf_write
                0x000000000001012c       0x98 zephyr/subsys/bluetooth/host/libsubsys__bluetooth__host.a(gatt.c.obj)
 .text.sc_indicate_rsp
                0x00000000000101c4       0x4c zephyr/subsys/bluetooth/host/libsubsys__bluetooth__host.a(gatt.c.obj)
 .text.bt_gatt_init
                0x0000000000010210       0x78 zephyr/subsys/bluetooth/host/libsubsys__bluetooth__host.a(gatt.c.obj)
                0x0000000000010210                bt_gatt_init
 .text.bt_gatt_attr_get_handle
                0x0000000000010288       0x60 zephyr/subsys/bluetooth/host/libsubsys__bluetooth__host.a(gatt.c.obj)
                0x0000000000010288                bt_gatt_attr_get_handle
 .text.bt_gatt_foreach_attr_type
                0x00000000000102e8       0xb4 zephyr/subsys/bluetooth/host/libsubsys__bluetooth__host.a(gatt.c.obj)
                0x00000000000102e8                bt_gatt_foreach_attr_type
 .text.db_hash_gen
                0x000000000001039c       0xc4 zephyr/subsys/bluetooth/host/libsubsys__bluetooth__host.a(gatt.c.obj)
 .text.db_hash_read
                0x0000000000010460       0x64 zephyr/subsys/bluetooth/host/libsubsys__bluetooth__host.a(gatt.c.obj)
 .text.db_hash_process
                0x00000000000104c4       0x14 zephyr/subsys/bluetooth/host/libsubsys__bluetooth__host.a(gatt.c.obj)
 .text.bt_gatt_attr_next
                0x00000000000104d8       0x24 zephyr/subsys/bluetooth/host/libsubsys__bluetooth__host.a(gatt.c.obj)
                0x00000000000104d8                bt_gatt_attr_next
 .text.bt_gatt_is_subscribed
                0x00000000000104fc      0x17c zephyr/subsys/bluetooth/host/libsubsys__bluetooth__host.a(gatt.c.obj)
                0x00000000000104fc                bt_gatt_is_subscribed
 .text.gatt_indicate
                0x0000000000010678       0xcc zephyr/subsys/bluetooth/host/libsubsys__bluetooth__host.a(gatt.c.obj)
 .text.bt_gatt_indicate
                0x0000000000010744       0xf0 zephyr/subsys/bluetooth/host/libsubsys__bluetooth__host.a(gatt.c.obj)
                0x0000000000010744                bt_gatt_indicate
 .text.sc_process
                0x0000000000010834       0x60 zephyr/subsys/bluetooth/host/libsubsys__bluetooth__host.a(gatt.c.obj)
 .text.update_ccc
                0x0000000000010894       0xf4 zephyr/subsys/bluetooth/host/libsubsys__bluetooth__host.a(gatt.c.obj)
 .text.gatt_notify
                0x0000000000010988       0x98 zephyr/subsys/bluetooth/host/libsubsys__bluetooth__host.a(gatt.c.obj)
 .text.notify_cb
                0x0000000000010a20      0x110 zephyr/subsys/bluetooth/host/libsubsys__bluetooth__host.a(gatt.c.obj)
 .text.bt_gatt_connected
                0x0000000000010b30       0x20 zephyr/subsys/bluetooth/host/libsubsys__bluetooth__host.a(gatt.c.obj)
                0x0000000000010b30                bt_gatt_connected
 .text.bt_gatt_att_max_mtu_changed
                0x0000000000010b50       0x28 zephyr/subsys/bluetooth/host/libsubsys__bluetooth__host.a(gatt.c.obj)
                0x0000000000010b50                bt_gatt_att_max_mtu_changed
 .text.bt_gatt_disconnected
                0x0000000000010b78       0x48 zephyr/subsys/bluetooth/host/libsubsys__bluetooth__host.a(gatt.c.obj)
                0x0000000000010b78                bt_gatt_disconnected
 .text.bt_smp_accept.part.0
                0x0000000000010bc0       0x30 zephyr/subsys/bluetooth/host/libsubsys__bluetooth__host.a(smp_null.c.obj)
 .text.bt_smp_accept
                0x0000000000010bf0       0x1c zephyr/subsys/bluetooth/host/libsubsys__bluetooth__host.a(smp_null.c.obj)
 .text.bt_ipc_send
                0x0000000000010c0c       0x7c zephyr/drivers/bluetooth/libdrivers__bluetooth.a(ipc.c.obj)
 .text.hci_ept_recv
                0x0000000000010c88      0x1f0 zephyr/drivers/bluetooth/libdrivers__bluetooth.a(ipc.c.obj)
 .text.bt_ipc_open
                0x0000000000010e78       0x7c zephyr/drivers/bluetooth/libdrivers__bluetooth.a(ipc.c.obj)
 .text.bt_ipc_close
                0x0000000000010ef4       0x50 zephyr/drivers/bluetooth/libdrivers__bluetooth.a(ipc.c.obj)
 .text.onoff_stop
                0x0000000000010f44       0x30 zephyr/drivers/clock_control/libdrivers__clock_control.a(clock_control_nrf.c.obj)
 .text.onoff_start
                0x0000000000010f74       0x44 zephyr/drivers/clock_control/libdrivers__clock_control.a(clock_control_nrf.c.obj)
 .text.generic_hfclk_stop
                0x0000000000010fb8       0x34 zephyr/drivers/clock_control/libdrivers__clock_control.a(clock_control_nrf.c.obj)
 .text.clk_init
                0x0000000000010fec       0x64 zephyr/drivers/clock_control/libdrivers__clock_control.a(clock_control_nrf.c.obj)
 .text.api_blocking_start
                0x0000000000011050       0x3c zephyr/drivers/clock_control/libdrivers__clock_control.a(clock_control_nrf.c.obj)
 .text.clkstarted_handle.constprop.0
                0x000000000001108c       0x4c zephyr/drivers/clock_control/libdrivers__clock_control.a(clock_control_nrf.c.obj)
 .text.generic_hfclk_start
                0x00000000000110d8       0x7c zephyr/drivers/clock_control/libdrivers__clock_control.a(clock_control_nrf.c.obj)
 .text.clock_event_handler
                0x0000000000011154       0x34 zephyr/drivers/clock_control/libdrivers__clock_control.a(clock_control_nrf.c.obj)
 .text.z_nrf_clock_control_lf_on
                0x0000000000011188       0xf4 zephyr/drivers/clock_control/libdrivers__clock_control.a(clock_control_nrf.c.obj)
                0x0000000000011188                z_nrf_clock_control_lf_on
 .text.uart_console_init
                0x000000000001127c       0x28 zephyr/drivers/console/libdrivers__console.a(uart_console.c.obj)
 .text.console_out
                0x00000000000112a4       0x28 zephyr/drivers/console/libdrivers__console.a(uart_console.c.obj)
 .text.gpio_nrfx_pin_interrupt_configure
                0x00000000000112cc      0x100 zephyr/drivers/gpio/libdrivers__gpio.a(gpio_nrfx.c.obj)
 .text.gpio_nrfx_init
                0x00000000000113cc       0x48 zephyr/drivers/gpio/libdrivers__gpio.a(gpio_nrfx.c.obj)
 .text.nrfx_gpio_handler
                0x0000000000011414       0x4c zephyr/drivers/gpio/libdrivers__gpio.a(gpio_nrfx.c.obj)
 .text.gpio_nrfx_pin_configure
                0x0000000000011460      0x188 zephyr/drivers/gpio/libdrivers__gpio.a(gpio_nrfx.c.obj)
 .text.mbox_nrf_init
                0x00000000000115e8       0x9c zephyr/drivers/mbox/libdrivers__mbox.a(mbox_nrfx_ipc.c.obj)
 .text.mbox_nrf_set_enabled
                0x0000000000011684       0x94 zephyr/drivers/mbox/libdrivers__mbox.a(mbox_nrfx_ipc.c.obj)
 .text.mbox_nrf_send
                0x0000000000011718       0x44 zephyr/drivers/mbox/libdrivers__mbox.a(mbox_nrfx_ipc.c.obj)
 .text.mbox_dispatcher
                0x000000000001175c       0x60 zephyr/drivers/mbox/libdrivers__mbox.a(mbox_nrfx_ipc.c.obj)
 .text.nrf_gpio_pin_port_decode
                0x00000000000117bc       0x24 zephyr/drivers/pinctrl/libdrivers__pinctrl.a(pinctrl_nrf.c.obj)
 .text.pinctrl_configure_pins
                0x00000000000117e0      0x1a0 zephyr/drivers/pinctrl/libdrivers__pinctrl.a(pinctrl_nrf.c.obj)
                0x00000000000117e0                pinctrl_configure_pins
 .text.nrf_gpio_pin_port_decode
                0x0000000000011980       0x24 zephyr/drivers/pwm/libdrivers__pwm.a(pwm_nrfx.c.obj)
 .text.pwm_nrfx_init0
                0x00000000000119a4       0xe4 zephyr/drivers/pwm/libdrivers__pwm.a(pwm_nrfx.c.obj)
 .text.pwm_nrfx_set_cycles
                0x0000000000011a88      0x1ac zephyr/drivers/pwm/libdrivers__pwm.a(pwm_nrfx.c.obj)
 .text.uarte_nrfx_poll_out
                0x0000000000011c34       0xb4 zephyr/drivers/serial/libdrivers__serial.a(uart_nrfx_uarte.c.obj)
 .text.uarte_0_init
                0x0000000000011ce8      0x120 zephyr/drivers/serial/libdrivers__serial.a(uart_nrfx_uarte.c.obj)
 .text.compare_int_lock
                0x0000000000011e08       0x40 zephyr/drivers/timer/libdrivers__timer.a(nrf_rtc_timer.c.obj)
 .text.sys_clock_timeout_handler
                0x0000000000011e48       0x48 zephyr/drivers/timer/libdrivers__timer.a(nrf_rtc_timer.c.obj)
 .text.compare_int_unlock
                0x0000000000011e90       0x4c zephyr/drivers/timer/libdrivers__timer.a(nrf_rtc_timer.c.obj)
 .text.z_nrf_rtc_timer_read
                0x0000000000011edc       0x44 zephyr/drivers/timer/libdrivers__timer.a(nrf_rtc_timer.c.obj)
                0x0000000000011edc                z_nrf_rtc_timer_read
 .text.compare_set
                0x0000000000011f20      0x124 zephyr/drivers/timer/libdrivers__timer.a(nrf_rtc_timer.c.obj)
 .text.sys_clock_driver_init
                0x0000000000012044       0x90 zephyr/drivers/timer/libdrivers__timer.a(nrf_rtc_timer.c.obj)
 .text.rtc_nrf_isr
                0x00000000000120d4       0xd0 zephyr/drivers/timer/libdrivers__timer.a(nrf_rtc_timer.c.obj)
                0x00000000000120d4                rtc_nrf_isr
 .text.sys_clock_set_timeout
                0x00000000000121a4       0x5c zephyr/drivers/timer/libdrivers__timer.a(nrf_rtc_timer.c.obj)
                0x00000000000121a4                sys_clock_set_timeout
 .text.sys_clock_elapsed
                0x0000000000012200       0x14 zephyr/drivers/timer/libdrivers__timer.a(nrf_rtc_timer.c.obj)
                0x0000000000012200                sys_clock_elapsed
 .text.mbedtls_platform_set_calloc_free
                0x0000000000012214       0x14 modules/nrf/subsys/nrf_security/src/zephyr/libmbedtls_zephyr.a(platform.c.obj)
                0x0000000000012214                mbedtls_platform_set_calloc_free
 .text._heap_init
                0x0000000000012228       0x10 modules/nrf/subsys/nrf_security/src/zephyr/libmbedtls_zephyr.a(mbedtls_heap.c.obj)
                0x0000000000012228                _heap_init
 .text.ns_fault_init
                0x0000000000012238       0x30 modules/nrf/modules/trusted-firmware-m/lib..__nrf__modules__trusted-firmware-m.a(fault.c.obj)
 .text.arm_fault
                0x0000000000012268      0x24c modules/nrf/modules/trusted-firmware-m/lib..__nrf__modules__trusted-firmware-m.a(fault.c.obj)
                0x0000000000012268                arm_fault
 .text.tfm_ns_fault_handler_callback
                0x00000000000124b4       0x48 modules/nrf/modules/trusted-firmware-m/lib..__nrf__modules__trusted-firmware-m.a(fault.c.obj)
                0x00000000000124b4                tfm_ns_fault_handler_callback
 .text.tfm_ns_interface_dispatch
                0x00000000000124fc       0x64 modules/trusted-firmware-m/libtfm_api.a(interface.c.obj)
                0x00000000000124fc                tfm_ns_interface_dispatch
 .text.tfm_platform_ioctl
                0x0000000000012560       0x4c modules/trusted-firmware-m/libtfm_api.a(tfm_platform_api.c.obj)
                0x0000000000012560                tfm_platform_ioctl
 .text.psa_import_key
                0x00000000000125ac       0x58 modules/trusted-firmware-m/libtfm_api.a(tfm_crypto_api.c.obj)
                0x00000000000125ac                psa_import_key
 .text.psa_mac_sign_setup
                0x0000000000012604       0x4c modules/trusted-firmware-m/libtfm_api.a(tfm_crypto_api.c.obj)
                0x0000000000012604                psa_mac_sign_setup
 .text.psa_mac_update
                0x0000000000012650       0x44 modules/trusted-firmware-m/libtfm_api.a(tfm_crypto_api.c.obj)
                0x0000000000012650                psa_mac_update
 .text.psa_mac_sign_finish
                0x0000000000012694       0x5c modules/trusted-firmware-m/libtfm_api.a(tfm_crypto_api.c.obj)
                0x0000000000012694                psa_mac_sign_finish
 .text.psa_generate_random
                0x00000000000126f0       0x48 modules/trusted-firmware-m/libtfm_api.a(tfm_crypto_api.c.obj)
                0x00000000000126f0                psa_generate_random
 .text.psa_call
                0x0000000000012738       0x34 modules/trusted-firmware-m/libtfm_api.a(tfm_tz_psa_ns_api.c.obj)
                0x0000000000012738                psa_call
 .text.nrfx_flag32_alloc
                0x000000000001276c       0x40 modules/hal_nordic/modules/hal_nordic/nrfx/libmodules__hal_nordic__nrfx.a(nrfx_flag32_allocator.c.obj)
                0x000000000001276c                nrfx_flag32_alloc
 .text.nrfx_flag32_free
                0x00000000000127ac       0x38 modules/hal_nordic/modules/hal_nordic/nrfx/libmodules__hal_nordic__nrfx.a(nrfx_flag32_allocator.c.obj)
                0x00000000000127ac                nrfx_flag32_free
 .text.nrfx_gppi_channels_enable
                0x00000000000127e4        0xc modules/hal_nordic/modules/hal_nordic/nrfx/libmodules__hal_nordic__nrfx.a(nrfx_gppi_dppi.c.obj)
                0x00000000000127e4                nrfx_gppi_channels_enable
 .text.nrfx_gppi_channel_alloc
                0x00000000000127f0        0xc modules/hal_nordic/modules/hal_nordic/nrfx/libmodules__hal_nordic__nrfx.a(nrfx_gppi_dppi.c.obj)
                0x00000000000127f0                nrfx_gppi_channel_alloc
 .text.clock_stop
                0x00000000000127fc       0xfc modules/hal_nordic/modules/hal_nordic/nrfx/libmodules__hal_nordic__nrfx.a(nrfx_clock.c.obj)
 .text.nrfx_clock_init
                0x00000000000128f8       0x20 modules/hal_nordic/modules/hal_nordic/nrfx/libmodules__hal_nordic__nrfx.a(nrfx_clock.c.obj)
                0x00000000000128f8                nrfx_clock_init
 .text.nrfx_clock_enable
                0x0000000000012918       0x30 modules/hal_nordic/modules/hal_nordic/nrfx/libmodules__hal_nordic__nrfx.a(nrfx_clock.c.obj)
                0x0000000000012918                nrfx_clock_enable
 .text.nrfx_clock_start
                0x0000000000012948       0xd8 modules/hal_nordic/modules/hal_nordic/nrfx/libmodules__hal_nordic__nrfx.a(nrfx_clock.c.obj)
                0x0000000000012948                nrfx_clock_start
 .text.nrfx_power_clock_irq_handler
                0x0000000000012a20       0x74 modules/hal_nordic/modules/hal_nordic/nrfx/libmodules__hal_nordic__nrfx.a(nrfx_clock.c.obj)
                0x0000000000012a20                nrfx_power_clock_irq_handler
 .text.nrfx_dppi_channel_alloc
                0x0000000000012a94       0x10 modules/hal_nordic/modules/hal_nordic/nrfx/libmodules__hal_nordic__nrfx.a(nrfx_dppi.c.obj)
                0x0000000000012a94                nrfx_dppi_channel_alloc
 .text.nrf_gpio_pin_port_decode
                0x0000000000012aa4       0x24 modules/hal_nordic/modules/hal_nordic/nrfx/libmodules__hal_nordic__nrfx.a(nrfx_gpiote.c.obj)
 .text.get_pin_idx
                0x0000000000012ac8       0x14 modules/hal_nordic/modules/hal_nordic/nrfx/libmodules__hal_nordic__nrfx.a(nrfx_gpiote.c.obj)
 .text.call_handler.constprop.0
                0x0000000000012adc       0x40 modules/hal_nordic/modules/hal_nordic/nrfx/libmodules__hal_nordic__nrfx.a(nrfx_gpiote.c.obj)
 .text.pin_te_get.constprop.0
                0x0000000000012b1c       0x18 modules/hal_nordic/modules/hal_nordic/nrfx/libmodules__hal_nordic__nrfx.a(nrfx_gpiote.c.obj)
 .text.pin_is_output.constprop.0
                0x0000000000012b34       0x18 modules/hal_nordic/modules/hal_nordic/nrfx/libmodules__hal_nordic__nrfx.a(nrfx_gpiote.c.obj)
 .text.pin_in_use_by_te.constprop.0
                0x0000000000012b4c       0x18 modules/hal_nordic/modules/hal_nordic/nrfx/libmodules__hal_nordic__nrfx.a(nrfx_gpiote.c.obj)
 .text.latch_pending_read_and_check
                0x0000000000012b64       0x3c modules/hal_nordic/modules/hal_nordic/nrfx/libmodules__hal_nordic__nrfx.a(nrfx_gpiote.c.obj)
 .text.release_handler.isra.0
                0x0000000000012ba0       0x58 modules/hal_nordic/modules/hal_nordic/nrfx/libmodules__hal_nordic__nrfx.a(nrfx_gpiote.c.obj)
 .text.__nrfy_internal_gpiote_events_process.constprop.0
                0x0000000000012bf8       0x5c modules/hal_nordic/modules/hal_nordic/nrfx/libmodules__hal_nordic__nrfx.a(nrfx_gpiote.c.obj)
 .text.pin_uninit
                0x0000000000012c54       0x84 modules/hal_nordic/modules/hal_nordic/nrfx/libmodules__hal_nordic__nrfx.a(nrfx_gpiote.c.obj)
 .text.nrfx_gpiote_input_configure
                0x0000000000012cd8      0x178 modules/hal_nordic/modules/hal_nordic/nrfx/libmodules__hal_nordic__nrfx.a(nrfx_gpiote.c.obj)
                0x0000000000012cd8                nrfx_gpiote_input_configure
 .text.nrfx_gpiote_output_configure
                0x0000000000012e50      0x104 modules/hal_nordic/modules/hal_nordic/nrfx/libmodules__hal_nordic__nrfx.a(nrfx_gpiote.c.obj)
                0x0000000000012e50                nrfx_gpiote_output_configure
 .text.nrfx_gpiote_global_callback_set
                0x0000000000012f54        0xc modules/hal_nordic/modules/hal_nordic/nrfx/libmodules__hal_nordic__nrfx.a(nrfx_gpiote.c.obj)
                0x0000000000012f54                nrfx_gpiote_global_callback_set
 .text.nrfx_gpiote_channel_get
                0x0000000000012f60       0x34 modules/hal_nordic/modules/hal_nordic/nrfx/libmodules__hal_nordic__nrfx.a(nrfx_gpiote.c.obj)
                0x0000000000012f60                nrfx_gpiote_channel_get
 .text.nrfx_gpiote_init
                0x0000000000012f94       0x64 modules/hal_nordic/modules/hal_nordic/nrfx/libmodules__hal_nordic__nrfx.a(nrfx_gpiote.c.obj)
                0x0000000000012f94                nrfx_gpiote_init
 .text.nrfx_gpiote_init_check
                0x0000000000012ff8       0x14 modules/hal_nordic/modules/hal_nordic/nrfx/libmodules__hal_nordic__nrfx.a(nrfx_gpiote.c.obj)
                0x0000000000012ff8                nrfx_gpiote_init_check
 .text.nrfx_gpiote_channel_free
                0x000000000001300c        0xc modules/hal_nordic/modules/hal_nordic/nrfx/libmodules__hal_nordic__nrfx.a(nrfx_gpiote.c.obj)
                0x000000000001300c                nrfx_gpiote_channel_free
 .text.nrfx_gpiote_channel_alloc
                0x0000000000013018        0xc modules/hal_nordic/modules/hal_nordic/nrfx/libmodules__hal_nordic__nrfx.a(nrfx_gpiote.c.obj)
                0x0000000000013018                nrfx_gpiote_channel_alloc
 .text.nrfx_gpiote_trigger_enable
                0x0000000000013024       0xac modules/hal_nordic/modules/hal_nordic/nrfx/libmodules__hal_nordic__nrfx.a(nrfx_gpiote.c.obj)
                0x0000000000013024                nrfx_gpiote_trigger_enable
 .text.nrfx_gpiote_1_irq_handler
                0x00000000000130d0      0x1b8 modules/hal_nordic/modules/hal_nordic/nrfx/libmodules__hal_nordic__nrfx.a(nrfx_gpiote.c.obj)
                0x00000000000130d0                nrfx_gpiote_1_irq_handler
 .text.nrfx_ipc_init
                0x0000000000013288       0x30 modules/hal_nordic/modules/hal_nordic/nrfx/libmodules__hal_nordic__nrfx.a(nrfx_ipc.c.obj)
                0x0000000000013288                nrfx_ipc_init
 .text.nrfx_ipc_config_load
                0x00000000000132b8       0x40 modules/hal_nordic/modules/hal_nordic/nrfx/libmodules__hal_nordic__nrfx.a(nrfx_ipc.c.obj)
                0x00000000000132b8                nrfx_ipc_config_load
 .text.nrfx_ipc_receive_event_enable
                0x00000000000132f8       0x10 modules/hal_nordic/modules/hal_nordic/nrfx/libmodules__hal_nordic__nrfx.a(nrfx_ipc.c.obj)
                0x00000000000132f8                nrfx_ipc_receive_event_enable
 .text.nrfx_ipc_receive_event_disable
                0x0000000000013308       0x10 modules/hal_nordic/modules/hal_nordic/nrfx/libmodules__hal_nordic__nrfx.a(nrfx_ipc.c.obj)
                0x0000000000013308                nrfx_ipc_receive_event_disable
 .text.nrfx_ipc_irq_handler
                0x0000000000013318       0x40 modules/hal_nordic/modules/hal_nordic/nrfx/libmodules__hal_nordic__nrfx.a(nrfx_ipc.c.obj)
                0x0000000000013318                nrfx_ipc_irq_handler
 .text.nrf_gpio_pin_port_decode
                0x0000000000013358       0x24 modules/hal_nordic/modules/hal_nordic/nrfx/libmodules__hal_nordic__nrfx.a(nrfx_pwm.c.obj)
 .text.pwm_stopped_check
                0x000000000001337c       0x34 modules/hal_nordic/modules/hal_nordic/nrfx/libmodules__hal_nordic__nrfx.a(nrfx_pwm.c.obj)
 .text.pwm_configure
                0x00000000000133b0       0xe4 modules/hal_nordic/modules/hal_nordic/nrfx/libmodules__hal_nordic__nrfx.a(nrfx_pwm.c.obj)
 .text.nrfx_pwm_init
                0x0000000000013494       0x4c modules/hal_nordic/modules/hal_nordic/nrfx/libmodules__hal_nordic__nrfx.a(nrfx_pwm.c.obj)
                0x0000000000013494                nrfx_pwm_init
 .text.nrfx_pwm_simple_playback
                0x00000000000134e0       0x7c modules/hal_nordic/modules/hal_nordic/nrfx/libmodules__hal_nordic__nrfx.a(nrfx_pwm.c.obj)
                0x00000000000134e0                nrfx_pwm_simple_playback
 .text.nrfx_pwm_stop
                0x000000000001355c       0x44 modules/hal_nordic/modules/hal_nordic/nrfx/libmodules__hal_nordic__nrfx.a(nrfx_pwm.c.obj)
                0x000000000001355c                nrfx_pwm_stop
 .text.nrfx_pwm_0_irq_handler
                0x00000000000135a0       0x78 modules/hal_nordic/modules/hal_nordic/nrfx/libmodules__hal_nordic__nrfx.a(nrfx_pwm.c.obj)
                0x00000000000135a0                nrfx_pwm_0_irq_handler
 .text.metal_generic_dev_open
                0x0000000000013618       0x40 modules/libmetal/libmetal/lib/libmetal.a(device.c.obj)
                0x0000000000013618                metal_generic_dev_open
 .text.metal_bus_unregister
                0x0000000000013658       0x3c modules/libmetal/libmetal/lib/libmetal.a(device.c.obj)
                0x0000000000013658                metal_bus_unregister
 .text.metal_bus_find
                0x0000000000013694       0x3c modules/libmetal/libmetal/lib/libmetal.a(device.c.obj)
                0x0000000000013694                metal_bus_find
 .text.metal_bus_register
                0x00000000000136d0       0x5c modules/libmetal/libmetal/lib/libmetal.a(device.c.obj)
                0x00000000000136d0                metal_bus_register
 .text.metal_init
                0x000000000001372c       0x4c modules/libmetal/libmetal/lib/libmetal.a(init.c.obj)
                0x000000000001372c                metal_init
 .text.metal_finish
                0x0000000000013778       0x24 modules/libmetal/libmetal/lib/libmetal.a(init.c.obj)
                0x0000000000013778                metal_finish
 .text.metal_sys_init
                0x000000000001379c       0x10 modules/libmetal/libmetal/lib/libmetal.a(init.c.obj)
                0x000000000001379c                metal_sys_init
 .text.metal_sys_finish
                0x00000000000137ac        0xc modules/libmetal/libmetal/lib/libmetal.a(init.c.obj)
                0x00000000000137ac                metal_sys_finish
 .text.metal_zephyr_log_handler
                0x00000000000137b8       0x3c modules/libmetal/libmetal/lib/libmetal.a(log.c.obj)
                0x00000000000137b8                metal_zephyr_log_handler
 .text.virtio_create_virtqueues
                0x00000000000137f4       0xbc modules/open-amp/open-amp/lib/libopen_amp.a(virtio.c.obj)
                0x00000000000137f4                virtio_create_virtqueues
 .text.virtqueue_free
                0x00000000000138b0       0x38 modules/open-amp/open-amp/lib/libopen_amp.a(virtqueue.c.obj)
                0x00000000000138b0                virtqueue_free
 .text.virtqueue_add_consumed_buffer
                0x00000000000138e8       0x38 modules/open-amp/open-amp/lib/libopen_amp.a(virtqueue.c.obj)
                0x00000000000138e8                virtqueue_add_consumed_buffer
 .text.rpmsg_send_offchannel_raw
                0x0000000000013920       0x2c modules/open-amp/open-amp/lib/libopen_amp.a(rpmsg.c.obj)
                0x0000000000013920                rpmsg_send_offchannel_raw
 .text.rpmsg_send_offchannel_nocopy
                0x000000000001394c       0x2c modules/open-amp/open-amp/lib/libopen_amp.a(rpmsg.c.obj)
                0x000000000001394c                rpmsg_send_offchannel_nocopy
 .text.rpmsg_create_ept
                0x0000000000013978      0x114 modules/open-amp/open-amp/lib/libopen_amp.a(rpmsg.c.obj)
                0x0000000000013978                rpmsg_create_ept
 .text.rpmsg_virtio_buf_held_dec_test
                0x0000000000013a8c       0x38 modules/open-amp/open-amp/lib/libopen_amp.a(rpmsg_virtio.c.obj)
 .text.rpmsg_virtio_get_tx_buffer_size
                0x0000000000013ac4       0x4c modules/open-amp/open-amp/lib/libopen_amp.a(rpmsg_virtio.c.obj)
                0x0000000000013ac4                rpmsg_virtio_get_tx_buffer_size
 .text.rpmsg_virtio_get_rx_buffer_size
                0x0000000000013b10       0x4c modules/open-amp/open-amp/lib/libopen_amp.a(rpmsg_virtio.c.obj)
                0x0000000000013b10                rpmsg_virtio_get_rx_buffer_size
 .text.rpmsg_virtio_send_offchannel_raw
                0x0000000000013b5c       0x5c modules/open-amp/open-amp/lib/libopen_amp.a(rpmsg_virtio.c.obj)
 .text.rpmsg_init_vdev_with_config
                0x0000000000013bb8      0x2a0 modules/open-amp/open-amp/lib/libopen_amp.a(rpmsg_virtio.c.obj)
                0x0000000000013bb8                rpmsg_init_vdev_with_config
 .text.rpmsg_init_vdev
                0x0000000000013e58       0x2c modules/open-amp/open-amp/lib/libopen_amp.a(rpmsg_virtio.c.obj)
                0x0000000000013e58                rpmsg_init_vdev
 .text.k_sys_fatal_error_handler
                0x0000000000013e84       0x20 zephyr/kernel/libkernel.a(fatal.c.obj)
                0x0000000000013e84                k_sys_fatal_error_handler
 .text.z_fatal_error
                0x0000000000013ea4       0xe8 zephyr/kernel/libkernel.a(fatal.c.obj)
                0x0000000000013ea4                z_fatal_error
 .text.z_sys_init_run_level
                0x0000000000013f8c       0x2c zephyr/kernel/libkernel.a(init.c.obj)
 .text.bg_thread_main
                0x0000000000013fb8       0xc4 zephyr/kernel/libkernel.a(init.c.obj)
 .text.z_bss_zero
                0x000000000001407c       0x18 zephyr/kernel/libkernel.a(init.c.obj)
                0x000000000001407c                z_bss_zero
 .text.z_init_cpu
                0x0000000000014094       0x68 zephyr/kernel/libkernel.a(init.c.obj)
                0x0000000000014094                z_init_cpu
 .text.z_cstart
                0x00000000000140fc       0xe4 zephyr/kernel/libkernel.a(init.c.obj)
                0x00000000000140fc                z_cstart
 .text.statics_init
                0x00000000000141e0       0x24 zephyr/kernel/libkernel.a(kheap.c.obj)
 .text.init_mem_slab_obj_core_list
                0x0000000000014204       0x24 zephyr/kernel/libkernel.a(mem_slab.c.obj)
 .text.k_mem_slab_alloc
                0x0000000000014228       0x5c zephyr/kernel/libkernel.a(mem_slab.c.obj)
                0x0000000000014228                k_mem_slab_alloc
 .text.z_impl_k_mutex_lock
                0x0000000000014284       0xf0 zephyr/kernel/libkernel.a(mutex.c.obj)
                0x0000000000014284                z_impl_k_mutex_lock
 .text.z_impl_k_mutex_unlock
                0x0000000000014374       0xa0 zephyr/kernel/libkernel.a(mutex.c.obj)
                0x0000000000014374                z_impl_k_mutex_unlock
 .text.z_impl_k_queue_get
                0x0000000000014414       0x64 zephyr/kernel/libkernel.a(queue.c.obj)
                0x0000000000014414                z_impl_k_queue_get
 .text.z_impl_k_sem_give
                0x0000000000014478       0x68 zephyr/kernel/libkernel.a(sem.c.obj)
                0x0000000000014478                z_impl_k_sem_give
 .text.z_impl_k_sem_take
                0x00000000000144e0       0x4c zephyr/kernel/libkernel.a(sem.c.obj)
                0x00000000000144e0                z_impl_k_sem_take
 .text.k_sys_work_q_init
                0x000000000001452c       0x34 zephyr/kernel/libkernel.a(system_work_q.c.obj)
 .text.work_queue_main
                0x0000000000014560      0x14c zephyr/kernel/libkernel.a(work.c.obj)
 .text.cancel_sync_locked
                0x00000000000146ac       0x3c zephyr/kernel/libkernel.a(work.c.obj)
 .text.submit_to_queue_locked
                0x00000000000146e8       0xb4 zephyr/kernel/libkernel.a(work.c.obj)
 .text.work_flush_locked
                0x000000000001479c       0x78 zephyr/kernel/libkernel.a(work.c.obj)
 .text.k_work_submit
                0x0000000000014814        0xc zephyr/kernel/libkernel.a(work.c.obj)
                0x0000000000014814                k_work_submit
 .text.k_work_queue_start
                0x0000000000014820       0x7c zephyr/kernel/libkernel.a(work.c.obj)
                0x0000000000014820                k_work_queue_start
 .text.k_work_queue_drain
                0x000000000001489c       0x78 zephyr/kernel/libkernel.a(work.c.obj)
                0x000000000001489c                k_work_queue_drain
 .text.k_work_schedule_for_queue
                0x0000000000014914       0x54 zephyr/kernel/libkernel.a(work.c.obj)
                0x0000000000014914                k_work_schedule_for_queue
 .text.k_work_schedule
                0x0000000000014968        0xc zephyr/kernel/libkernel.a(work.c.obj)
                0x0000000000014968                k_work_schedule
 .text.k_work_reschedule_for_queue
                0x0000000000014974       0x5c zephyr/kernel/libkernel.a(work.c.obj)
                0x0000000000014974                k_work_reschedule_for_queue
 .text.k_work_reschedule
                0x00000000000149d0        0xc zephyr/kernel/libkernel.a(work.c.obj)
                0x00000000000149d0                k_work_reschedule
 .text.z_setup_new_thread
                0x00000000000149dc       0x7c zephyr/kernel/libkernel.a(thread.c.obj)
                0x00000000000149dc                z_setup_new_thread
 .text.z_impl_k_thread_create
                0x0000000000014a58       0x58 zephyr/kernel/libkernel.a(thread.c.obj)
                0x0000000000014a58                z_impl_k_thread_create
 .text.z_swap_irqlock
                0x0000000000014ab0       0x30 zephyr/kernel/libkernel.a(sched.c.obj)
 .text.ready_thread
                0x0000000000014ae0       0x90 zephyr/kernel/libkernel.a(sched.c.obj)
 .text.unready_thread
                0x0000000000014b70       0x54 zephyr/kernel/libkernel.a(sched.c.obj)
 .text.move_thread_to_end_of_prio_q
                0x0000000000014bc4       0x90 zephyr/kernel/libkernel.a(sched.c.obj)
                0x0000000000014bc4                move_thread_to_end_of_prio_q
 .text.z_pend_curr
                0x0000000000014c54       0x58 zephyr/kernel/libkernel.a(sched.c.obj)
                0x0000000000014c54                z_pend_curr
 .text.z_thread_prio_set
                0x0000000000014cac       0x9c zephyr/kernel/libkernel.a(sched.c.obj)
                0x0000000000014cac                z_thread_prio_set
 .text.z_reschedule
                0x0000000000014d48       0x24 zephyr/kernel/libkernel.a(sched.c.obj)
                0x0000000000014d48                z_reschedule
 .text.z_reschedule_irqlock
                0x0000000000014d6c       0x28 zephyr/kernel/libkernel.a(sched.c.obj)
                0x0000000000014d6c                z_reschedule_irqlock
 .text.k_sched_lock
                0x0000000000014d94       0x28 zephyr/kernel/libkernel.a(sched.c.obj)
                0x0000000000014d94                k_sched_lock
 .text.k_sched_unlock
                0x0000000000014dbc       0x68 zephyr/kernel/libkernel.a(sched.c.obj)
                0x0000000000014dbc                k_sched_unlock
 .text.z_sched_init
                0x0000000000014e24       0x10 zephyr/kernel/libkernel.a(sched.c.obj)
                0x0000000000014e24                z_sched_init
 .text.z_impl_k_yield
                0x0000000000014e34       0x88 zephyr/kernel/libkernel.a(sched.c.obj)
                0x0000000000014e34                z_impl_k_yield
 .text.z_tick_sleep
                0x0000000000014ebc       0x80 zephyr/kernel/libkernel.a(sched.c.obj)
 .text.z_impl_k_wakeup
                0x0000000000014f3c       0x4c zephyr/kernel/libkernel.a(sched.c.obj)
                0x0000000000014f3c                z_impl_k_wakeup
 .text.z_impl_k_sched_current_thread_query
                0x0000000000014f88        0xc zephyr/kernel/libkernel.a(sched.c.obj)
                0x0000000000014f88                z_impl_k_sched_current_thread_query
 .text.z_thread_abort
                0x0000000000014f94      0x114 zephyr/kernel/libkernel.a(sched.c.obj)
                0x0000000000014f94                z_thread_abort
 .text.z_sched_wait
                0x00000000000150a8       0x24 zephyr/kernel/libkernel.a(sched.c.obj)
                0x00000000000150a8                z_sched_wait
 .text.slice_timeout
                0x00000000000150cc       0x20 zephyr/kernel/libkernel.a(timeslicing.c.obj)
 .text.thread_is_sliceable
                0x00000000000150ec       0x3c zephyr/kernel/libkernel.a(timeslicing.c.obj)
                0x00000000000150ec                thread_is_sliceable
 .text.z_reset_time_slice
                0x0000000000015128       0x50 zephyr/kernel/libkernel.a(timeslicing.c.obj)
                0x0000000000015128                z_reset_time_slice
 .text.z_time_slice
                0x0000000000015178       0x60 zephyr/kernel/libkernel.a(timeslicing.c.obj)
                0x0000000000015178                z_time_slice
 .text.z_data_copy
                0x00000000000151d8       0x38 zephyr/kernel/libkernel.a(xip.c.obj)
                0x00000000000151d8                z_data_copy
 .text.first    0x0000000000015210       0x10 zephyr/kernel/libkernel.a(timeout.c.obj)
 .text.elapsed  0x0000000000015220       0x14 zephyr/kernel/libkernel.a(timeout.c.obj)
 .text.remove_timeout
                0x0000000000015234       0x38 zephyr/kernel/libkernel.a(timeout.c.obj)
 .text.z_add_timeout
                0x000000000001526c       0xec zephyr/kernel/libkernel.a(timeout.c.obj)
                0x000000000001526c                z_add_timeout
 .text.sys_clock_announce
                0x0000000000015358       0xbc zephyr/kernel/libkernel.a(timeout.c.obj)
                0x0000000000015358                sys_clock_announce
 .text.sys_clock_tick_get
                0x0000000000015414       0x30 zephyr/kernel/libkernel.a(timeout.c.obj)
                0x0000000000015414                sys_clock_tick_get
 .text.z_timer_expiration_handler
                0x0000000000015444       0xe0 zephyr/kernel/libkernel.a(timer.c.obj)
                0x0000000000015444                z_timer_expiration_handler
 .text.z_impl_k_timer_start
                0x0000000000015524       0x74 zephyr/kernel/libkernel.a(timer.c.obj)
                0x0000000000015524                z_impl_k_timer_start
 .text.z_impl_k_poll_signal_raise
                0x0000000000015598       0x50 zephyr/kernel/libkernel.a(poll.c.obj)
                0x0000000000015598                z_impl_k_poll_signal_raise
 .text.k_aligned_alloc
                0x00000000000155e8       0x10 zephyr/kernel/libkernel.a(mempool.c.obj)
                0x00000000000155e8                k_aligned_alloc
 .text.k_thread_system_pool_assign
                0x00000000000155f8        0xc zephyr/kernel/libkernel.a(mempool.c.obj)
                0x00000000000155f8                k_thread_system_pool_assign
 .text.z_thread_aligned_alloc
                0x0000000000015604       0x30 zephyr/kernel/libkernel.a(mempool.c.obj)
                0x0000000000015604                z_thread_aligned_alloc
 .text.verify_header
                0x0000000000015634       0x40 modules/nrf/subsys/nrf_security/src/libmbedcrypto.a(memory_buffer_alloc.c.obj)
 .text.verify_chain
                0x0000000000015674       0x3c modules/nrf/subsys/nrf_security/src/libmbedcrypto.a(memory_buffer_alloc.c.obj)
 .text.buffer_alloc_calloc
                0x00000000000156b0       0xec modules/nrf/subsys/nrf_security/src/libmbedcrypto.a(memory_buffer_alloc.c.obj)
 .text.buffer_alloc_free
                0x000000000001579c       0xfc modules/nrf/subsys/nrf_security/src/libmbedcrypto.a(memory_buffer_alloc.c.obj)
 .text.mbedtls_memory_buffer_alloc_init
                0x0000000000015898       0x68 modules/nrf/subsys/nrf_security/src/libmbedcrypto.a(memory_buffer_alloc.c.obj)
                0x0000000000015898                mbedtls_memory_buffer_alloc_init
 .text.exit     0x0000000000015900       0x1c c:\ncs\toolchains\0b393f9e1b\opt\zephyr-sdk\arm-zephyr-eabi\bin\../lib/gcc/../../picolibc/arm-zephyr-eabi/lib/thumb/v8-m.main/nofp\libc.a(libc_stdlib_pico-exit.c.o)
                0x0000000000015900                exit
 .text.puts     0x000000000001591c       0x40 c:\ncs\toolchains\0b393f9e1b\opt\zephyr-sdk\arm-zephyr-eabi\bin\../lib/gcc/../../picolibc/arm-zephyr-eabi/lib/thumb/v8-m.main/nofp\libc.a(libc_tinystdio_puts.c.o)
                0x000000000001591c                puts
 .text.snprintf
                0x000000000001595c       0x58 c:\ncs\toolchains\0b393f9e1b\opt\zephyr-sdk\arm-zephyr-eabi\bin\../lib/gcc/../../picolibc/arm-zephyr-eabi/lib/thumb/v8-m.main/nofp\libc.a(libc_tinystdio_snprintf.c.o)
                0x000000000001595c                snprintf
 .text.__l_vfprintf
                0x00000000000159b4      0x4b4 c:\ncs\toolchains\0b393f9e1b\opt\zephyr-sdk\arm-zephyr-eabi\bin\../lib/gcc/../../picolibc/arm-zephyr-eabi/lib/thumb/v8-m.main/nofp\libc.a(libc_tinystdio_vflprintf.c.o)
                0x00000000000159b4                __l_vfprintf
 .text.__libc_fini_array
                0x0000000000015e68       0x2c c:\ncs\toolchains\0b393f9e1b\opt\zephyr-sdk\arm-zephyr-eabi\bin\../lib/gcc/../../picolibc/arm-zephyr-eabi/lib/thumb/v8-m.main/nofp\libc.a(libc_misc_fini.c.o)
                0x0000000000015e68                __libc_fini_array
 .text._OffsetAbsSyms
                0x0000000000015e94        0x2 zephyr/CMakeFiles/offsets.dir/./arch/arm/core/offsets/offsets.c.obj
                0x0000000000015e94                _OffsetAbsSyms
 .text.z_log_msg_simple_create_1
                0x0000000000015e96        0x4 app/libapp.a(main.c.obj)
 .text.chunk_field
                0x0000000000015e9a       0x16 zephyr/libzephyr.a(heap.c.obj)
 .text.chunk_set
                0x0000000000015eb0       0x16 zephyr/libzephyr.a(heap.c.obj)
 .text.chunk_size
                0x0000000000015ec6        0xc zephyr/libzephyr.a(heap.c.obj)
 .text.set_chunk_used
                0x0000000000015ed2       0x30 zephyr/libzephyr.a(heap.c.obj)
 .text.set_chunk_size
                0x0000000000015f02        0x8 zephyr/libzephyr.a(heap.c.obj)
 .text.mem_to_chunkid
                0x0000000000015f0a       0x14 zephyr/libzephyr.a(heap.c.obj)
 .text.bucket_idx.isra.0
                0x0000000000015f1e       0x1c zephyr/libzephyr.a(heap.c.obj)
 .text.free_list_remove_bidx
                0x0000000000015f3a       0x5c zephyr/libzephyr.a(heap.c.obj)
 .text.free_list_remove
                0x0000000000015f96       0x2e zephyr/libzephyr.a(heap.c.obj)
 .text.alloc_chunk
                0x0000000000015fc4       0x74 zephyr/libzephyr.a(heap.c.obj)
 .text.split_chunks
                0x0000000000016038       0x4e zephyr/libzephyr.a(heap.c.obj)
 .text.merge_chunks
                0x0000000000016086       0x3c zephyr/libzephyr.a(heap.c.obj)
 .text.free_list_add
                0x00000000000160c2       0x84 zephyr/libzephyr.a(heap.c.obj)
 .text.free_chunk
                0x0000000000016146       0x84 zephyr/libzephyr.a(heap.c.obj)
 .text.sys_heap_free
                0x00000000000161ca       0x24 zephyr/libzephyr.a(heap.c.obj)
                0x00000000000161ca                sys_heap_free
 .text.sys_heap_alloc
                0x00000000000161ee       0x6e zephyr/libzephyr.a(heap.c.obj)
                0x00000000000161ee                sys_heap_alloc
 .text.sys_heap_aligned_alloc
                0x000000000001625c       0xe8 zephyr/libzephyr.a(heap.c.obj)
                0x000000000001625c                sys_heap_aligned_alloc
 .text.sys_heap_init
                0x0000000000016344       0xb0 zephyr/libzephyr.a(heap.c.obj)
                0x0000000000016344                sys_heap_init
 .text.cbpprintf_external
                0x00000000000163f4       0x62 zephyr/libzephyr.a(cbprintf_packaged.c.obj)
                0x00000000000163f4                cbpprintf_external
 .text.is_ptr   0x0000000000016456       0x4a zephyr/libzephyr.a(cbprintf_packaged.c.obj)
                0x0000000000016456                is_ptr
 .text.arch_printk_char_out
                0x00000000000164a0        0x4 zephyr/libzephyr.a(printk.c.obj)
                0x00000000000164a0                arch_printk_char_out